11-04 17:48:30.799 18541 18577 D UE4     : [2018.11.04-20.48.30:799][  0]LogRHI:   GL_EXT_sRGB_write_control
11-04 17:48:30.799 18541 18577 D UE4     : [2018.11.04-20.48.30:799][  0]LogRHI:   GL_EXT_texture_norm16
11-04 17:48:30.799 18541 18577 D UE4     : [2018.11.04-20.48.30:799][  0]LogRHI:   GL_EXT_discard_framebuffer
11-04 17:48:30.799 18541 18577 D UE4     : [2018.11.04-20.48.30:799][  0]LogRHI:   GL_OES_surfaceless_context
11-04 17:48:30.800 18541 18577 D UE4     : [2018.11.04-20.48.30:800][  0]LogRHI:   GL_OVR_multiview
11-04 17:48:30.800 18541 18577 D UE4     : [2018.11.04-20.48.30:800][  0]LogRHI:   GL_OVR_multiview2
11-04 17:48:30.800 18541 18577 D UE4     : [2018.11.04-20.48.30:800][  0]LogRHI:   GL_EXT_texture_sRGB_R8
11-04 17:48:30.800 18541 18577 D UE4     : [2018.11.04-20.48.30:800][  0]LogRHI:   GL_KHR_no_error
11-04 17:48:30.800 18541 18577 D UE4     : [2018.11.04-20.48.30:800][  0]LogRHI:   GL_EXT_debug_marker
11-04 17:48:30.801 18541 18577 D UE4     : [2018.11.04-20.48.30:800][  0]LogRHI:   GL_OES_EGL_image_external_essl3
11-04 17:48:30.801 18541 18577 D UE4     : [2018.11.04-20.48.30:801][  0]LogRHI:   GL_OVR_multiview_multisampled_render_to_texture
11-04 17:48:30.801 18541 18577 D UE4     : [2018.11.04-20.48.30:801][  0]LogRHI:   GL_EXT_buffer_storage
11-04 17:48:30.801 18541 18577 D UE4     : [2018.11.04-20.48.30:801][  0]LogRHI:   GL_EXT_external_buffer
11-04 17:48:30.801 18541 18577 D UE4     : [2018.11.04-20.48.30:801][  0]LogRHI:   GL_EXT_blit_framebuffer_params
11-04 17:48:30.801 18541 18577 D UE4     : [2018.11.04-20.48.30:801][  0]LogRHI:   GL_EXT_clip_cull_distance
11-04 17:48:30.802 18541 18577 D UE4     : [2018.11.04-20.48.30:801][  0]LogRHI:   GL_EXT_shader_non_constant_global_initializers
11-04 17:48:30.802 18541 18577 D UE4     : [2018.11.04-20.48.30:802][  0]LogRHI:   GL_QCOM_texture_foveated
11-04 17:48:30.802 18541 18577 D UE4     : [2018.11.04-20.48.30:802][  0]LogRHI:   GL_QCOM_shader_framebuffer_fetch_noncoherent
11-04 17:48:30.802 18541 18577 D UE4     : [2018.11.04-20.48.30:802][  0]LogRHI:   GL_EXT_memory_object
11-04 17:48:30.802 18541 18577 D UE4     : [2018.11.04-20.48.30:802][  0]LogRHI:   GL_EXT_memory_object_fd
11-04 17:48:30.802 18541 18577 D UE4     : [2018.11.04-20.48.30:802][  0]LogRHI:   GL_EXT_EGL_image_array
11-04 17:48:30.803 18541 18577 D UE4     : [2018.11.04-20.48.30:802][  0]LogRHI:   GL_NV_shader_noperspective_interpolation
11-04 17:48:30.803 18541 18577 D UE4     : [2018.11.04-20.48.30:803][  0]LogRHI:   GL_MAX_VERTEX_ATTRIBS: 32
11-04 17:48:30.803 18541 18577 D UE4     : [2018.11.04-20.48.30:803][  0]LogRHI:   GL_MAX_VARYING_VECTORS: 31
11-04 17:48:30.803 18541 18577 D UE4     : [2018.11.04-20.48.30:803][  0]LogRHI:   GL_MAX_VERTEX_UNIFORM_VECTORS: 256
11-04 17:48:30.803 18541 18577 D UE4     : [2018.11.04-20.48.30:803][  0]LogRHI:   GL_MAX_FRAGMENT_UNIFORM_VECTORS: 256
11-04 17:48:30.803 18541 18577 D UE4     : [2018.11.04-20.48.30:803][  0]LogRHI: Fragment shader lowp precision: 10
11-04 17:48:30.804 18541 18577 D UE4     : [2018.11.04-20.48.30:804][  0]LogRHI: Fragment shader mediump precision: 10
11-04 17:48:30.804 18541 18577 D UE4     : [2018.11.04-20.48.30:804][  0]LogRHI: Fragment shader highp precision: 23
11-04 17:48:30.804 18541 18577 D UE4     : [2018.11.04-20.48.30:804][  0]LogRHI: Support for 4x MSAA detected
11-04 17:48:30.804 18541 18577 D UE4     : [2018.11.04-20.48.30:804][  0]LogRHI: Image external enabled: ImageExternalESSL300
11-04 17:48:30.804 18541 18577 D UE4     : [2018.11.04-20.48.30:804][  0]LogRHI: Device supports mobile multi-view.
11-04 17:48:30.804 18541 18577 D UE4     : [2018.11.04-20.48.30:804][  0]LogRHI:   GL_MAX_TEXTURE_SIZE: 16384
11-04 17:48:30.805 18541 18577 D UE4     : [2018.11.04-20.48.30:805][  0]LogRHI:   GL_MAX_CUBE_MAP_TEXTURE_SIZE: 16384
11-04 17:48:30.805 18541 18577 D UE4     : [2018.11.04-20.48.30:805][  0]LogRHI:   GL_MAX_ARRAY_TEXTURE_LAYERS: 2048
11-04 17:48:30.805 18541 18577 D UE4     : [2018.11.04-20.48.30:805][  0]LogRHI:   GL_MAX_RENDERBUFFER_SIZE: 16384
11-04 17:48:30.805 18541 18577 D UE4     : [2018.11.04-20.48.30:805][  0]LogRHI:   GL_MAX_TEXTURE_IMAGE_UNITS: 16
11-04 17:48:30.805 18541 18577 D UE4     : [2018.11.04-20.48.30:805][  0]LogRHI:   GL_MAX_DRAW_BUFFERS: 8
11-04 17:48:30.805 18541 18577 D UE4     : [2018.11.04-20.48.30:805][  0]LogRHI:   GL_MAX_COLOR_ATTACHMENTS: 1
11-04 17:48:30.806 18541 18577 D UE4     : [2018.11.04-20.48.30:806][  0]LogRHI:   GL_MAX_SAMPLES: 1
11-04 17:48:30.806 18541 18577 D UE4     : [2018.11.04-20.48.30:806][  0]LogRHI:   GL_MAX_COLOR_TEXTURE_SAMPLES: 1
11-04 17:48:30.806 18541 18577 D UE4     : [2018.11.04-20.48.30:806][  0]LogRHI:   GL_MAX_DEPTH_TEXTURE_SAMPLES: 1
11-04 17:48:30.806 18541 18577 D UE4     : [2018.11.04-20.48.30:806][  0]LogRHI:   GL_MAX_INTEGER_SAMPLES: 1
11-04 17:48:30.806 18541 18577 D UE4     : [2018.11.04-20.48.30:806][  0]LogRHI:   GL_MAX_COMBINED_TEXTURE_IMAGE_UNITS: 96
11-04 17:48:30.806 18541 18577 D UE4     : [2018.11.04-20.48.30:806][  0]LogRHI:   GL_MAX_VERTEX_ATTRIBS: 32
11-04 17:48:30.807 18541 18577 D UE4     : [2018.11.04-20.48.30:807][  0]LogRHI:   GL_MAX_TEXTURE_MAX_ANISOTROPY_EXT: 16
11-04 17:48:30.807 18541 18577 D UE4     : [2018.11.04-20.48.30:807][  0]LogRHI: OpenGL MajorVersion = 2, MinorVersion = 0, ShaderPlatform = GLSL_ES2, FeatureLevel = ES2
11-04 17:48:30.807 18541 18577 D UE4     : [2018.11.04-20.48.30:807][  0]LogRHI: PLATFORM_ANDROID
11-04 17:48:30.807 18541 18577 D UE4     : [2018.11.04-20.48.30:807][  0]LogRHI: Display: Testing for shader compiler compatibility
11-04 17:48:30.807 18541 18577 D UE4     : [2018.11.04-20.48.30:807][  0]LogRHI: Display: Shaders compile fine no need to enable hacks
11-04 17:48:30.807 18541 18577 D UE4     : [2018.11.04-20.48.30:807][  0]LogRHI: Display: Testing for round() function availability
11-04 17:48:30.808 18541 18577 D UE4     : [2018.11.04-20.48.30:808][  0]LogRHI: Warning: Disabling the need for the round() function hack
11-04 17:48:30.808 18541 18577 D UE4     : [2018.11.04-20.48.30:808][  0]LogMaterial: Verifying Global Shaders for GLSL_ES2
11-04 17:48:30.808 18541 18577 D UE4     : [2018.11.04-20.48.30:808][  0]LogSlate: Using Freetype 2.4.12
11-04 17:48:30.808 18541 18577 D UE4     : [2018.11.04-20.48.30:808][  0]LogSlate: SlateFontCache - WITH_FREETYPE: 1, WITH_HARFBUZZ: 1
11-04 17:48:30.808 18541 18577 D UE4     : [2018.11.04-20.48.30:808][  0]LogSlate: SlateFontCache - WITH_FREETYPE: 1, WITH_HARFBUZZ: 1
11-04 17:48:30.808 18541 18577 D UE4     : [2018.11.04-20.48.30:808][  0]LogAssetRegistry: FAssetRegistry took 0.1150 seconds to start up
11-04 17:48:30.808 18541 18577 D UE4     : [2018.11.04-20.48.30:808][  0]LogPackageLocalizationCache: Processed 10 localized package path(s) for 1 prioritized culture(s) in 0.067651 seconds
11-04 17:48:30.809 18541 18577 D UE4     : [2018.11.04-20.48.30:809][  0]LogNetVersion: guia_ra , NetCL: 3944462, EngineNetVer: 2, GameNetVer: 0 (Checksum: 1615601616)
11-04 17:48:30.809 18541 18577 D UE4     : [2018.11.04-20.48.30:809][  0]LogMoviePlayer: Initializing movie player
11-04 17:48:30.922 18541 18577 D UE4     : LogAndroid: Display: Passed PreInit()
11-04 17:48:30.922 18541 18577 D UE4     : 
11-04 17:48:30.922 18541 18577 D UE4     : [2018.11.04-20.48.30:922][  0]LogTcpMessaging: Initializing TcpMessaging bridge, listening on 127.0.0.1:6666
11-04 17:48:30.922 18541 18577 D UE4     : [2018.11.04-20.48.30:922][  0]LogUdpMessaging: Initializing bridge on interface 0.0.0.0:0 to multicast group 230.0.0.1:6666.
11-04 17:48:30.922 18541 18577 D UE4     : [2018.11.04-20.48.30:922][  0]LogAndroidPermission: UAndroidPermissionCallbackProxy::GetInstance
11-04 17:48:30.922 18541 18577 D UE4     : [2018.11.04-20.48.30:922][  0]LogOcInput: OculusInput pre-init called
11-04 17:48:30.922 18541 18577 D UE4     : [2018.11.04-20.48.30:922][  0]LogUObjectArray: 32164 objects as part of root set at end of initial load.
11-04 17:48:30.922 18541 18577 D UE4     : [2018.11.04-20.48.30:922][  0]LogUObjectAllocator: 4301112 out of 0 bytes used by permanent object pool.
11-04 17:48:30.923 18541 18577 D UE4     : [2018.11.04-20.48.30:923][  0]LogUObjectArray: CloseDisregardForGC: 0/0 objects in disregard for GC pool
11-04 17:48:30.923 18541 18577 D UE4     : [2018.11.04-20.48.30:923][  0]LogAndroid: Display: Passed PreInit()
11-04 17:48:30.923 18541 18577 D UE4     : [2018.11.04-20.48.30:923][  0]LogEngine: Initializing Engine...
11-04 17:48:30.924 18541 18577 D UE4     : [2018.11.04-20.48.30:924][  0]LogGoogleARCoreTrackingSystem: Creating GoogleARCore Tracking System.
11-04 17:48:30.934 18541 18577 D UE4     : [2018.11.04-20.48.30:933][  0]LogStats: UGameplayTagsManager::ConstructGameplayTagTree: Construct from data asset -  0.000 s
11-04 17:48:30.934 18541 18577 D UE4     : [2018.11.04-20.48.30:934][  0]LogStats: UGameplayTagsManager::ConstructGameplayTagTree: GameplayTagTreeChangedEvent.Broadcast -  0.000 s
11-04 17:48:31.072 18541 18577 D UE4     : LogAndroidAudio: Warning: SL Entered Init HW
11-04 17:48:31.072 18541 18577 D UE4     : 
11-04 17:48:31.073 18541 18577 D UE4     : [2018.11.04-20.48.31:072][  0]LogAndroidAudio: Warning: SL Entered Init HW
11-04 17:48:31.073 18541 18577 D UE4     : LogAndroidAudio: Warning: OpenSLES Initializing HW
11-04 17:48:31.073 18541 18577 D UE4     : 
11-04 17:48:31.073 18541 18577 D UE4     : [2018.11.04-20.48.31:073][  0]LogAndroidAudio: Warning: OpenSLES Initializing HW
11-04 17:48:31.076 18541 18577 D UE4     : LogAndroidAudio: Warning: OpenSLES Initialized
11-04 17:48:31.076 18541 18577 D UE4     : 
11-04 17:48:31.076 18541 18577 D UE4     : [2018.11.04-20.48.31:076][  0]LogAndroidAudio: Warning: OpenSLES Initialized
11-04 17:48:31.076 18541 18577 D UE4     : LogAndroidAudio: Warning: OpenSLAudioDevice: Allocated 12 sources
11-04 17:48:31.076 18541 18577 D UE4     : 
11-04 17:48:31.077 18541 18577 D UE4     : [2018.11.04-20.48.31:076][  0]LogAndroidAudio: Warning: OpenSLAudioDevice: Allocated 12 sources
11-04 17:48:31.077 18541 18577 D UE4     : [2018.11.04-20.48.31:077][  0]LogInit: FAudioDevice initialized.
11-04 17:48:31.079 18541 18577 D UE4     : LogAudio: Warning: Can't increase channels past starting number!
11-04 17:48:31.079 18541 18577 D UE4     : 
11-04 17:48:31.079 18541 18577 D UE4     : [2018.11.04-20.48.31:079][  0]LogAudio: Warning: Can't increase channels past starting number!
11-04 17:48:31.081 18541 18577 D UE4     : [2018.11.04-20.48.31:081][  0]LogInit: Texture streaming: Enabled
11-04 17:48:31.081 18541 18577 D UE4     : LogOnline: Warning: FOnlineSubsystemGooglePlayModule was disabled
11-04 17:48:31.081 18541 18577 D UE4     : 
11-04 17:48:31.082 18541 18577 D UE4     : [2018.11.04-20.48.31:081][  0]LogOnline: Warning: FOnlineSubsystemGooglePlayModule was disabled
11-04 17:48:31.429 18541 18577 D UE4     : LogAudio: Warning: Can't increase channels past starting number!
11-04 17:48:31.430 18541 18577 D UE4     : 
11-04 17:48:31.430 18541 18577 D UE4     : [2018.11.04-20.48.31:430][  0]LogAudio: Warning: Can't increase channels past starting number!
11-04 17:48:31.441 18541 18577 D UE4     : LogInit: Display: Game Engine Initialized.
11-04 17:48:31.441 18541 18577 D UE4     : 
11-04 17:48:31.441 18541 18577 D UE4     : [2018.11.04-20.48.31:441][  0]LogInit: Display: Game Engine Initialized.
11-04 17:48:31.441 18541 18577 D UE4     : LogGameplayTags: Display: UGameplayTagsManager::DoneAddingNativeTags. DelegateIsBound: 0
11-04 17:48:31.441 18541 18577 D UE4     : 
11-04 17:48:31.441 18541 18577 D UE4     : [2018.11.04-20.48.31:441][  0]LogGameplayTags: Display: UGameplayTagsManager::DoneAddingNativeTags. DelegateIsBound: 0
11-04 17:48:31.441 18541 18577 D UE4     : [2018.11.04-20.48.31:441][  0]LogStats: UGameplayTagsManager::ConstructGameplayTagTree: Construct from data asset -  0.000 s
11-04 17:48:31.441 18541 18577 D UE4     : [2018.11.04-20.48.31:441][  0]LogStats: UGameplayTagsManager::ConstructGameplayTagTree: GameplayTagTreeChangedEvent.Broadcast -  0.000 s
11-04 17:48:31.537 18541 18577 D UE4     : LogInit: Display: Starting Game.
11-04 17:48:31.538 18541 18577 D UE4     : 
11-04 17:48:31.538 18541 18577 D UE4     : [2018.11.04-20.48.31:538][  0]LogInit: Display: Starting Game.
11-04 17:48:31.538 18541 18577 D UE4     : [2018.11.04-20.48.31:538][  0]LogNet: Browse: /Game/HandheldARBP/Maps/HandheldARBlankMap?Name=Player
11-04 17:48:31.539 18541 18577 D UE4     : [2018.11.04-20.48.31:539][  0]LogLoad: LoadMap: /Game/HandheldARBP/Maps/HandheldARBlankMap?Name=Player
11-04 17:48:31.800 18541 18577 D UE4     : [2018.11.04-20.48.31:800][  0]LogAIModule: Creating AISystem for world HandheldARBlankMap
11-04 17:48:31.889 18541 18577 D UE4     : [2018.11.04-20.48.31:889][  0]LogLoad: Game class is 'BP_ARGameMode_C'
11-04 17:48:31.894 18541 18577 D UE4     : [2018.11.04-20.48.31:894][  0]LogWorld: Bringing World /Game/HandheldARBP/Maps/HandheldARBlankMap.HandheldARBlankMap up for play (max tick rate 0) at 2018.11.04-17.48.31
11-04 17:48:31.895 18541 18577 D UE4     : [2018.11.04-20.48.31:895][  0]LogWorld: Bringing up level for play took: 0.002063
11-04 17:48:31.895 18541 18577 D UE4     : LogOnline: Warning: FOnlineSubsystemGooglePlayModule was disabled
11-04 17:48:31.895 18541 18577 D UE4     : 
11-04 17:48:31.895 18541 18577 D UE4     : [2018.11.04-20.48.31:895][  0]LogOnline: Warning: FOnlineSubsystemGooglePlayModule was disabled
11-04 17:48:31.897 18541 18577 D UE4     : [2018.11.04-20.48.31:897][  0]LogGameMode: FindPlayerStart: PATHS NOT DEFINED or NO PLAYERSTART with positive rating
11-04 17:48:31.902 18541 18577 D UE4     : LogUMG: Display: Widget Class BP_MainMenu_C - Loaded Fast Template.
11-04 17:48:31.902 18541 18577 D UE4     : 
11-04 17:48:31.902 18541 18577 D UE4     : [2018.11.04-20.48.31:902][  0]LogUMG: Display: Widget Class BP_MainMenu_C - Loaded Fast Template.
11-04 17:48:31.906 18541 18577 D UE4     : LogUMG: Display: Widget Class BP_DebugMenu_C - Loaded Fast Template.
11-04 17:48:31.906 18541 18577 D UE4     : 
11-04 17:48:31.906 18541 18577 D UE4     : [2018.11.04-20.48.31:906][  0]LogUMG: Display: Widget Class BP_DebugMenu_C - Loaded Fast Template.
11-04 17:48:31.910 18541 18577 D UE4     : PIE: Warning: The widget 'BP_DebugMenu_C' was already added to the screen.
11-04 17:48:31.910 18541 18577 D UE4     : 
11-04 17:48:31.910 18541 18577 D UE4     : [2018.11.04-20.48.31:910][  0]PIE: Warning: The widget 'BP_DebugMenu_C' was already added to the screen.
11-04 17:48:31.911 18541 18577 D UE4     : [2018.11.04-20.48.31:911][  0]LogLoad: Took 0.372164 seconds to LoadMap(/Game/HandheldARBP/Maps/HandheldARBlankMap)
11-04 17:48:31.916 18541 18577 D UE4     : [2018.11.04-20.48.31:916][  0]LogSlate: Took 0.003392 seconds to synchronously load lazily loaded font '../../../Engine/Content/EngineFonts/Faces/RobotoBold.ufont' (160K)
11-04 17:48:31.930 18541 19783 D UE4     : *** JavaEnvDestructor: 19783
11-04 17:48:31.934 18541 19782 D UE4     : AndroidEGL::ResetDisplay()
11-04 17:48:31.944 18541 19782 D UE4     : *** JavaEnvDestructor: 19782
11-04 17:48:31.954 18541 18577 D UE4     : [2018.11.04-20.48.31:954][  0]LogAndroid: Passed GEngineLoop.Init()
11-04 17:48:31.955 18541 18577 D UE4     : LogModuleManager: Warning: ModuleManager: Module 'FunctionalTesting' not found - its StaticallyLinkedModuleInitializers function is null.
11-04 17:48:31.955 18541 18577 D UE4     : 
11-04 17:48:31.955 18541 18577 D UE4     : [2018.11.04-20.48.31:955][  0]LogModuleManager: Warning: ModuleManager: Module 'FunctionalTesting' not found - its StaticallyLinkedModuleInitializers function is null.
11-04 17:48:31.964 18541 18577 D UE4     : LogAndroidEvents: Display: DequeueAppEvent : 9, 0
11-04 17:48:31.964 18541 18577 D UE4     : 
11-04 17:48:31.964 18541 18577 D UE4     : [2018.11.04-20.48.31:964][  0]LogRenderer: Reallocating scene render targets to support 680x1280 Format 10 NumSamples 1 (Frame:1).
11-04 17:48:31.964 18541 18577 D UE4     : [2018.11.04-20.48.31:964][  0]LogAndroidEvents: Display: DequeueAppEvent : 9, 0
11-04 17:48:31.964 18541 18577 D UE4     : LogAndroidEvents: Display: DequeueAppEvent : 7, 0
11-04 17:48:31.964 18541 18577 D UE4     : 
11-04 17:48:31.965 18541 18577 D UE4     : [2018.11.04-20.48.31:964][  0]LogAndroidEvents: Display: DequeueAppEvent : 7, 0
11-04 17:48:31.965 18541 18577 D UE4     : LogAndroidEvents: Display: DequeueAppEvent : 6, 0
11-04 17:48:31.965 18541 18577 D UE4     : 
11-04 17:48:31.965 18541 18577 D UE4     : [2018.11.04-20.48.31:965][  0]LogAndroidEvents: Display: DequeueAppEvent : 6, 0
11-04 17:48:31.965 18541 18577 D UE4     : LogAndroidEvents: Display: DequeueAppEvent : 12, 0
11-04 17:48:31.965 18541 18577 D UE4     : 
11-04 17:48:31.965 18541 18577 D UE4     : [2018.11.04-20.48.31:965][  0]LogAndroidEvents: Display: DequeueAppEvent : 12, 0
11-04 17:48:31.965 18541 18577 D UE4     : LogAndroidEvents: Display: DequeueAppEvent : 8, 0
11-04 17:48:31.965 18541 18577 D UE4     : 
11-04 17:48:31.965 18541 18577 D UE4     : [2018.11.04-20.48.31:965][  0]LogAndroidEvents: Display: DequeueAppEvent : 8, 0
11-04 17:48:31.966 18541 18577 D UE4     : LogAndroidEvents: Display: DequeueAppEvent : 9, 0
11-04 17:48:31.966 18541 18577 D UE4     : 
11-04 17:48:31.966 18541 18577 D UE4     : [2018.11.04-20.48.31:966][  0]LogAndroidEvents: Display: DequeueAppEvent : 9, 0
11-04 17:48:31.966 18541 18577 D UE4     : LogAndroidEvents: Display: DequeueAppEvent : 7, 0
11-04 17:48:31.966 18541 18577 D UE4     : 
11-04 17:48:31.966 18541 18577 D UE4     : [2018.11.04-20.48.31:966][  0]LogAndroidEvents: Display: DequeueAppEvent : 7, 0
11-04 17:48:31.966 18541 18577 D UE4     : LogAndroidEvents: Display: DequeueAppEvent : 6, 0
11-04 17:48:31.966 18541 18577 D UE4     : 
11-04 17:48:31.967 18541 18577 D UE4     : [2018.11.04-20.48.31:966][  0]LogAndroidEvents: Display: DequeueAppEvent : 6, 0
11-04 17:48:31.967 18541 18577 D UE4     : LogAndroidEvents: Display: DequeueAppEvent : 12, 0
11-04 17:48:31.967 18541 18577 D UE4     : 
11-04 17:48:31.967 18541 18577 D UE4     : [2018.11.04-20.48.31:967][  0]LogAndroidEvents: Display: DequeueAppEvent : 12, 0
11-04 17:48:31.967 18541 18577 D UE4     : LogAndroidEvents: Display: DequeueAppEvent : 8, 0
11-04 17:48:31.967 18541 18577 D UE4     : 
11-04 17:48:31.967 18541 18577 D UE4     : [2018.11.04-20.48.31:967][  0]LogAndroidEvents: Display: DequeueAppEvent : 8, 0
11-04 17:48:31.967 18541 18577 D UE4     : LogAndroidEvents: Display: DequeueAppEvent : 9, 0
11-04 17:48:31.967 18541 18577 D UE4     : 
11-04 17:48:31.967 18541 18577 D UE4     : [2018.11.04-20.48.31:967][  0]LogAndroidEvents: Display: DequeueAppEvent : 9, 0
11-04 17:48:31.967 18541 18577 D UE4     : LogAndroidEvents: Display: DequeueAppEvent : 7, 0
11-04 17:48:31.967 18541 18577 D UE4     : 
11-04 17:48:31.968 18541 18577 D UE4     : [2018.11.04-20.48.31:968][  0]LogAndroidEvents: Display: DequeueAppEvent : 7, 0
11-04 17:48:31.968 18541 18577 D UE4     : LogAndroidEvents: Display: DequeueAppEvent : 0, 2535780360
11-04 17:48:31.968 18541 18577 D UE4     : 
11-04 17:48:31.968 18541 18577 D UE4     : [2018.11.04-20.48.31:968][  0]LogAndroidEvents: Display: DequeueAppEvent : 0, 2535780360
11-04 17:48:31.968 18541 18577 D UE4     : APP_EVENT_STATE_WINDOW_CREATED, 0, 0, 1
11-04 17:48:31.968 18541 18577 D UE4     : LogAndroidEvents: Display: ExecWindowCreated
11-04 17:48:31.968 18541 18577 D UE4     : 
11-04 17:48:31.968 18541 18577 D UE4     : [2018.11.04-20.48.31:968][  0]LogAndroidEvents: Display: ExecWindowCreated
11-04 17:48:31.968 18541 18577 D UE4     : AndroidEGL::ReInitWindow()
11-04 17:48:31.968 18541 18577 D UE4     : AndroidEGL::ReInit()
11-04 17:48:31.968 18541 18577 D UE4     : AndroidEGL::ResetDisplay()
11-04 17:48:31.969 18541 18577 D UE4     : AndroidEGL::InitSurface 0, 1
11-04 17:48:31.969 18541 18577 D UE4     : AndroidEGL::CreateEGLSurface() Already initialized: 0x8e0f0c00
11-04 17:48:31.969 18541 18577 D UE4     : ExecWindowCreated, 0, 1, 1
11-04 17:48:31.969 18541 18577 D UE4     : [2018.11.04-20.48.31:969][  0]LogTemp: Android resume audio
11-04 17:48:31.973 18541 18578 D UE4     : LogAndroidEvents: EnqueueAppEvent : 11, 0, tid = 18578
11-04 17:48:31.975 18541 18577 D UE4     : Registering volume receiver
11-04 17:48:31.981 18541 18577 D UE4     : startVolumeReceiver: 4
11-04 17:48:31.981 18541 18577 D UE4     : nativeVolumeEvent(4)
11-04 17:48:31.981 18541 18577 D UE4     : Registering battery receiver
11-04 17:48:31.985 18541 18577 D UE4     : Registering headset receiver
11-04 17:48:31.988 18541 18577 D UE4     : startHeadsetReceiver: 0
11-04 17:48:31.989 18541 18577 D UE4     : nativeHeadsetEvent(0)
11-04 17:48:31.993 18541 18541 D UE4     : Battery: status = 2, rawlevel = 71, scale = 100
11-04 17:48:31.993 18541 18541 D UE4     : nativeBatteryEvent(stat = 2, lvl = 71  temp = 28.00 �C)
11-04 17:48:32.069 18541 19791 D UE4     : *** JavaEnvDestructor: 19791
11-04 17:48:32.094   594   892 I SFPerfTracer:      triggers: (rate: 0:0) (200874 sw vsyncs) (0 skipped) (0:100751 vsyncs) (2:312306)
11-04 17:48:32.135  2753  4574 V LocSvc_HIDL_Subscription_jni: screen_status_update
11-04 17:48:32.135  2753  4574 V LocSvc_HIDL_Subscription_jni: [screen_status_update][485] [HC] =>> [HS]
11-04 17:48:32.135  2396  2396 V LocSvc_HIDL_IzatSubscription: [screenStatusUpdate][552] [HS] <<<<= [HC]
11-04 17:48:32.136  2753  4574 V LocSvc_HIDL_Subscription_jni: Exit Result 0
11-04 17:48:32.157  4283  4283 I HwDetectorWithState: #performNextHotwordAction action: 0
11-04 17:48:32.172  2334  4024 V msm8974_platform: platform_check_input_mask: enter check_input_mask source 6 mask 10
11-04 17:48:32.176  2379 19813 I AudioFlinger: AudioFlinger's thread 0xad6831c0 tid=19813 ready to run
11-04 17:48:32.197  2334  4024 D audio_hw_primary: in_set_parameters: enter: kvpairs=input_source=6;routing=-2147483644
11-04 17:48:32.205  2379  3526 D APM_AudioPolicyManager: AudioPolicyManager::startInput() input 246, session 529, source = 1999
11-04 17:48:32.206  2334 19815 V msm8974_platform: platform_update_usecase_from_source: input source :6
11-04 17:48:32.207  2334 19815 V msm8974_platform: platform_check_input_mask: enter check_input_mask source 6 mask 10
11-04 17:48:32.207  2334 19815 V msm8974_platform: platform_get_input_snd_device: enter: out_device(0) in_device(0x4) channel_count (1) channel_mask (0x10)
11-04 17:48:32.207  2334 19815 V msm8974_platform: platform_set_echo_reference: diabling echo-reference
11-04 17:48:32.210  2334 19815 V msm8974_platform: platform_set_echo_reference: enabling echo-reference
11-04 17:48:32.210  2334 19815 V msm8974_platform: platform_get_input_snd_device: exit: in_snd_device(voice-rec-dmic-ef-fluence)
11-04 17:48:32.210  2334 19815 V msm8974_platform: platform_get_backend_index:napb: backend port - 5 device - 122 
11-04 17:48:32.210  2334 19815 V msm8974_platform: platform_check_and_set_capture_backend_cfg:txbecf: afe: bitwidth 0, samplerate 0, channel 1, backend_idx 5 usecase = 9 device (voice-rec-dmic-ef-fluence)
11-04 17:48:32.210  2334 19815 V msm8974_platform: platform_check_capture_backend_cfg:txbecf: afe: Codec selected backend: 5 current bit width: 0 and sample rate: 0, channels 1
11-04 17:48:32.210  2334 19815 V msm8974_platform: platform_check_capture_backend_cfg:txbecf: afe: Codec selected backend: 5 updated bit width: 0 and sample rate: 0
11-04 17:48:32.210  2334 19815 I msm8974_platform: platform_check_capture_backend_cfg:txbecf: afe: Codec backend needs to be updated. new bit width: 0 new sample rate: 0 new channel: 1
11-04 17:48:32.210  2334 19815 V msm8974_platform: platform_get_backend_index:napb: backend port - 5 device - 122 
11-04 17:48:32.210  2334 19815 V msm8974_platform: platform_set_backend_cfg:becf: afe: bitwidth 0, samplerate 0 channels 1, backend_idx 5 device (voice-rec-dmic-ef-fluence)
11-04 17:48:32.211  2334 19815 E msm8974_platform: platform_set_backend_cfg:becf: afe: Could not get ctl for mixer command - SLIM_0_TX Format
11-04 17:48:32.211  2334 19815 V msm8974_platform: platform_send_audio_calibration: sending audio calibration for snd_device(122) acdb_id(35)
11-04 17:48:32.212  2334 19815 D ACDB-LOADER: ACDB -> send_audio_cal, acdb_id = 35, path = 1, app id = 0x11130, sample rate = 48000
11-04 17:48:32.212  2334 19815 D ACDB-LOADER: ACDB -> send_asm_topology
11-04 17:48:32.213  2334 19815 D ACDB-LOADER: ACDB -> ACDB_CMD_GET_AUDPROC_STREAM_TOPOLOGY_ID
11-04 17:48:32.215  2334 19815 D ACDB-LOADER: ACDB -> send_adm_topology
11-04 17:48:32.215  2334 19815 D ACDB-LOADER: ACDB -> ACDB_CMD_GET_AUDPROC_COMMON_TOPOLOGY_ID
11-04 17:48:32.215  2334 19815 D ACDB-LOADER: ACDB -> send_audtable
11-04 17:48:32.215  2334 19815 D ACDB-LOADER: ACDB -> ACDB_CMD_GET_AUDPROC_COMMON_TABLE_SIZE
11-04 17:48:32.215  2334 19815 D ACDB-LOADER: ACDB -> ACDB_CMD_GET_AUDPROC_COMMON_TABLE
11-04 17:48:32.215  2334 19815 D ACDB-LOADER: ACDB -> AUDIO_SET_AUDPROC_CAL
11-04 17:48:32.215  2334 19815 D ACDB-LOADER: ACDB -> send_audvoltable
11-04 17:48:32.215  2334 19815 D ACDB-LOADER: ACDB -> ACDB_CMD_GET_AUDPROC_VOL_STEP_TABLE_SIZE
11-04 17:48:32.215  2334 19815 D ACDB-LOADER: ACDB -> ACDB_CMD_GET_AUDPROC_GAIN_DEP_STEP_TABLE, vol index 0
11-04 17:48:32.215  2334 19815 D         : Failed to fetch the lookup information of the device 00000023 
11-04 17:48:32.215  2334 19815 D ACDB-LOADER: ACDB -> AUDIO_SET_VOL_CAL cal type = 12
11-04 17:48:32.215  2334 19815 D ACDB-LOADER: ACDB -> ACDB_CMD_GET_AUDPROC_STREAM_TABLE_SIZE
11-04 17:48:32.215  2334 19815 D ACDB-LOADER: ACDB -> send_audstrmtable
11-04 17:48:32.215  2334 19815 D ACDB-LOADER: ACDB -> ACDB_CMD_GET_AUDPROC_STREAM_TABLE_V2
11-04 17:48:32.215  2334 19815 D ACDB-LOADER: ACDB -> audstrm_cal->cal_type.cal_data.cal_size = 456
11-04 17:48:32.215  2334 19815 D ACDB-LOADER: ACDB -> send_afe_topology
11-04 17:48:32.215  2334 19815 D ACDB-LOADER: ACDB -> ACDB_CMD_GET_AFE_TOPOLOGY_ID
11-04 17:48:32.215  2334 19815 D ACDB-LOADER: ACDB -> GET_AFE_TOPOLOGY_ID for adcd_id 35, Topology Id 112fb
11-04 17:48:32.215  2334 19815 D ACDB-LOADER: ACDB -> send_afe_cal
11-04 17:48:32.215  2334 19815 D ACDB-LOADER: ACDB -> ACDB_CMD_GET_AFE_COMMON_TABLE_SIZE
11-04 17:48:32.215  2334 19815 D         : Failed to fetch the lookup information of the device 00000023 
11-04 17:48:32.215  2334 19815 E ACDB-LOADER: Error: ACDB_CMD_GET_AFE_COMMON_TABLE_SIZE Returned = -19
11-04 17:48:32.215  2334 19815 D ACDB-LOADER: ACDB -> ACDB_CMD_GET_AFE_COMMON_TABLE
11-04 17:48:32.215  2334 19815 D         : Failed to fetch the lookup information of the device 00000023 
11-04 17:48:32.215  2334 19815 D ACDB-LOADER: ACDB -> AUDIO_SET_AFE_CAL
11-04 17:48:32.215  2334 19815 D ACDB-LOADER: ACDB -> send_hw_delay : acdb_id = 35 path = 1
11-04 17:48:32.215  2334 19815 D ACDB-LOADER: ACDB -> ACDB_AVSYNC_INFO: ACDB_CMD_GET_DEVICE_PROPERTY
11-04 17:48:32.215  2334 19815 D audio_hw_primary: enable_snd_device: snd_device(122: voice-rec-dmic-ef-fluence)
11-04 17:48:32.218  2334 19815 D audio_hw_primary: enable_audio_route: usecase(9) apply and update mixer path: audio-record
11-04 17:48:32.219  2334 19815 V msm8974_platform: platform_get_backend_index:napb: backend port - 5 device - 122 
11-04 17:48:32.219  2334 19815 I audio_hw_utils: Set Audio Stream Capture 0 App Type Cfg: app_type 69936 (DEFAULT), acdb_dev_id 35, sample_rate 48000
11-04 17:48:32.231  4283 19817 I HotwordRecognitionRnr: Starting hotword detection.
11-04 17:48:32.271  6606  6606 I WeatherApp: Receiver action: android.intent.action.SCREEN_ON
11-04 17:48:32.285  6606 15247 I WeatherApp: is force update = false
11-04 17:48:32.285  6606 15247 I WeatherApp: No location provider available.
11-04 17:48:32.287  6606 15247 I WeatherApp: Current city info is old.
11-04 17:48:32.870 18541 19789 D UE4     : *** JavaEnvDestructor: 19789
11-04 17:48:32.871 18541 19790 D UE4     : *** JavaEnvDestructor: 19790
11-04 17:48:32.871 18541 19788 D UE4     : *** JavaEnvDestructor: 19788
11-04 17:48:32.973 18541 18577 D UE4     : [2018.11.04-20.48.32:973][  0]LogAndroid: Case APP_CMD_GAINED_FOCUS
11-04 17:48:32.973 18541 18577 D UE4     : [2018.11.04-20.48.32:973][  0]LogUdpMessaging: Initializing bridge on interface 0.0.0.0:0 to multicast group 230.0.0.1:6666.
11-04 17:48:32.985  6606 15247 I WeatherApp: update success for content://com.motorola.commandcenter.weather/forecast
11-04 17:48:32.999  6606 15247 I WeatherApp: update success for content://com.motorola.commandcenter.weather/widget
11-04 17:48:33.011  6606 15247 I WeatherApp: update success for content://com.motorola.commandcenter.weather/forecast
11-04 17:48:33.020  6606 15247 I WeatherApp: update success for content://com.motorola.commandcenter.weather/widget
11-04 17:48:33.022  6606 15247 I WeatherApp: is force update = false
11-04 17:48:33.025  6606 15247 I WeatherApp: No top city.
11-04 17:48:33.371 17874 17992 D ClClient: Not sending keepalive.  Current connection state=STOPPED
11-04 17:48:33.504 18541 19787 D UE4     : *** JavaEnvDestructor: 19787
11-04 17:48:33.815 18541 19786 D UE4     : *** JavaEnvDestructor: 19786
11-04 17:48:33.817 18541 19820 D UE4     : *** JavaEnvDestructor: 19820
11-04 17:48:33.918 18541 18577 D UE4     : [2018.11.04-20.48.33:918][  0]LogTcpMessaging: Initializing TcpMessaging bridge, listening on 127.0.0.1:6666
11-04 17:48:33.922 18541 18577 D UE4     : Execution has been resumed!
11-04 17:48:33.922 18541 18577 D UE4     : LogAndroidEvents: Display: DequeueAppEvent : 11, 0
11-04 17:48:33.922 18541 18577 D UE4     : 
11-04 17:48:33.922 18541 18577 D UE4     : [2018.11.04-20.48.33:922][  0]LogAndroidEvents: Display: DequeueAppEvent : 11, 0
11-04 17:48:33.953 18541 18605 D UE4     : LogStats: Warning: MetaData mismatch. Did you assign a stat to two groups? New //STATGROUP_Threads//FUdpMessageBeacon///Thread_4d70_0///####STATCAT_Advanced#### old //STATGROUP_Threads//FUdpMessageBeacon///Thread_4d4d_0///####STATCAT_Advanced####
11-04 17:48:33.953 18541 18605 D UE4     : 
11-04 17:48:33.953 18541 18605 D UE4     : LogStats: Warning: MetaData mismatch. Did you assign a stat to two groups? New //STATGROUP_Threads//FUdpMessageProcessor.Sender///Thread_4d71_0///####STATCAT_Advanced#### old //STATGROUP_Threads//FUdpMessageProcessor.Sender///Thread_4d4e_0///####STATCAT_Advanced####
11-04 17:48:33.953 18541 18605 D UE4     : 
11-04 17:48:33.953 18541 18605 D UE4     : LogStats: Warning: MetaData mismatch. Did you assign a stat to two groups? New //STATGROUP_Threads//FUdpMessageProcessor///Thread_4d6f_0///####STATCAT_Advanced#### old //STATGROUP_Threads//FUdpMessageProcessor///Thread_4d4c_0///####STATCAT_Advanced####
11-04 17:48:33.953 18541 18605 D UE4     : 
11-04 17:48:33.953 18541 18605 D UE4     : LogStats: Warning: MetaData mismatch. Did you assign a stat to two groups? New //STATGROUP_Threads//UdpMessageMulticastReceiver///Thread_4d72_0///####STATCAT_Advanced#### old //STATGROUP_Threads//UdpMessageMulticastReceiver///Thread_4d4f_0///####STATCAT_Advanced####
11-04 17:48:33.953 18541 18605 D UE4     : 
11-04 17:48:33.953 18541 18605 D UE4     : LogStats: Warning: MetaData mismatch. Did you assign a stat to two groups? New //STATGROUP_Threads//FTcpMessageTransport///Thread_4d74_0///####STATCAT_Advanced#### old //STATGROUP_Threads//FTcpMessageTransport///Thread_4d4a_0///####STATCAT_Advanced####
11-04 17:48:33.953 18541 18605 D UE4     : 
11-04 17:48:33.954 18541 18605 D UE4     : LogStats: Warning: MetaData mismatch. Did you assign a stat to two groups? New //STATGROUP_Threads//FTcpListener///Thread_4d75_0///####STATCAT_Advanced#### old //STATGROUP_Threads//FTcpListener///Thread_4d4b_0///####STATCAT_Advanced####
11-04 17:48:33.954 18541 18605 D UE4     : 
11-04 17:48:33.967 18541 18577 D UE4     : [2018.11.04-20.48.33:967][  0]LogStats: Warning: MetaData mismatch. Did you assign a stat to two groups? New //STATGROUP_Threads//FUdpMessageBeacon///Thread_4d70_0///####STATCAT_Advanced#### old //STATGROUP_Threads//FUdpMessageBeacon///Thread_4d4d_0///####STATCAT_Advanced####
11-04 17:48:33.967 18541 18577 D UE4     : [2018.11.04-20.48.33:967][  0]LogStats: Warning: MetaData mismatch. Did you assign a stat to two groups? New //STATGROUP_Threads//FUdpMessageProcessor.Sender///Thread_4d71_0///####STATCAT_Advanced#### old //STATGROUP_Threads//FUdpMessageProcessor.Sender///Thread_4d4e_0///####STATCAT_Advanced####
11-04 17:48:33.967 18541 18577 D UE4     : [2018.11.04-20.48.33:967][  0]LogStats: Warning: MetaData mismatch. Did you assign a stat to two groups? New //STATGROUP_Threads//FUdpMessageProcessor///Thread_4d6f_0///####STATCAT_Advanced#### old //STATGROUP_Threads//FUdpMessageProcessor///Thread_4d4c_0///####STATCAT_Advanced####
11-04 17:48:33.968 18541 18577 D UE4     : [2018.11.04-20.48.33:968][  0]LogStats: Warning: MetaData mismatch. Did you assign a stat to two groups? New //STATGROUP_Threads//UdpMessageMulticastReceiver///Thread_4d72_0///####STATCAT_Advanced#### old //STATGROUP_Threads//UdpMessageMulticastReceiver///Thread_4d4f_0///####STATCAT_Advanced####
11-04 17:48:33.968 18541 18577 D UE4     : [2018.11.04-20.48.33:968][  0]LogStats: Warning: MetaData mismatch. Did you assign a stat to two groups? New //STATGROUP_Threads//FTcpMessageTransport///Thread_4d74_0///####STATCAT_Advanced#### old //STATGROUP_Threads//FTcpMessageTransport///Thread_4d4a_0///####STATCAT_Advanced####
11-04 17:48:33.968 18541 18577 D UE4     : [2018.11.04-20.48.33:968][  0]LogStats: Warning: MetaData mismatch. Did you assign a stat to two groups? New //STATGROUP_Threads//FTcpListener///Thread_4d75_0///####STATCAT_Advanced#### old //STATGROUP_Threads//FTcpListener///Thread_4d4b_0///####STATCAT_Advanced####
11-04 17:48:33.968 18541 18577 D UE4     : [2018.11.04-20.48.33:968][  0]LogContentStreaming: Texture pool size now 1000 MB
11-04 17:48:33.989  4459 19830 I EventLogSendingHelper: Sending log events.
11-04 17:48:34.012 18541 18541 W Thread-2: type=1400 audit(0.0:1927): avc: denied { read } for uid=10023 name="stat" dev="proc" ino=4026532295 scontext=u:r:untrusted_app_25:s0:c512,c768 tcontext=u:object_r:proc_stat:s0 tclass=file permissive=0
11-04 17:48:34.052  6606 19832 D CmdCenter: - RowWidgetUpdater2: getCellsForSize  ==== 121
11-04 17:48:34.053  6606 19832 D CmdCenter: - RowWidgetUpdater2: getCellsForSize 2cellWidth ==== 180
11-04 17:48:34.053  6606 19832 D CmdCenter: - RowWidgetUpdater2: getCellsForSize return columns ==== 2
11-04 17:48:34.377   565   565 E WifiHAL : wifi_get_logger_supported_feature_set: Error -3 happened. 
11-04 17:48:34.397  2753  6964 E BatteryStatsService: no controller energy info supplied
11-04 17:48:34.397  2753  6964 E BatteryStatsService: no controller energy info supplied
11-04 17:48:34.446  2753  6964 E BatteryStatsService: modem info is invalid: ModemActivityInfo{ mTimestamp=15948039 mSleepTimeMs=7334855 mIdleTimeMs=-7283966 mTxTimeMs[]=[3, 61, 114, 10, 17] mRxTimeMs=13588 mEnergyUsed=0}
11-04 17:48:34.486 18541 18541 W Thread-2: type=1400 audit(0.0:1928): avc: denied { read } for uid=10023 name="stat" dev="proc" ino=4026532295 scontext=u:r:untrusted_app_25:s0:c512,c768 tcontext=u:object_r:proc_stat:s0 tclass=file permissive=0
11-04 17:48:35.562 18541 18541 I chatty  : uid=10023(u0_a23) com.YourCompany.guia_ra identical 10 lines
11-04 17:48:35.662 18541 18541 W Thread-2: type=1400 audit(0.0:1939): avc: denied { read } for uid=10023 name="stat" dev="proc" ino=4026532295 scontext=u:r:untrusted_app_25:s0:c512,c768 tcontext=u:object_r:proc_stat:s0 tclass=file permissive=0
11-04 17:48:35.708 18541 18577 D UE4     : [2018.11.04-20.48.35:708][ 75]LogSlate: FSceneViewport::OnFocusLost() reason 0
11-04 17:48:35.776 18541 18541 W Thread-2: type=1400 audit(0.0:1940): avc: denied { read } for uid=10023 name="stat" dev="proc" ino=4026532295 scontext=u:r:untrusted_app_25:s0:c512,c768 tcontext=u:object_r:proc_stat:s0 tclass=file permissive=0
11-04 17:48:35.813 18541 18546 I zygote  : Do partial code cache collection, code=61KB, data=55KB
11-04 17:48:35.814 18541 18546 I zygote  : After code cache collection, code=59KB, data=55KB
11-04 17:48:35.814 18541 18546 I zygote  : Increasing code cache capacity to 256KB
11-04 17:48:35.841 18541 18577 D UE4     : [2018.11.04-20.48.35:841][ 83]LogGoogleARCore: Start ARCore session requested
11-04 17:48:35.865   578 19842 I Thermal-Lib: Thermal-Lib-Client: Client request sent
11-04 17:48:35.865  2375  2462 I ThermalEngine: Thermal-Server: Thermal received msg from  override
11-04 17:48:35.865  2753  8050 I ActivityManager: START u0 {cmp=com.YourCompany.guia_ra/com.google.ar.core.InstallActivity (has extras)} from uid 10023
11-04 17:48:35.869 18541 18578 D UE4     : Case APP_CMD_PAUSE
11-04 17:48:35.869 18541 18578 D UE4     : LogAndroidEvents: EnqueueAppEvent : 6, 0, tid = 18578
11-04 17:48:35.873 18541 18541 D UE4     : ==============> GameActive.onPause complete!
11-04 17:48:35.875 18541 18577 D UE4     : [2018.11.04-20.48.35:875][ 84]LogAndroid: Case APP_CMD_PAUSE
11-04 17:48:35.876 18541 18577 D UE4     : [2018.11.04-20.48.35:875][ 84]LogGoogleARCore: OnPause Called: 0
11-04 17:48:35.876 18541 18577 D UE4     : LogAndroidEvents: Display: DequeueAppEvent : 6, 0
11-04 17:48:35.876 18541 18577 D UE4     : 
11-04 17:48:35.876 18541 18577 D UE4     : [2018.11.04-20.48.35:876][ 84]LogAndroidEvents: Display: DequeueAppEvent : 6, 0
11-04 17:48:35.908   594   594 I SFPerfTracer:      triggers: (rate: 66:5755) (compose: 0:0) (post: 0:0) (render: 0:2) (83:54688 frames) (84:60483)
11-04 17:48:35.908   594   594 D SFPerfTracer:        layers: (5:9) (StatusBar#0 (0xb0b4b000): 0:4798)* (RoundedOverlay#0 (0xb0b35000): 0:149) (RoundedOverlay#1 (0xb0b38000): 0:163) (com.android.systemui.ImageWallpaper#0 (0xb0b44000): 0:104)* (animation background stackId=1#0 (0xb0803000): 0:25)* (NavigationBar#0 (0xb0bd9000): 0:2187) (DimLayerController/Stack=0#0 (0xb0808000): 0:255)* (com.YourCompany.guia_ra/com.epicgames.ue4.GameActivity#0 (0xb0be5000): 0:5)- (com.YourCompany.guia_ra/com.epicgames.ue4.GameActivity#1 (0xb081e000): 0:4) 
11-04 17:48:35.959 18541 19826 D UE4     : *** JavaEnvDestructor: 19826
11-04 17:48:35.979 18541 19824 D UE4     : *** JavaEnvDestructor: 19824
11-04 17:48:35.979 18541 19825 D UE4     : *** JavaEnvDestructor: 19825
11-04 17:48:35.980 18541 19823 D UE4     : *** JavaEnvDestructor: 19823
11-04 17:48:36.043 18541 18541 I ARCore-IS: Install service connected
11-04 17:48:36.200  2753  3004 I LaunchCheckinHandler: Displayed com.YourCompany.guia_ra/com.google.ar.core.InstallActivity,wp,ca,326
11-04 17:48:36.201  2753  3004 I ActivityManager: Displayed com.YourCompany.guia_ra/com.google.ar.core.InstallActivity: +321ms (total +6m23s765ms)
11-04 17:48:36.828 18541 19829 D UE4     : *** JavaEnvDestructor: 19829
11-04 17:48:36.856 21734 19847 E Finsky  : [1606] com.google.android.finsky.installservice.bj.a(23): com.google.ar.core not available.
11-04 17:48:36.862 18541 18555 E ARCore-IS: The device is not supported.
11-04 17:48:36.921 18541 19828 D UE4     : *** JavaEnvDestructor: 19828
11-04 17:48:36.923 18541 19843 D UE4     : *** JavaEnvDestructor: 19843
11-04 17:48:37.024 18541 18577 D UE4     : Unregistering volume receiver
11-04 17:48:37.025 18541 18577 D UE4     : Unregistering battery receiver
11-04 17:48:37.025 18541 18577 D UE4     : Unregistering headset receiver
11-04 17:48:37.029 18541 19807 D UE4     : *** JavaEnvDestructor: 19807
11-04 17:48:37.030 18541 19806 D UE4     : AndroidEGL::ResetDisplay()
11-04 17:48:37.031 18541 19806 D UE4     : *** JavaEnvDestructor: 19806
11-04 17:48:37.032 18541 18577 D UE4     : [2018.11.04-20.48.37:032][ 84]LogTemp: Android pause audio
11-04 17:48:37.032 18541 18577 D UE4     : Execution has been paused...
11-04 17:48:37.032 18541 18578 D UE4     : LogAndroidEvents: EnqueueAppEvent : 10, 0, tid = 18578
11-04 17:48:37.129 18541 18541 W Thread-2: type=1400 audit(0.0:1941): avc: denied { read } for uid=10023 name="stat" dev="proc" ino=4026532295 scontext=u:r:untrusted_app_25:s0:c512,c768 tcontext=u:object_r:proc_stat:s0 tclass=file permissive=0
11-04 17:48:37.132 18541 18577 D UE4     : LogAndroidEvents: Display: DequeueAppEvent : 10, 0
11-04 17:48:37.132 18541 18577 D UE4     : 
11-04 17:48:37.133 18541 18577 D UE4     : [2018.11.04-20.48.37:133][ 84]LogAndroid: Case APP_CMD_LOST_FOCUS
11-04 17:48:37.133 18541 18577 D UE4     : [2018.11.04-20.48.37:133][ 84]LogAndroidEvents: Display: DequeueAppEvent : 10, 0
11-04 17:48:37.232 18541 18541 W Thread-2: type=1400 audit(0.0:1942): avc: denied { read } for uid=10023 name="stat" dev="proc" ino=4026532295 scontext=u:r:untrusted_app_25:s0:c512,c768 tcontext=u:object_r:proc_stat:s0 tclass=file permissive=0
11-04 17:48:37.583  3796  3933 I QCNEJ   : |CORE| CNE received action RSSI/Link Changed events: android.net.wifi.RSSI_CHANGED
11-04 17:48:37.583  3796  3933 D QCNEJ   : |CORE| Updating RSSI: -52
11-04 17:48:37.682  6531  6564 I CarrierServices: [288] bwa.a: FiST: Wifi connectivity status true
11-04 17:48:37.685  6531  6666 I CarrierServices: [308] czn.a: CarrierServices.apk is not sim call manager. Not enabling MMTel.
11-04 17:48:37.685  6531  6666 I CarrierServices: [308] bcs.run: (MMTel): : Ignoring Network Change based on IMS preferences
11-04 17:48:37.688  6531  7314 I CarrierServices: [321] bdy.handleMessage: RCS is disabled, skipping config update request
11-04 17:48:37.688  6531  6564 I CarrierServices: [288] bwf.d: Connected state: [1], networkType: [WIFI]
11-04 17:48:38.865   578 19855 I Thermal-Lib: Thermal-Lib-Client: Client request sent
11-04 17:48:38.865  2375  2462 I ThermalEngine: Thermal-Server: Thermal received msg from  override
11-04 17:48:38.930  2691  2691 E adbd    : failed to connect to socket 'tcp:6666': Connection refused
11-04 17:48:38.982  4459 19830 I EventLogSendingHelper: Sending log events.
11-04 17:48:39.409 21734 19847 E Finsky  : [1606] com.google.android.finsky.installservice.bj.a(23): com.google.ar.core not available.
11-04 17:48:39.416 18541 18555 W ARCore-IS: requestInstall = -5, launching fullscreen.
11-04 17:48:39.422  2753  9626 I ActivityManager: START u0 {act=android.intent.action.VIEW dat=market://details?id=com.google.ar.core cmp=com.android.vending/com.google.android.finsky.activities.LaunchUrlHandlerActivity} from uid 10023
11-04 17:48:39.422   578 19861 I Thermal-Lib: Thermal-Lib-Client: Client request sent
11-04 17:48:39.423  2375  2462 I ThermalEngine: Thermal-Server: Thermal received msg from  override
11-04 17:48:39.588 21734 21734 I AppLifecycleTracker: onActivityCreated: 
11-04 17:48:39.604 21734 21734 I zygote  : Deoptimizing android.content.res.Resources$Theme com.google.d.a.a.a.a.a.d.d(android.content.Context) due to JIT inline cache
11-04 17:48:39.609 21734 21734 I AppLifecycleTracker: onActivityStarted: 
11-04 17:48:39.615 21734 21734 I AppLifecycleTracker: onActivityResumed: 
11-04 17:48:39.708 21734 21734 I Finsky  : [2] com.google.android.finsky.inlinedetails.f.a.a(36): Launch URL without continue URL
11-04 17:48:39.713  2753  9626 I ActivityManager: START u0 {act=android.intent.action.VIEW dat=http://market.android.com/... cmp=com.android.vending/com.google.android.finsky.activities.MainActivity (has extras)} from uid 10057
11-04 17:48:39.807 21734 21734 I AppLifecycleTracker: onActivityPaused: 
11-04 17:48:39.850  2753  3004 I LaunchCheckinHandler: Displayed com.android.vending/com.google.android.finsky.activities.LaunchUrlHandlerActivity,wp,ca,329
11-04 17:48:39.881 18541 18578 D UE4     : LogAndroidEvents: EnqueueAppEvent : 12, 0, tid = 18578
11-04 17:48:39.893 21734 21734 I AppLifecycleTracker: onActivityStarted: 
11-04 17:48:39.893 18541 18578 D UE4     : Case APP_CMD_TERM_WINDOW, tid = 18578
11-04 17:48:39.893 18541 18578 D UE4     : LogAndroidEvents: EnqueueAppEvent : 3, 0, tid = 18578
11-04 17:48:39.905 21734 21734 I AppLifecycleTracker: onActivityResumed: 
11-04 17:48:39.979 18541 18541 W Thread-2: type=1400 audit(0.0:1943): avc: denied { read } for uid=10023 name="stat" dev="proc" ino=4026532295 scontext=u:r:untrusted_app_25:s0:c512,c768 tcontext=u:object_r:proc_stat:s0 tclass=file permissive=0
11-04 17:48:39.981 18541 18577 D UE4     : LogAndroidEvents: Display: DequeueAppEvent : 12, 0
11-04 17:48:39.981 18541 18577 D UE4     : 
11-04 17:48:39.982 18541 18577 D UE4     : [2018.11.04-20.48.39:982][ 84]LogAndroid: Case APP_CMD_SAVE_STATE
11-04 17:48:39.982 18541 18577 D UE4     : [2018.11.04-20.48.39:982][ 84]LogAndroid: Case APP_CMD_TERM_WINDOW
11-04 17:48:39.982 18541 18577 D UE4     : [2018.11.04-20.48.39:982][ 84]LogAndroidEvents: Display: DequeueAppEvent : 12, 0
11-04 17:48:39.982 18541 18577 D UE4     : LogAndroidEvents: Display: DequeueAppEvent : 3, 0
11-04 17:48:39.982 18541 18577 D UE4     : 
11-04 17:48:39.982 18541 18577 D UE4     : [2018.11.04-20.48.39:982][ 84]LogAndroidEvents: Display: DequeueAppEvent : 3, 0
11-04 17:48:39.982 18541 18577 D UE4     : AndroidEGL::DestroyWindow()
11-04 17:48:39.982 18541 18577 D UE4     : AndroidEGL::UnBind()
11-04 17:48:39.982 18541 18577 D UE4     : AndroidEGL::ResetDisplay()
11-04 17:48:39.982 18541 18577 D UE4     : AndroidEGL::DestroySurface()
11-04 17:48:39.984 21734 21734 I Finsky  : [2] com.google.android.finsky.selfupdate.f.a(93): Skipping DFE self-update. Local Version [81231900] >= Server Version [-1]
11-04 17:48:39.984 18541 18577 D UE4     : APP_EVENT_STATE_WINDOW_DESTROYED, 0, 0, 0
11-04 17:48:39.985 18541 18578 D UE4     : LogAndroidEvents: EnqueueAppEvent : 8, 0, tid = 18578
11-04 17:48:39.985 18541 18541 D UE4     : ==============> GameActive.onStop complete!
11-04 17:48:40.082 18541 18541 W Thread-2: type=1400 audit(0.0:1944): avc: denied { read } for uid=10023 name="stat" dev="proc" ino=4026532295 scontext=u:r:untrusted_app_25:s0:c512,c768 tcontext=u:object_r:proc_stat:s0 tclass=file permissive=0
11-04 17:48:40.084 18541 18577 D UE4     : LogAndroidEvents: Display: DequeueAppEvent : 8, 0
11-04 17:48:40.085 18541 18577 D UE4     : 
11-04 17:48:40.085 18541 18577 D UE4     : [2018.11.04-20.48.40:085][ 84]LogAndroid: Case APP_CMD_STOP
11-04 17:48:40.085 18541 18577 D UE4     : [2018.11.04-20.48.40:085][ 84]LogAndroidEvents: Display: DequeueAppEvent : 8, 0
11-04 17:48:40.182 18541 18541 W Thread-2: type=1400 audit(0.0:1945): avc: denied { read } for uid=10023 name="stat" dev="proc" ino=4026532295 scontext=u:r:untrusted_app_25:s0:c512,c768 tcontext=u:object_r:proc_stat:s0 tclass=file permissive=0
11-04 17:48:40.217 21734 21734 V MediaPlayer: resetDrmState:  mDrmInfo=null mDrmProvisioningThread=null mPrepareDrmInProgress=false mActiveDrmScheme=false
11-04 17:48:40.217 21734 21734 V MediaPlayer: cleanDrmObj: mDrmObj=null mDrmSessionId=null
11-04 17:48:40.432   594   594 D SurfaceFlinger: Backpressure trigger, skipping transaction & refresh!
11-04 17:48:40.486 21734 21746 I zygote  : Background concurrent copying GC freed 58828(3MB) AllocSpace objects, 8(288KB) LOS objects, 49% free, 8MB/16MB, paused 477us total 109.936ms
11-04 17:48:40.619 21734 21734 I AppLifecycleTracker: onActivityStopped: 
11-04 17:48:40.623 21734 21734 I AppLifecycleTracker: onActivityDestroyed: 
11-04 17:48:40.638   594   594 I SFPerfTracer:      triggers: (rate: 66:5755) (compose: 0:0) (post: 0:0) (render: 0:2) (17:54767 frames) (18:60586)
11-04 17:48:40.638   594   594 D SFPerfTracer:        layers: (5:11) (StatusBar#0 (0xb0b4b000): 3:4812) (RoundedOverlay#0 (0xb0b35000): 0:149) (RoundedOverlay#1 (0xb0b38000): 0:163) (com.android.systemui.ImageWallpaper#0 (0xb0b44000): 0:104)* (animation background stackId=1#0 (0xb0803000): 1:27)* (NavigationBar#0 (0xb0bd9000): 2:2200) (DimLayerController/Stack=0#0 (0xb0808000): 5:280)* (com.YourCompany.guia_ra/com.epicgames.ue4.GameActivity#1 (0xb081e000): 0:16)- (com.YourCompany.guia_ra/com.google.ar.core.InstallActivity#0 (0xb0be5000): 1:61)* (com.android.vending/com.google.android.finsky.activities.LaunchUrlHandlerActivity#0 (0xb084a000): 0:4)* (com.android.vending/com.android.vending.AssetBrowserActivity#0 (0xb0829000): 15:31) 
11-04 17:48:40.699   594   892 I SFPerfTracer:      triggers: (rate: 0:0) (200874 sw vsyncs) (0 skipped) (13:100816 vsyncs) (15:312415)
11-04 17:48:40.725 21734 21734 I Finsky  : [2] com.google.android.finsky.externalreferrer.i.run(45): Capture referrer for com.google.ar.core (empty)
11-04 17:48:40.894 21734 21734 I Finsky  : [2] com.google.android.finsky.library.r.a(16): com.google.ar.core not available [restriction=9].
11-04 17:48:40.895 21734 21734 I Finsky  : [2] com.google.android.finsky.di.a.a(7): Item is not available. Reason: 9
11-04 17:48:40.918 21734 21734 I Finsky  : [2] com.google.android.finsky.activities.bj.W(23): Page [class=ar] loaded in [112 ms] (hasDetailsDataLoaded? false)
11-04 17:48:40.937  2691  2691 E adbd    : failed to connect to socket 'tcp:6666': Connection refused
11-04 17:48:40.980 21734 21734 W Finsky  : [2] com.google.android.finsky.bh.b.a(18): Found negative or zero app size
11-04 17:48:40.982 21734 21734 I Finsky  : [2] com.google.android.finsky.library.r.a(16): com.google.ar.core not available [restriction=9].
11-04 17:48:40.983 21734 21734 V MediaPlayer: resetDrmState:  mDrmInfo=null mDrmProvisioningThread=null mPrepareDrmInProgress=false mActiveDrmScheme=false
11-04 17:48:40.983 21734 21734 V MediaPlayer: cleanDrmObj: mDrmObj=null mDrmSessionId=null
11-04 17:48:40.984 21734 21734 I Finsky  : [2] com.google.android.finsky.aw.a.a(24): Selecting account [qwIZhqxpMr3V8NvOuaSzxZGge_c] for package com.google.ar.core. overriding=[true]
11-04 17:48:40.989 21734 21734 I Finsky  : [2] com.google.android.finsky.library.r.a(16): com.google.ar.core not available [restriction=9].
11-04 17:48:40.990 21734 21734 I Finsky  : [2] com.google.android.finsky.library.r.a(16): com.google.ar.core not available [restriction=9].
11-04 17:48:41.066 21734 21734 I PlayCommon: [2] com.google.android.play.dfe.api.b.a(207): Not delivering second response for request=[[ ] https://android.clients.google.com/fdfe/api/userProfile 0xe8d195d1 NORMAL 57]
