11-05 15:07:18.163 20590 20590 V InputMethodManager: Starting input: tba=android.view.inputmethod.EditorInfo@85e6089 nm : com.YourCompany.guia_ra ic=null
11-05 15:07:18.163 20590 20590 I InputMethodManager: startInputInner - mService.startInputOrWindowGainedFocus
11-05 15:07:18.164  3800  5320 D InputMethodManagerService: startInputOrWindowGainedFocus : windowGainedFocus 
11-05 15:07:18.164  3800  5320 D InputMethodManagerService: windowGainedFocus: destinationUserId (getCallingUid) = 0
11-05 15:07:18.164  3800  5320 D InputMethodManagerService: windowGainedFocus: currentUserId=0
11-05 15:07:18.164  3800  5320 D InputMethodManagerService: windowGainedFocus: mCurrentFocusedUserId=0
11-05 15:07:18.164  3800  5320 D InputMethodManagerService: windowGainedFocus : lock - currentUserId = 0 destinationUserId = 0
11-05 15:07:18.164  3800  5320 D InputMethodManagerService: windowGainedFocus : mCurrentFocusedUserId - 0 and mSecureKeypadEnabled - false, userSwitched - false
11-05 15:07:18.165  3800  5320 V InputMethodManagerService: windowGainedFocus : reason=WINDOW_FOCUS_GAIN client=android.os.BinderProxy@fd0261e inputContext=null missingMethods= attribute=android.view.inputmethod.EditorInfo@1722f05 nm = com.YourCompany.guia_ra controlFlags=#105 softInputMode=#110 windowFlags=#1810500
11-05 15:07:18.165  3800  5320 V InputMethodManagerService: hideCurrentInputLocked : shouldHideSoftInput is false
11-05 15:07:18.166  3800  5320 D InputMethodManagerService: setCurrentInputInfo - inputContext : null eidtorInfo : android.view.inputmethod.EditorInfo@1722f05 missingMethods : 0
11-05 15:07:18.167  4213  4213 I InputMethodWrapper:  call dispatchStartInputWithToken
11-05 15:07:18.167  4213  4213 I InputMethodService: dispatchStartInputWithToken
11-05 15:07:18.167 20590 20590 E ViewRootImpl: sendUserActionEvent() returned.
11-05 15:07:18.168  4213  4213 I SKBD    : SamsungKeypad [IMI] onStartInput - caller pid : 20590, caller uid : 10325
11-05 15:07:18.175 20590 20840 D UE4     : *** JavaEnvDestructor: 20840
11-05 15:07:18.306  3800  3956 D InputReader: Input event(5): value=1 when=8943337710000
11-05 15:07:18.306  3800  3956 D InputReader: Input event(5): value=1 when=8943337710000
11-05 15:07:18.307  3800  3956 I InputReader: Touch event's action is 0x0 (deviceType=0) [pCnt=1, s=0.448 ] when=8943337710000
11-05 15:07:18.307  3800  3955 I InputDispatcher: Delivering touch to (4234): action: 0x0, toolType: 1
11-05 15:07:18.308  4234  4234 D ViewRootImpl@617629d[NavigationBar]: ViewPostIme pointer 0
11-05 15:07:18.312  3800  5320 D SamsungPhoneWindowManager: f.b. a = false hd = true eme = false ksno = false id = 10034 isDM = false
11-05 15:07:18.312  3800  5320 D SamsungPhoneWindowManager: haptic disabled by policy
11-05 15:07:18.500  5027  5027 E adbd    : recv: OPEN 00002166 00000000 000c:73 68 65 6C 6C 2C 76 32 3A 70 73 00 
11-05 15:07:18.500  5027  5027 E adbd    : service_to_fd: shell,v2:ps
11-05 15:07:18.528  3800  3956 D InputReader: Input event(5): value=0 when=8943559927000
11-05 15:07:18.528  3800  3956 D InputReader: Input event(5): value=0 when=8943559927000
11-05 15:07:18.529  3800  3956 I InputReader: Touch event's action is 0x1 (deviceType=0) [pCnt=1, s=] when=8943559927000
11-05 15:07:18.529  3800  3955 I InputDispatcher: Delivering touch to (4234): action: 0x1, toolType: 1
11-05 15:07:18.530  4234  4234 D ViewRootImpl@617629d[NavigationBar]: ViewPostIme pointer 1
11-05 15:07:18.575 20590 20836 D UE4     : *** JavaEnvDestructor: 20836
11-05 15:07:18.575 20590 20838 D UE4     : *** JavaEnvDestructor: 20838
11-05 15:07:18.575 20590 20835 D UE4     : *** JavaEnvDestructor: 20835
11-05 15:07:18.676 20590 20609 D UE4     : [2018.11.05-19.07.18:676][  0]LogRenderer: Reallocating scene render targets to support 656x1280 Format 10 NumSamples 1 (Frame:1).
11-05 15:07:18.676 20590 20609 D UE4     : [2018.11.05-19.07.18:676][  0]LogAndroid: Case APP_CMD_GAINED_FOCUS
11-05 15:07:18.676 20590 20609 D UE4     : [2018.11.05-19.07.18:676][  0]LogUdpMessaging: Initializing bridge on interface 0.0.0.0:0 to multicast group 230.0.0.1:6666.
11-05 15:07:18.847  5027  5027 E adbd    : recv: OPEN 00002167 00000000 0009:74 63 70 3A 36 36 36 36 00 
11-05 15:07:18.847  5027  5027 E adbd    : service_to_fd: tcp:6666
11-05 15:07:18.848  3418  3636 D DnsProxyListener: DNSDBG::dns addrinfo af 2
11-05 15:07:18.854 20590 20833 D UE4     : *** JavaEnvDestructor: 20833
11-05 15:07:18.955 20590 20609 D UE4     : [2018.11.05-19.07.18:955][  0]LogTcpMessaging: Initializing TcpMessaging bridge, listening on 127.0.0.1:6666
11-05 15:07:18.959 20590 20609 D UE4     : Execution has been resumed!
11-05 15:07:18.959 20590 20609 D UE4     : LogAndroidEvents: Display: DequeueAppEvent : 11, 0
11-05 15:07:18.959 20590 20609 D UE4     : 
11-05 15:07:18.959 20590 20609 D UE4     : [2018.11.05-19.07.18:959][  0]LogAndroidEvents: Display: DequeueAppEvent : 11, 0
11-05 15:07:18.969  3800  5320 D EdgeLightingManager: isCallingUserSupported : callingUserId=0, mUserId=0, isDualAppId=false
11-05 15:07:18.969  3800  5320 D EdgeLightingManager: showForToast : packageName = com.android.systemui
11-05 15:07:18.969  3800  5320 D EdgeLightingClientManager: isAvailableEdgeLighting: condition=1 mCondition=3 mIsConnected=false0
11-05 15:07:18.969  3800  5320 D EdgeLightingPolicyManager: isAcceptableApplication:  pkg=com.android.systemui , range=512 , includeAllApp=false , userId=0 , infoRange=0 , infoCategory=0
11-05 15:07:18.969  3800  5320 D EdgeLightingManager: showForToast : return false by isAcceptableApplication.
11-05 15:07:18.989 20590 20632 D UE4     : LogStats: Warning: MetaData mismatch. Did you assign a stat to two groups? New //STATGROUP_Threads//FUdpMessageBeacon///Thread_517d_0///####STATCAT_Advanced#### old //STATGROUP_Threads//FUdpMessageBeacon///Thread_5164_0///####STATCAT_Advanced####
11-05 15:07:18.989 20590 20632 D UE4     : 
11-05 15:07:18.989 20590 20632 D UE4     : LogStats: Warning: MetaData mismatch. Did you assign a stat to two groups? New //STATGROUP_Threads//FUdpMessageProcessor.Sender///Thread_517e_0///####STATCAT_Advanced#### old //STATGROUP_Threads//FUdpMessageProcessor.Sender///Thread_5166_0///####STATCAT_Advanced####
11-05 15:07:18.989 20590 20632 D UE4     : 
11-05 15:07:18.989 20590 20632 D UE4     : LogStats: Warning: MetaData mismatch. Did you assign a stat to two groups? New //STATGROUP_Threads//FUdpMessageProcessor///Thread_517c_0///####STATCAT_Advanced#### old //STATGROUP_Threads//FUdpMessageProcessor///Thread_5163_0///####STATCAT_Advanced####
11-05 15:07:18.989 20590 20632 D UE4     : 
11-05 15:07:18.989 20590 20632 D UE4     : LogStats: Warning: MetaData mismatch. Did you assign a stat to two groups? New //STATGROUP_Threads//UdpMessageMulticastReceiver///Thread_517f_0///####STATCAT_Advanced#### old //STATGROUP_Threads//UdpMessageMulticastReceiver///Thread_5168_0///####STATCAT_Advanced####
11-05 15:07:18.989 20590 20632 D UE4     : 
11-05 15:07:18.990 20590 20632 D UE4     : LogStats: Warning: MetaData mismatch. Did you assign a stat to two groups? New //STATGROUP_Threads//FTcpMessageTransport///Thread_5182_0///####STATCAT_Advanced#### old //STATGROUP_Threads//FTcpMessageTransport///Thread_5160_0///####STATCAT_Advanced####
11-05 15:07:18.990 20590 20632 D UE4     : 
11-05 15:07:18.990 20590 20632 D UE4     : LogStats: Warning: MetaData mismatch. Did you assign a stat to two groups? New //STATGROUP_Threads//FTcpListener///Thread_5183_0///####STATCAT_Advanced#### old //STATGROUP_Threads//FTcpListener///Thread_5161_0///####STATCAT_Advanced####
11-05 15:07:18.990 20590 20632 D UE4     : 
11-05 15:07:18.999 20590 20609 D UE4     : [2018.11.05-19.07.18:999][  0]LogStats: Warning: MetaData mismatch. Did you assign a stat to two groups? New //STATGROUP_Threads//FUdpMessageBeacon///Thread_517d_0///####STATCAT_Advanced#### old //STATGROUP_Threads//FUdpMessageBeacon///Thread_5164_0///####STATCAT_Advanced####
11-05 15:07:19.000 20590 20609 D UE4     : [2018.11.05-19.07.19:000][  0]LogStats: Warning: MetaData mismatch. Did you assign a stat to two groups? New //STATGROUP_Threads//FUdpMessageProcessor.Sender///Thread_517e_0///####STATCAT_Advanced#### old //STATGROUP_Threads//FUdpMessageProcessor.Sender///Thread_5166_0///####STATCAT_Advanced####
11-05 15:07:19.000 20590 20609 D UE4     : [2018.11.05-19.07.19:000][  0]LogStats: Warning: MetaData mismatch. Did you assign a stat to two groups? New //STATGROUP_Threads//FUdpMessageProcessor///Thread_517c_0///####STATCAT_Advanced#### old //STATGROUP_Threads//FUdpMessageProcessor///Thread_5163_0///####STATCAT_Advanced####
11-05 15:07:19.000 20590 20609 D UE4     : [2018.11.05-19.07.19:000][  0]LogStats: Warning: MetaData mismatch. Did you assign a stat to two groups? New //STATGROUP_Threads//UdpMessageMulticastReceiver///Thread_517f_0///####STATCAT_Advanced#### old //STATGROUP_Threads//UdpMessageMulticastReceiver///Thread_5168_0///####STATCAT_Advanced####
11-05 15:07:19.000 20590 20609 D UE4     : [2018.11.05-19.07.19:000][  0]LogStats: Warning: MetaData mismatch. Did you assign a stat to two groups? New //STATGROUP_Threads//FTcpMessageTransport///Thread_5182_0///####STATCAT_Advanced#### old //STATGROUP_Threads//FTcpMessageTransport///Thread_5160_0///####STATCAT_Advanced####
11-05 15:07:19.001 20590 20609 D UE4     : [2018.11.05-19.07.19:000][  0]LogStats: Warning: MetaData mismatch. Did you assign a stat to two groups? New //STATGROUP_Threads//FTcpListener///Thread_5183_0///####STATCAT_Advanced#### old //STATGROUP_Threads//FTcpListener///Thread_5161_0///####STATCAT_Advanced####
11-05 15:07:19.001 20590 20609 D UE4     : [2018.11.05-19.07.19:001][  0]LogContentStreaming: Texture pool size now 1000 MB
11-05 15:07:19.004  3800  3830 V MARsPolicyManager: handelAlertToastWindowStarted pkgName = com.android.systemui, userId = 0
11-05 15:07:19.008  4234  4234 D ViewRootImpl@fb4671a[Toast]: setView = android.widget.LinearLayout{f56024b V.E...... ......I. 0,0-0,0 #1020533 android:id/toast_layout_root} TM=true MM=false
11-05 15:07:19.008  4234  4234 V Toast   : Text: Uoqu in android.widget.Toast$TN@d540428
11-05 15:07:19.009  4234  4234 D ViewRootImpl@fb4671a[Toast]: dispatchAttachedToWindow
11-05 15:07:19.012 20590 20854 I         : Increase max job count 60
11-05 15:07:19.017  3800  5257 V WindowManager: Relayout Window{46bb681 u0 Toast}: viewVisibility=0 req=1209x229 WM.LayoutParams{(0,224)(wrapxwrap) gr=#51 sim=#20 ty=2005 fl=#1040088 fmt=-3 wanim=0x1030004 colorMode=0 naviIconColor=0}
11-05 15:07:19.027  3254  3254 I SurfaceFlinger: id=197 createSurf (1209x229),1 flag=4, Toast#0
11-05 15:07:19.029  3800  5257 V Surface : sf_framedrop debug : 0x4f4c, game : false, logging : 0
11-05 15:07:19.036  4234  4234 V Surface : sf_framedrop debug : 0x4f4c, game : false, logging : 0
11-05 15:07:19.036  4234  4234 D ViewRootImpl@fb4671a[Toast]: Relayout returned: old=[0,0][0,0] new=[115,2339][1324,2568] result=0x7 surface={valid=true 540990308352} changed=true
11-05 15:07:19.056  3800  5257 V WindowManager: finishDrawingLocked: mDrawState=COMMIT_DRAW_PENDING Window{46bb681 u0 Toast} in Surface(name=Toast)
11-05 15:07:19.057  4234  4234 D ViewRootImpl@fb4671a[Toast]: MSG_RESIZED_REPORT: frame=Rect(115, 2339 - 1324, 2568) ci=Rect(0, 0 - 0, 0) vi=Rect(0, 0 - 0, 0) or=1
11-05 15:07:19.087  3800  3902 D PowerManagerService: [api] acquire WakeLock flags=0x2000000a tag=WindowManager uid=1000 pid=3800 ws=WorkSource{10034} pkg=android
11-05 15:07:19.110  3254  3254 D SurfaceFlinger:   Display[0] configurations (* current):
11-05 15:07:19.110  3254  3254 D SurfaceFlinger:     * 0: 1440x2960, xdpi=522.513977, ydpi=525.762024, refresh=16666666
11-05 15:07:19.110  3254  3254 D SurfaceFlinger:   numHwLayers=5, flags=00000000
11-05 15:07:19.110  3254  3254 D SurfaceFlinger:     type   |  handle  | hint | flag | tr | blnd |   format    |     source crop (l,t,r,b)      |          frame         | name 
11-05 15:07:19.110  3254  3254 D SurfaceFlinger: -----------+----------+------+------+----+------+-------------+--------------------------------+------------------------+------
11-05 15:07:19.110  3254  3254 D SurfaceFlinger:        HWC | 00000000 | 0000 | 0220 | 00 | 0105 | ? ffffffff  |    0.0,    0.0,   -1.0,   -1.0 |    0,    0, 1440, 2792 | Background for - SurfaceView - com.YourCompany.guia_ra/com.epicgames.ue4.GameActivity@88341bf@1#0
11-05 15:07:19.110  3254  3254 D SurfaceFlinger:        HWC | 720662c880 | 0000 | 0000 | 00 | 0105 | RGBA_8888   |    0.0,    0.0, 1440.0, 2792.0 |    0,    0, 1440, 2792 | com.YourCompany.guia_ra/com.epicgames.ue4.GameActivity#1
11-05 15:07:19.110  3254  3254 D SurfaceFlinger:        HWC | 720662cf80 | 0000 | 0000 | 00 | 0105 | RGBA_8888   |    0.0,    0.0, 1209.0,  229.0 |  115, 2339, 1324, 2568 | Toast#0
11-05 15:07:19.110  3254  3254 D SurfaceFlinger:        HWC | 720662b380 | 0000 | 0000 | 00 | 0105 | RGBA_8888   |    0.0,    0.0, 1440.0, 
11-05 15:07:19.110  3254  3254 D SurfaceFlinger:  168.0 |    0, 2792, 1440, 2960 | NavigationBar#0
11-05 15:07:19.110  3254  3254 D SurfaceFlinger:  FB TARGET | 7206c558c0 | 0000 | 0000 | 00 | 0105 | RGBA_8888   |    0.0,    0.0, 1440.0, 2960.0 |    0,    0, 1440, 2960 | HWC_FRAMEBUFFER_TARGET
11-05 15:07:19.326  3254  3254 D SurfaceFlinger:   Display[0] configurations (* current):
11-05 15:07:19.326  3254  3254 D SurfaceFlinger:     * 0: 1440x2960, xdpi=522.513977, ydpi=525.762024, refresh=16666666
11-05 15:07:19.326  3254  3254 D SurfaceFlinger:   numHwLayers=5, flags=00000000
11-05 15:07:19.326  3254  3254 D SurfaceFlinger:     type   |  handle  | hint | flag | tr | blnd |   format    |     source crop (l,t,r,b)      |          frame         | name 
11-05 15:07:19.326  3254  3254 D SurfaceFlinger: -----------+----------+------+------+----+------+-------------+--------------------------------+------------------------+------
11-05 15:07:19.326  3254  3254 D SurfaceFlinger:        HWC | 720662b9a0 | 0000 | 0020 | 00 | 0100 | RGBA_8888   |    0.0,    0.0,  656.0, 1280.0 |    0,    0, 1440, 2792 | SurfaceView - com.YourCompany.guia_ra/com.epicgames.ue4.GameActivity@88341bf@1#0
11-05 15:07:19.326  3254  3254 D SurfaceFlinger:        HWC | 720662c880 | 0000 | 0000 | 00 | 0105 | RGBA_8888   |    0.0,    0.0, 1440.0, 2792.0 |    0,    0, 1440, 2792 | com.YourCompany.guia_ra/com.epicgames.ue4.GameActivity#1
11-05 15:07:19.326  3254  3254 D SurfaceFlinger:        HWC | 720662cf80 | 0000 | 0000 | 00 | 0105 | RGBA_8888   |    0.0,    0.0, 1209.0,  229.0 |  115, 2339, 1324, 2568 | Toast#0
11-05 15:07:19.326  3254  3254 D SurfaceFlinger:        HWC | 720662b380 | 0000 | 0000 | 00 | 0105 | RGBA_8888   |    0.0,    0.0, 1440.0,  168.0 |    0, 
11-05 15:07:19.326  3254  3254 D SurfaceFlinger: 2792, 1440, 2960 | NavigationBar#0
11-05 15:07:19.326  3254  3254 D SurfaceFlinger:  FB TARGET | 7206c558c0 | 0000 | 0000 | 00 | 0105 | RGBA_8888   |    0.0,    0.0, 1440.0, 2960.0 |    0,    0, 1440, 2960 | HWC_FRAMEBUFFER_TARGET
11-05 15:07:19.448  3800  3928 D SensorHubManager: onGetSensorHubDataLocked: library(4) = 1, 1, 7, 0
11-05 15:07:19.450  3800  3929 D CAE     : onGetSensorHubData(SensorHubParserProvider.java:91) - onGetSensorHubData Event [event buffer len :4], AP_WAKEUP
11-05 15:07:19.451  3800  3929 I CAE     : parse(SensorHubParserProvider.java:192) - buffer size = 4
11-05 15:07:19.453  3800  3929 I CAE     : parse(SensorHubParserProvider.java:203) - 1, 1, 7, 0,
11-05 15:07:19.455  3800  3929 D CAE     : display(ContextProvider.java:375) - ================= AUTO_ROTATION =================
11-05 15:07:19.457  3800  3929 I CAE     : display(ContextProvider.java:391) - Angle=[0]
11-05 15:07:19.461  3800  3933 D SemContextService: Service.updateContext() : service = Auto Rotation
11-05 15:07:19.463  3800  3826 D SemContextManager: AutoRotationEvent : Angle = 0
11-05 15:07:19.463  3800  3826 V WindowOrientationListener: OrientationSensorJudge.onSemContextChanged, Rotation: 0
11-05 15:07:19.465  3800  3826 V WindowManager: rotationForOrientationLw(orient=4, last=0); user=0  sensorRotation=0 mLidState=-1 mDockMode=0 mHdmiPlugged=false
11-05 15:07:19.571 20590 20832 D UE4     : *** JavaEnvDestructor: 20832
11-05 15:07:19.580  3385  3385 E audit   : type=1400 audit(1541444839.575:5659): avc:  denied  { read } for  pid=20590 comm="Thread-2" name="stat" dev="proc" ino=4026532420 scontext=u:r:untrusted_app_25:s0:c512,c768 tcontext=u:object_r:proc_stat:s0 tclass=file permissive=0 SEPF_SM-G955F_8.0.0_0016 audit_filtered
11-05 15:07:19.686  3385  3385 E audit   : type=1400 audit(1541444839.683:5660): avc:  denied  { read } for  pid=20590 comm="Thread-2" name="stat" dev="proc" ino=4026532420 scontext=u:r:untrusted_app_25:s0:c512,c768 tcontext=u:object_r:proc_stat:s0 tclass=file permissive=0 SEPF_SM-G955F_8.0.0_0016 audit_filtered
11-05 15:07:19.750  3244  3244 I android.hardware.wifi@1.0-service: getLinkLayerStats
11-05 15:07:19.762  5027  5027 E adbd    : recv: OPEN 0000216b 00000000 000c:73 68 65 6C 6C 2C 76 32 3A 70 73 00 
11-05 15:07:19.763  5027  5027 E adbd    : service_to_fd: shell,v2:ps
11-05 15:07:19.786  3385  3385 E audit   : type=1400 audit(1541444839.783:5661): avc:  denied  { read } for  pid=20590 comm="Thread-2" name="stat" dev="proc" ino=4026532420 scontext=u:r:untrusted_app_25:s0:c512,c768 tcontext=u:object_r:proc_stat:s0 tclass=file permissive=0 SEPF_SM-G955F_8.0.0_0016 audit_filtered
11-05 15:07:19.885  4234  4626 D NetworkController.MobileSignalController(0/-2): onSignalStrengthsChanged signalStrength=SignalStrength: 9 99 -9 -200 -9 -200 -1 99 2147483647 2147483647 2147483647 2147483647 0 2147483647 0x3 P gsm|lte level=3
11-05 15:07:19.886  4234  4626 D NetworkController.MobileSignalController(0/-2): getMobileIconGroup(): 0
11-05 15:07:19.892  3385  3385 E audit   : type=1400 audit(1541444839.887:5662): avc:  denied  { read } for  pid=20590 comm="Thread-2" name="stat" dev="proc" ino=4026532420 scontext=u:r:untrusted_app_25:s0:c512,c768 tcontext=u:object_r:proc_stat:s0 tclass=file permissive=0 SEPF_SM-G955F_8.0.0_0016 audit_filtered
11-05 15:07:19.912  3800  5257 D WificondControl: Scan result ready event
11-05 15:07:19.914  3800  4021 D SamsungAlarmManager: Cancel Alarm calling from uid:1000 pid :3800 / listener:android.app.AlarmManager$ListenerWrapper@5f3d67f
11-05 15:07:19.917  3800  4021 I SamsungAlarmManager: setLocked to kernel - T:2 / 20181105T150859, SetElapsed=9044586, nowELAPSED=8944948
11-05 15:07:19.969  4434  4483 D EventHandler_FLP: WIFI_SCAN_RESULTS
11-05 15:07:19.971  3800  3800 I WifiService: Securities matching
11-05 15:07:19.995  3385  3385 E audit   : type=1400 audit(1541444839.991:5663): avc:  denied  { read } for  pid=20590 comm="Thread-2" name="stat" dev="proc" ino=4026532420 scontext=u:r:untrusted_app_25:s0:c512,c768 tcontext=u:object_r:proc_stat:s0 tclass=file permissive=0 SEPF_SM-G955F_8.0.0_0016 audit_filtered
11-05 15:07:20.013  4667 10403 I BeaconBle: Client requested scan, settings=BleSettings [scanMode=ZERO_POWER, callbackType=ALL_MATCHES, reportDelayMillis=0, 6 filters, 1 clients, callingClientName=Nearby]
11-05 15:07:20.062  3800  5257 I ActivityManager: KPU : put [com.samsung.android.scloud] : 18245 K
11-05 15:07:20.063  3800  5257 I ActivityManager: Killing 18675:com.samsung.android.scloud/5009 (adj 906): DHA:empty #25
11-05 15:07:20.073  4667 10403 I BeaconBle: Stopping scan on delegate scanner. BT state: 12
11-05 15:07:20.076  4667 10403 D BluetoothAdapter: STATE_ON
11-05 15:07:20.077  4667 10403 D BluetoothAdapter: STATE_ON
11-05 15:07:20.077  4667 10403 D BluetoothLeScanner: Stop Scan with callback
11-05 15:07:20.089  4667 10403 D BluetoothAdapter: STATE_ON
11-05 15:07:20.090  4667 10403 D BluetoothAdapter: STATE_ON
11-05 15:07:20.091  4667 10403 I BeaconBle: Resetting - new scanner available: true
11-05 15:07:20.094  4667 10403 I BeaconBle: ZERO_POWER is disabled.
11-05 15:07:20.094  4667 10403 I BeaconBle: 'L' hardware scan: scan stopped, no powered clients
11-05 15:07:20.107  3385  3385 E audit   : type=1400 audit(1541444840.103:5664): avc:  denied  { read } for  pid=20590 comm="Thread-2" name="stat" dev="proc" ino=4026532420 scontext=u:r:untrusted_app_25:s0:c512,c768 tcontext=u:object_r:proc_stat:s0 tclass=file permissive=0 SEPF_SM-G955F_8.0.0_0016 audit_filtered
11-05 15:07:20.123  4199  4708 D BluetoothAdapter: STATE_ON
11-05 15:07:20.130  4199  4708 I chatty  : uid=1002(bluetooth) BluetoothScanMa identical 2 lines
11-05 15:07:20.130  4199  4708 D BluetoothAdapter: STATE_ON
11-05 15:07:20.131  4199  4708 D BtGatt.ScanManager: configureRegularScanParams() scan param set to 800 / 8000 (units)
11-05 15:07:20.132  4199  4710 E BtGatt.GattService: [GSIM LOG]: gsimLogHandler, msg: MESSAGE_SCAN_STOP, appName: com.google.uid.shared, scannerId: 6, reportDelayMillis=0
11-05 15:07:20.132  4199  4911 W bt_btm  : btm_ble_disable_resolving_list() rl_state = 0x1b, rl_mask = 0x2, to_resume = 1
11-05 15:07:20.132  4199  4911 W bt_btm  : btm_ble_enable_resolving_list() rl_state = 0x19, rl_mask = 0x2
11-05 15:07:20.149  4530  6249 D ForegroundUtils: could not check pending caller
11-05 15:07:20.222  3385  3385 E audit   : type=1400 audit(1541444840.219:5665): avc:  denied  { read } for  pid=20590 comm="Thread-2" name="stat" dev="proc" ino=4026532420 scontext=u:r:untrusted_app_25:s0:c512,c768 tcontext=u:object_r:proc_stat:s0 tclass=file permissive=0 SEPF_SM-G955F_8.0.0_0016 audit_filtered
11-05 15:07:20.338  3385  3385 E audit   : type=1400 audit(1541444840.335:5666): avc:  denied  { read } for  pid=20590 comm="Thread-2" name="stat" dev="proc" ino=4026532420 scontext=u:r:untrusted_app_25:s0:c512,c768 tcontext=u:object_r:proc_stat:s0 tclass=file permissive=0 SEPF_SM-G955F_8.0.0_0016 audit_filtered
11-05 15:07:20.357  3800  3956 D InputReader: Input event(5): value=1 when=8945388924000
11-05 15:07:20.358  3800  3956 D InputReader: Input event(5): value=1 when=8945388924000
11-05 15:07:20.358  3800  3956 I InputReader: Touch event's action is 0x0 (deviceType=0) [pCnt=1, s=0.449 ] when=8945388924000
11-05 15:07:20.358  3800  3955 I InputDispatcher: Delivering touch to (4234): action: 0x4, toolType: 1
11-05 15:07:20.358  3800  3955 I InputDispatcher: Delivering touch to (4234): action: 0x4, toolType: 1
11-05 15:07:20.358  3800  3955 I InputDispatcher: Delivering touch to (20590): action: 0x0, toolType: 1
11-05 15:07:20.361  4234  4234 D ViewRootImpl@fb4671a[Toast]: dispatchDetachedFromWindow
11-05 15:07:20.362  4234  4234 D InputEventReceiver: channel '46bb681 Toast (client)' ~ Disposing input event receiver.
11-05 15:07:20.362  4234  4234 D InputEventReceiver: channel '46bb681 Toast (client)' ~NativeInputEventReceiver.
11-05 15:07:20.363 20590 20590 D ViewRootImpl@12defad[GameActivity]: ViewPostIme pointer 0
11-05 15:07:20.366 20590 20609 D UE4     : [2018.11.05-19.07.20:366][ 47]LogSlate: FSceneViewport::OnFocusLost() reason 0
11-05 15:07:20.373  3800  5257 I NotificationService: cancelToast pkg=com.android.systemui callback=android.app.ITransientNotification$Stub$Proxy@3c57703
11-05 15:07:20.378  3800  5257 W WindowManager: removeWindowToken: Attempted to remove non-existing token: android.os.Binder@724618b
11-05 15:07:20.454  3385  3385 E audit   : type=1400 audit(1541444840.451:5667): avc:  denied  { read } for  pid=20590 comm="Thread-2" name="stat" dev="proc" ino=4026532420 scontext=u:r:untrusted_app_25:s0:c512,c768 tcontext=u:object_r:proc_stat:s0 tclass=file permissive=0 SEPF_SM-G955F_8.0.0_0016 audit_filtered
11-05 15:07:20.475  3800  3956 D InputReader: Input event(5): value=0 when=8945506579000
11-05 15:07:20.475  3800  3956 D InputReader: Input event(5): value=0 when=8945506579000
11-05 15:07:20.475  3800  3956 I InputReader: Touch event's action is 0x1 (deviceType=0) [pCnt=1, s=] when=8945506579000
11-05 15:07:20.475  3800  3955 I InputDispatcher: Delivering touch to (20590): action: 0x1, toolType: 1
11-05 15:07:20.480 20590 20590 D ViewRootImpl@12defad[GameActivity]: ViewPostIme pointer 1
11-05 15:07:20.483 20590 20609 D UE4     : [2018.11.05-19.07.20:483][ 54]LogGoogleARCore: Start ARCore session requested
11-05 15:07:20.499 20590 20609 D UE4     : [2018.11.05-19.07.20:499][ 55]LogAndroidPermission: UAndroidPermissionFunctionLibrary::CheckPermission android.permission.CAMERA (Android)
11-05 15:07:20.501 20590 20609 E PermissionHelper: GVRTransition2DActivity.getActivity() failed. Trying to get GameActivity.
11-05 15:07:20.503 20590 20609 D PermissionHelper: checkPermission: android.permission.CAMERA has granted
11-05 15:07:20.503 20590 20609 I native  : session_create.cc:71 ArSession_create with info: Entering
11-05 15:07:20.540 20590 20609 W native  : commandlineflags.cc:943 Ignoring RegisterValidateFunction() for flag pointer 0xb72a1810: no flag found at that address
11-05 15:07:20.541 20590 20609 I native  : version_check.cc:23 ARCore Version: APK version:1.5.180910126
11-05 15:07:20.541 20590 20609 I native  : version_check.cc:24 ARCore Version: emulated SDK version:1.0.0
11-05 15:07:20.541 20590 20609 I native  : session_create.cc:37 LoadDynamite with info: Dynamite load ok.
11-05 15:07:20.570 20590 20609 W native  : commandlineflags.cc:943 Ignoring RegisterValidateFunction() for flag pointer 0xb63bb2a0: no flag found at that address
11-05 15:07:20.577 20590 20609 I native  : session_create_implementation.cc:47 Entering ArSession_createWithSettingsImplementation_private. ARCore SDK version: [1.0.0].
11-05 15:07:20.577 20590 20609 V third_party/redwood/base/jni_common/jni_helper.cc: ~JniHelper: did not need to detach thread. (Called from line 20.)
11-05 15:07:20.577 20590 20609 V third_party/redwood/base/jni_common/jni_helper.cc: ~JniHelper: did not need to detach thread. (Called from line 914.)
11-05 15:07:20.577 20590 20609 V third_party/redwood/base/jni_common/jni_helper.cc: JniHelper: about to attach thread. (Called from line 90.)
11-05 15:07:20.577 20590 20609 V third_party/redwood/base/jni_common/jni_helper.cc: JniHelper: thread already attached. (Called from line 90.)
11-05 15:07:20.578 20590 20609 V third_party/redwood/base/jni_common/jni_helper.cc: ~JniHelper: did not need to detach thread. (Called from line 90.)
11-05 15:07:20.581  3800  5229 D StorageManagerService: getExternalStorageMountMode : 1
11-05 15:07:20.582  3800  5229 D StorageManagerService: getExternalStorageMountMode : 3
11-05 15:07:20.582  3800  5229 D StorageManagerService: getExternalStorageMountMode : final mountMode=1, uid : 10218, packageName : com.google.ar.core
11-05 15:07:20.582  3800  5229 I ApplicationPolicy: isApplicationExternalStorageWhitelisted:com.google.ar.core user:0
11-05 15:07:20.582  3800  5229 D ApplicationPolicy: isApplicationExternalStorageWhitelisted: DO is not enabled on user 0. Allowed.
11-05 15:07:20.582  3800  5229 D ActivityManager: package  com.google.ar.core, user - 0 is SDcard whitelisted
11-05 15:07:20.582  3800  5229 I ApplicationPolicy: isApplicationExternalStorageBlacklisted:com.google.ar.core user:0
11-05 15:07:20.582  3800  5229 D ApplicationPolicy: isApplicationExternalStorageBlacklisted: DO is not enabled on user 0. Allowed.
11-05 15:07:20.603  3800  5229 I ActivityManager: Start proc 20873:com.google.ar.core/u0a218 for content provider com.google.ar.core/.services.ArCoreContentProvider
11-05 15:07:20.607 20873 20873 E Zygote  : isWhitelistProcess - Process is Whitelisted
11-05 15:07:20.609 20873 20873 E libpersona: scanKnoxPersonas
11-05 15:07:20.609 20873 20873 E libpersona: Couldn't open the File - /data/system/users/0/personalist.xml - No such file or directory
11-05 15:07:20.613 20873 20873 W SELinux : SELinux selinux_android_compute_policy_index : Policy Index[2],  Con:u:r:zygote:s0 SPD:SEPF_SM-G955F_8.0.0_0007 RAM:SEPF_SM-G955F_8.0.0_0016, [-1 -1 -9 -1 0 1]
11-05 15:07:20.615 20873 20873 I SELinux : SELinux: seapp_context_lookup: seinfo=untrusted, level=s0:c512,c768, pkgname=com.google.ar.core 
11-05 15:07:20.645 20873 20873 D TimaKeyStoreProvider: TimaKeyStore is not enabled: cannot add TimaSignature Service and generateKeyPair Service
11-05 15:07:20.645 20873 20873 D ActivityThread: Added TimaKeyStore provider
11-05 15:07:20.648  3800  5257 I ActivityManager: DSS on for com.google.ar.core and scale is 1.0
11-05 15:07:20.679 20873 20888 I vndksupport: sphal namespace is not configured for this process. Loading /vendor/lib64/egl/libGLES_mali.so from the current namespace instead.
11-05 15:07:20.712 20873 20888 D libEGL  : loaded /vendor/lib64/egl/libGLES_mali.so
11-05 15:07:20.739 20873 20873 W native  : commandlineflags.cc:943 Ignoring RegisterValidateFunction() for flag pointer 0x7dfa8b9000: no flag found at that address
11-05 15:07:20.776 20873 20886 W native  : helpers.cc:1639 Defaulting to persistent calibration file.
11-05 15:07:20.777 20873 20886 W native  : helpers.cc:1616 Property calibration_cad is not defined.
11-05 15:07:20.777 20873 20886 I native  : device_provider.cc:1207 Identified device type: kDream2lte8
11-05 15:07:20.785 20590 20609 V third_party/redwood/base/jni_common/jni_helper.cc: ~JniHelper: did not need to detach thread. (Called from line 632.)
11-05 15:07:20.785 20590 20609 V third_party/redwood/base/jni_common/jni_helper.cc: ~JniHelper: did not need to detach thread. (Called from line 69.)
11-05 15:07:20.785 20590 20609 V third_party/redwood/base/jni_common/jni_helper.cc: JniHelper: about to attach thread. (Called from line 137.)
11-05 15:07:20.785 20590 20609 V third_party/redwood/base/jni_common/jni_helper.cc: JniHelper: thread already attached. (Called from line 137.)
11-05 15:07:20.805 20590 20609 V third_party/redwood/base/jni_common/jni_helper.cc: ~JniHelper: did not need to detach thread. (Called from line 137.)
11-05 15:07:20.805 20590 20609 V third_party/redwood/base/jni_common/jni_helper.cc: JniHelper: about to attach thread. (Called from line 114.)
11-05 15:07:20.805 20590 20609 V third_party/redwood/base/jni_common/jni_helper.cc: JniHelper: thread already attached. (Called from line 114.)
11-05 15:07:20.825 20590 20609 V third_party/redwood/base/jni_common/jni_helper.cc: ~JniHelper: did not need to detach thread. (Called from line 114.)
11-05 15:07:20.825 20590 20609 I native  : cpu_feature_extractor.cc:56 Doing adaptive frequency feature extraction using KLT.
11-05 15:07:20.832 20590 20609 I native  : device_profile_conversions.cc:142 used_active_calibration: 2
11-05 15:07:20.833 20590 20609 I native  : device_profile_conversions.cc:142 used_active_calibration: 2
11-05 15:07:20.839 20590 20609 I native  : android_sensors.cc:80 Using uncalibrated accelerometer.
11-05 15:07:20.840 20590 20609 I native  : android_sensors.cc:110 Using uncalibrated magnetometer.
11-05 15:07:20.849 20590 20609 V third_party/redwood/base/jni_common/jni_helper.cc: JniHelper: about to attach thread. (Called from line 69.)
11-05 15:07:20.849 20590 20609 V third_party/redwood/base/jni_common/jni_helper.cc: JniHelper: thread already attached. (Called from line 69.)
11-05 15:07:20.849 20590 20609 V third_party/redwood/base/jni_common/jni_helper.cc: ~JniHelper: did not need to detach thread. (Called from line 69.)
11-05 15:07:20.849 20590 20893 V third_party/redwood/base/jni_common/jni_helper.cc: JniHelper: about to attach thread. (Called from line 189.)
11-05 15:07:20.850 20590 20609 I native  : performance_manager.cc:22 Processor data: Num processors 8
11-05 15:07:20.850 20590 20609 I native  : Processor type: LittleBig
11-05 15:07:20.850 20590 20609 I native  : Num small cores 4
11-05 15:07:20.850 20590 20609 I native  : Max frequency 1690000
11-05 15:07:20.850 20590 20609 I native  : Min frequency 455000
11-05 15:07:20.850 20590 20609 I native  : Small cores 0 1 2 3
11-05 15:07:20.850 20590 20609 I native  : Num big cores 4
11-05 15:07:20.850 20590 20609 I native  : Max frequency 2314000
11-05 15:07:20.850 20590 20609 I native  : Min frequency 741000
11-05 15:07:20.850 20590 20609 I native  : Big cores 4 5 6 7
11-05 15:07:20.850 20590 20609 I native  : 
11-05 15:07:20.852 20590 20893 V third_party/redwood/base/jni_common/jni_helper.cc: JniHelper: attached thread. (Called from line 189.)
11-05 15:07:20.858 20590 20609 I native  : device_provider.cc:1207 Identified device type: kDream2lte8
11-05 15:07:20.863  5027  5027 E adbd    : recv: OPEN 0000216c 00000000 0009:74 63 70 3A 36 36 36 36 00 
11-05 15:07:20.864  5027  5027 E adbd    : service_to_fd: tcp:6666
11-05 15:07:20.866  3418  3636 D DnsProxyListener: DNSDBG::dns addrinfo af 2
11-05 15:07:20.896  3254  3254 D SurfaceFlinger:   Display[0] configurations (* current):
11-05 15:07:20.896  3254  3254 D SurfaceFlinger:     * 0: 1440x2960, xdpi=522.513977, ydpi=525.762024, refresh=16666666
11-05 15:07:20.896  3254  3254 D SurfaceFlinger:   numHwLayers=4, flags=00000000
11-05 15:07:20.896  3254  3254 D SurfaceFlinger:     type   |  handle  | hint | flag | tr | blnd |   format    |     source crop (l,t,r,b)      |          frame         | name 
11-05 15:07:20.896  3254  3254 D SurfaceFlinger: -----------+----------+------+------+----+------+-------------+--------------------------------+------------------------+------
11-05 15:07:20.896  3254  3254 D SurfaceFlinger:        HWC | 720662c420 | 0000 | 0020 | 00 | 0100 | RGBA_8888   |    0.0,    0.0,  656.0, 1280.0 |    0,    0, 1440, 2792 | SurfaceView - com.YourCompany.guia_ra/com.epicgames.ue4.GameActivity@88341bf@1#0
11-05 15:07:20.896  3254  3254 D SurfaceFlinger:        HWC | 720662c880 | 0000 | 0000 | 00 | 0105 | RGBA_8888   |    0.0,    0.0, 1440.0, 2792.0 |    0,    0, 1440, 2792 | com.YourCompany.guia_ra/com.epicgames.ue4.GameActivity#1
11-05 15:07:20.896  3254  3254 D SurfaceFlinger:        HWC | 720662b380 | 0000 | 0000 | 00 | 0105 | RGBA_8888   |    0.0,    0.0, 1440.0,  168.0 |    0, 2792, 1440, 2960 | NavigationBar#0
11-05 15:07:20.896  3254  3254 D SurfaceFlinger:  FB TARGET | 7206c558c0 | 0000 | 0000 | 00 | 0105 | RGBA_8888   |    0.0,    0.0, 1440.0, 2960.0 
11-05 15:07:20.897  3254  3254 D SurfaceFlinger: |    0,    0, 1440, 2960 | HWC_FRAMEBUFFER_TARGET
11-05 15:07:20.903  3800  3902 I WindowManager: Destroying surface Surface(name=Toast) called by com.android.server.wm.WindowStateAnimator.destroySurface:2465 com.android.server.wm.WindowStateAnimator.destroySurfaceLocked:967 com.android.server.wm.WindowState.destroyOrSaveSurfaceUnchecked:3661 com.android.server.wm.RootWindowContainer.performSurfacePlacement:826 com.android.server.wm.WindowSurfacePlacer.performSurfacePlacementLoop:233 com.android.server.wm.WindowSurfacePlacer.performSurfacePlacement:168 com.android.server.wm.WindowSurfacePlacer.performSurfacePlacement:158 com.android.server.wm.WindowSurfacePlacer.lambda$-com_android_server_wm_WindowSurfacePlacer_6459:135 
11-05 15:07:20.903  3254  3283 I SurfaceFlinger: id=197 Removed Toast#0 (5/8)
11-05 15:07:20.904  3254  3283 I SurfaceFlinger: id=197 Removed Toast#0 (-2/8)
11-05 15:07:20.904  3800  3902 D PowerManagerService: [api] release WakeLock SCREEN_BRIGHT_WAKE_LOCK        'WindowManager' ON_AFTER_RELEASE ACQ=-1s817ms (uid=1000 pid=3800 ws=WorkSource{10034}) (0x0)
11-05 15:07:20.905  3800  3902 D EdgeLightingManager: hideForWakeLock packageName=android
11-05 15:07:20.905  3800  3902 D EdgeLightingManager: isCallingUserSupported : callingUserId=0, mUserId=0, isDualAppId=false
11-05 15:07:20.905  3800  3902 D EdgeLightingClientManager: isAvailableEdgeLighting: condition=2 mCondition=3 mIsConnected=false0
11-05 15:07:20.905  3800  3902 D EdgeLightingManager: hideForWakeLockInternal : return false by isAcceptableApplication.
11-05 15:07:20.905  3800  3902 D PowerManagerService: [api] applyWakeLockFlagsOnReleaseLocked : userActivityNoUpdateLocked is called : SCREEN_BRIGHT_WAKE_LOCK        'WindowManager' ON_AFTER_RELEASE (uid=1000 pid=3800 ws=WorkSource{10034})
11-05 15:07:20.906  3800  3902 W AppOps  : Finishing op nesting under-run: uid 10034 pkg com.android.systemui code 45 time=1539636444041 duration=2553 nesting=0
11-05 15:07:20.911  3254  3254 I Layer   : id=197 onRemoved Toast#0 
11-05 15:07:20.915 20590 20609 I native  : vio_helper.cc:49 Use calibrated IMU scale factors.
11-05 15:07:20.915 20590 20609 I native  : vio_helper.cc:61 Use calibrated IMU misalignment factors.
11-05 15:07:21.005 20590 20609 I native  : device_profile_conversions.cc:142 used_active_calibration: 2
11-05 15:07:21.015 20590 20609 W AnchorServiceClientFactory: The API key for use with the Google AR service could not be obtained!
11-05 15:07:21.024 20590 20609 D NetworkSecurityConfig: No Network Security Config specified, using platform default
11-05 15:07:21.038 20590 20609 V third_party/redwood/base/jni_common/jni_helper.cc: ~JniHelper: did not need to detach thread. (Called from line 389.)
11-05 15:07:21.038 20590 20609 V third_party/redwood/base/jni_common/jni_helper.cc: ~JniHelper: did not need to detach thread. (Called from line 252.)
11-05 15:07:21.040 20590 20609 I native  : android_camera.cc:1187 Initializing camera manager.
11-05 15:07:21.043 20590 20609 D VendorTagDescriptor: addVendorDescriptor: vendor tag id 3854507339 added
11-05 15:07:21.046 20590 20609 I native  : android_camera.cc:1211 Camera manager initialized successfully with 2 cameras.
11-05 15:07:21.048 20590 20609 V third_party/redwood/base/jni_common/jni_helper.cc: JniHelper: about to attach thread. (Called from line 22.)
11-05 15:07:21.048 20590 20609 V third_party/redwood/base/jni_common/jni_helper.cc: JniHelper: thread already attached. (Called from line 22.)
11-05 15:07:21.048 20590 20609 V third_party/redwood/base/jni_common/jni_helper.cc: ~JniHelper: did not need to detach thread. (Called from line 22.)
11-05 15:07:21.049 20590 20609 V third_party/redwood/base/jni_common/jni_helper.cc: JniHelper: about to attach thread. (Called from line 22.)
11-05 15:07:21.049 20590 20609 V third_party/redwood/base/jni_common/jni_helper.cc: JniHelper: thread already attached. (Called from line 22.)
11-05 15:07:21.049 20590 20609 V third_party/redwood/base/jni_common/jni_helper.cc: ~JniHelper: did not need to detach thread. (Called from line 22.)
11-05 15:07:21.050 20590 20920 W native  : motion_analysis_calculator.cc:361 No input video header found. Downstream calculators expecting video headers are likely to fail.
11-05 15:07:21.056 20590 20609 V third_party/redwood/base/jni_common/jni_helper.cc: JniHelper: about to attach thread. (Called from line 46.)
11-05 15:07:21.056 20590 20609 V third_party/redwood/base/jni_common/jni_helper.cc: JniHelper: thread already attached. (Called from line 46.)
11-05 15:07:21.070 20590 20609 V third_party/redwood/base/jni_common/jni_helper.cc: ~JniHelper: did not need to detach thread. (Called from line 46.)
11-05 15:07:21.070 20590 20609 I native  : session_create_implementation.cc:202 ArSession_createWithSettingsImplementation_private returning OK.
11-05 15:07:21.081 20590 20609 I native  : session.cc:545 Entering Session::Resume.
11-05 15:07:21.081 20590 20609 V third_party/redwood/base/jni_common/jni_helper.cc: JniHelper: about to attach thread. (Called from line 46.)
11-05 15:07:21.081 20590 20609 V third_party/redwood/base/jni_common/jni_helper.cc: JniHelper: thread already attached. (Called from line 46.)
11-05 15:07:21.082 20590 20609 V third_party/redwood/base/jni_common/jni_helper.cc: ~JniHelper: did not need to detach thread. (Called from line 46.)
11-05 15:07:21.083 20590 20609 I native  : android_sensors.cc:133 Starting thread.
11-05 15:07:21.083 20590 20609 I native  : cameras.cc:575 Selected camera 0 stream 0 as feature extraction stream.
11-05 15:07:21.084 20590 20609 V Surface : sf_framedrop debug : 0x4f4c, game : false, logging : 0
11-05 15:07:21.084 20590 20609 E NdkImageReader: AImageReader_getWindow
11-05 15:07:21.084  3800  5229 I SensorService: createSensorEventConnection package name 
11-05 15:07:21.085 20590 20922 I native  : android_sensors.cc:28 Gyro min delay 2ms requesting 5ms
11-05 15:07:21.085  3800  4253 D SensorService: Calling batch handle==9 flags=0 rate=200000000 timeout== 0
11-05 15:07:21.086 20590 20924 V Surface : sf_framedrop debug : 0x4f4c, game : false, logging : 0
11-05 15:07:21.086  3241  3241 I Sensors : batch - uncal_gyro_sensor try to batching with 200000000
11-05 15:07:21.087  3409 27340 I CameraService: CameraService::connect call (PID -1 "", camera ID 0) for HAL version default and Camera API version 2
11-05 15:07:21.088  3241  3241 I Sensors : UncalGyroSensor old sensor_state 16403, new sensor_state : 49171 en : 1
11-05 15:07:21.091  3241  3241 I Sensors : batch - uncal_gyro_sensor try to batching with 5000000
11-05 15:07:21.091  3800  4253 I EDMNativeHelperService: isCameraEnabled
11-05 15:07:21.092  3409 27340 E CameraService: checkTemperature (0)
11-05 15:07:21.093  3409 27340 I CameraService: CameraService::validateClientPermissionsLocked is ok : calling pid 20590, calling uid 10325, cameraservice pid=3409, device user 0, currently allowed device users: 0
11-05 15:07:21.093 20590 20922 I native  : android_sensors.cc:28 Accel min delay 2ms requesting 5ms
11-05 15:07:21.093  3409 27340 I CameraService: wouldEvictLocked:getCurrentCostLocked()=0, cost=51, totalCost=51, MaxCost=100
11-05 15:07:21.094  3409 27340 I CameraService: wouldEvictLocked: owner=20590 priority-score=0, highestPriorityOwner=20590, highestPriority-score=0
11-05 15:07:21.094  3409 27340 I CameraFlashlight: prepareDeviceOpen: prepare for device open(cameraId=0, package=)
11-05 15:07:21.094  3409 27340 I CameraService: torch_mode_status_change: cameraId=0, TorchStatus=0
11-05 15:07:21.094  3409 27340 I CameraService: onTorchStatusChangedLocked: Torch status changed for cameraId=0, newStatus=0
11-05 15:07:21.095  3800  3826 D SamsungPhoneWindowManager: onTorchModeUnavailable mCameraId = 0 cameraId = 0
11-05 15:07:21.095  3409 27340 E CameraService: setCompanionDisableSysFs : cc.disable property set to 0
11-05 15:07:21.097  4234  4626 D FlashlightController: updateTorchCallback for mCameraId 0
11-05 15:07:21.100  3800  5229 D SensorService: Calling batch handle==8 flags=0 rate=200000000 timeout== 0
11-05 15:07:21.100  3409 27340 I CameraService: BasicClient: getPackagesForUid(10325)=com.YourCompany.guia_ra
11-05 15:07:21.100  3409 27340 I Camera2ClientBase: Camera 0: Opened. Client:  (PID 20590, UID 10325)
11-05 15:07:21.100  3241  3905 I Sensors : batch - uncal_accel_sensor try to batching with 200000000
11-05 15:07:21.101  3241  3905 I Sensors : UncalAccelSensor old sensor_state 49171, new sensor_state : 8589983763 en : 1
11-05 15:07:21.102  3409 27340 I CameraDeviceClient: CameraDeviceClient 0: Opened
11-05 15:07:21.102  3409 27340 I CameraService: startCameraOps: Start camera ops, package name = com.YourCompany.guia_ra, client UID = 10325
11-05 15:07:21.107  3241  3241 I Sensors : batch - uncal_accel_sensor try to batching with 5000000
11-05 15:07:21.108  3409 27340 D Camera3-Device: initialize: mInterfaceLock.lock()
11-05 15:07:21.109  3409 27340 I ExynosCamera3Interface: INFO(HAL3_camera_device_open[64]):camera(0) in ======
11-05 15:07:21.109  3409 27340 D ExynosCamera3Interface: DEBUG(check_camera_state):camera(0) state(1) checking...
11-05 15:07:21.109  3409 27340 D ExynosCamera3Interface: DEBUG(check_camera_state):camera(0) state(3:CLOSED->1:OPENED) is valid
11-05 15:07:21.109  3409 27340 E ExynosCamera3: Build Date is (Sep 11 2018) (11:24:24)
11-05 15:07:21.110  3409 27340 I ExynosCamera3: [CAM_ID(0)][]-INFO(ExynosCamera3[68]):cameraId(0), use_companion(1)
11-05 15:07:21.110 20873 20873 W ARCore.Analytics: Log Source: PJgQUl1CRhj8-rGlwtloKA==
11-05 15:07:21.111  3409 27340 D ExynosCamera3: [CAM_ID(0)][]-DEBUG(ExynosCamera3[75]): companionThread starts
11-05 15:07:21.111  3409 27340 I ExynosCamera3SensorInfo: INFO(createExynosCamera3SensorInfo[63]):sensor ID 32
11-05 15:07:21.111  3409 27340 I ExynosCamera3Parameters: [CAM_ID(0)][ParametersBack]-INFO(m_setParamCropRegion[1958]):size0(4032, 3024, 4032, 3024)
11-05 15:07:21.111  3409 27340 I ExynosCamera3Parameters: [CAM_ID(0)][ParametersBack]-INFO(m_setParamCropRegion[1960]):size(0, 0, 4032, 3024), level(0)
11-05 15:07:21.112  3409 20927 I ExynosCamera3: [CAM_ID(0)][]-INFO(m_companionThreadFunc[7994]):
11-05 15:07:21.112  3409 27340 I SecCameraUtil: INFO(checkBinningProperty[87]): set cam_binning property 0
11-05 15:07:21.112  3409 27340 I SecCameraUtil: INFO(checkFpsProperty[70]): set cam_binning property (-1).
11-05 15:07:21.112  3409 27340 I ExynosCamera3Parameters: [CAM_ID(0)][ParametersBack]-INFO(setDefaultCameraInfo[204]):
11-05 15:07:21.112  3409 27340 D ExynosCamera3Parameters: [CAM_ID(0)][ParametersBack]-DEBUG(m_setBnsScaleRatio[1423]): update BNS ratio(0 -> 1000)
11-05 15:07:21.112  3409 27340 I ExynosCameraActivityControl: INFO(setHalVersion[932]): m_halVersion(1)
11-05 15:07:21.112  3409 27340 I ExynosCamera3Parameters: [CAM_ID(0)][ParametersBack]-INFO(setHalVersion[6253]): m_halVersion(1)
11-05 15:07:21.112  3409 27340 D ExynosCameraRequestManager: [CAM_ID(0)][]-DEBUG(ExynosCameraRequestManager[1669]):Create-ID(0)
11-05 15:07:21.112  3409 27340 D ExynosCameraStreamManager: DEBUG(ExynosCameraStreamManager[330]):ID(0)
11-05 15:07:21.112  3409 27340 D ExynosCameraStreamManager: DEBUG(m_init[343]):ID(0)
11-05 15:07:21.112  3409 27340 D ExynosCamera3: [CAM_ID(0)][]-DEBUG(m_createManagers[639]):Stream Manager created
11-05 15:07:21.112  3409 27340 I ExynosCamera3: [CAM_ID(0)][]-INFO(m_createIonAllocator[4858]):try(1) to create IonAllocator
11-05 15:07:21.112  3409 20927 D ExynosCameraNode: [CAM_ID(0)][companion]-DEBUG(open[262]): Node(109)(/dev/video109) opened. m_fd(17)
11-05 15:07:21.112  3409 20927 D ExynosCamera3: [CAM_ID(0)][]-DEBUG(m_companionThreadFunc[8013]):Companion Node(109) opened running)
11-05 15:07:21.113  3409 27340 D ExynosCamera3: [CAM_ID(0)][]-DEBUG(m_createIonAllocator[4864]):m_createIonAllocator success (allocator=0xe89d0780)
11-05 15:07:21.113  3409 27340 D ExynosCamera3: [CAM_ID(0)][]-DEBUG(m_createBufferManager[4886]):m_createIonAllocator success
11-05 15:07:21.113  3409 27340 D ExynosCamera3: [CAM_ID(0)][]-DEBUG(m_createBufferManager[4892]):BufferManager(FLITE_BUF) created
11-05 15:07:21.113  3409 27340 D ExynosCamera3: [CAM_ID(0)][]-DEBUG(m_createBufferManager[4892]):BufferManager(3AA_BUF) created
11-05 15:07:21.113  3409 27340 D ExynosCamera3: [CAM_ID(0)][]-DEBUG(m_createBufferManager[4892]):BufferManager(ISP_BUF) created
11-05 15:07:21.113  3409 27340 D ExynosCamera3: [CAM_ID(0)][]-DEBUG(m_createBufferManager[4892]):BufferManager(MCSC_BUF) created
11-05 15:07:21.113  3409 27340 D ExynosCamera3: [CAM_ID(0)][]-DEBUG(m_createBufferManager[4892]):BufferManager(ISP_RE_BUF) created
11-05 15:07:21.113  3409 27340 D ExynosCamera3: [CAM_ID(0)][]-DEBUG(m_createBufferManager[4892]):BufferManager(YUV_CAPTURE_BUF) created
11-05 15:07:21.113  3409 27340 D ExynosCamera3: [CAM_ID(0)][]-DEBUG(m_createBufferManager[4892]):BufferManager(THUMBNAIL_BUF) created
11-05 15:07:21.113  3409 27340 D ExynosCamera3: [CAM_ID(0)][]-DEBUG(m_createBufferManager[4892]):BufferManager(INTERNAL_SCP_BUF) created
11-05 15:07:21.114  3409 27340 D ExynosCamera3: [CAM_ID(0)][]-DEBUG(m_createThreads[671]):Creating threads
11-05 15:07:21.114  3409 27340 D ExynosCamera3: [CAM_ID(0)][]-DEBUG(m_createThreads[725]):Creating threads done
11-05 15:07:21.114  3409 27340 D ExynosCameraMetadataConverter: DEBUG(constructStaticInfo[403]):ID(0)
11-05 15:07:21.114  3409 27340 I ExynosCamera3SensorInfo: INFO(createExynosCamera3SensorInfo[63]):sensor ID 32
11-05 15:07:21.115  3409 27340 D ExynosCameraFrameManager: [CAM_ID(1)][]-DEBUG(ExynosCameraFrameManager[1094]): FrameManager CREATE(name(FRAME MANAGER) cameraid(0) mode(2)
11-05 15:07:21.115  3409 27340 D ExynosCameraFrameManager: [CAM_ID(0)][CREATE FRAME WORKER]-DEBUG(CreateWorker[141]): Worker CREATE(name(CREATE FRAME WORKER) cameraid(0) mode(2) min_margin(200) max_margin(300)  
11-05 15:07:21.115  3409 27340 D ExynosCameraFrameManager: [CAM_ID(0)][CREATE FRAME WORKER]-DEBUG(m_setMargin[112]):margin is updated, margin[MAX/MIN]=(15 x 15) -> (300 x 200)
11-05 15:07:21.115  3409 27340 D ExynosCameraFrameManager: [CAM_ID(0)][RUNNING FRAME WORKER]-DEBUG(RunWorker[655]): Worker CREATE(name(RUNNING FRAME WORKER) cameraid(0) mode(2) 
11-05 15:07:21.115  3409 27340 I ExynosCamera3: [CAM_ID(0)][]-INFO(m_constructFrameFactory[3870]):-IN-
11-05 15:07:21.117  4234  4723 D Tile.FlashlightTile: cancelNotification!!!
11-05 15:07:21.151  3409 20927 D ExynosCamera3: [CAM_ID(0)][]-DEBUG(m_companionThreadFunc[8019]):Companion Node(109) s_input)
11-05 15:07:21.151  3409 20927 D ExynosCamera3: [CAM_ID(0)][]-DEBUG(m_companionThreadFunc[8023]):duration time(   39 msec)
11-05 15:07:21.151  3409 27340 I ExynosCamera3: [CAM_ID(0)][]-INFO(m_waitCompanionThreadEnd[8169]):companionThread joined, waiting time : duration time(   34 msec)
11-05 15:07:21.151  3409 27340 I ExynosCamera3: [CAM_ID(0)][]-INFO(m_constructFrameFactory[3899]):-OUT-
11-05 15:07:21.151  3409 27340 D ExynosCamera3: DEBUG:duration time(   36 msec):(m_constructFrameFactory)
11-05 15:07:21.151  3409 27340 I ExynosCamera3Interface: INFO(HAL3_camera_device_open[111]):camera(0) out from new g_cam_device3[0]->priv()
11-05 15:07:21.152  3409 27340 I CameraProviderManager: Camera device device@1.0/legacy/0 torch status is now NOT_AVAILABLE
11-05 15:07:21.152  3409 27340 I CameraService: onTorchStatusChangedLocked: Torch status changed for cameraId=0, newStatus=0
11-05 15:07:21.152  3409 27340 I CameraProviderManager: Camera device device@3.2/legacy/0 torch status is now NOT_AVAILABLE
11-05 15:07:21.152  3409 27340 I CameraService: onTorchStatusChangedLocked: Torch status changed for cameraId=0, newStatus=0
11-05 15:07:21.152  3409 27340 I ExynosCamera3Interface: INFO(HAL3_camera_device_open[156]):camera(0) out =====
11-05 15:07:21.152  3409 27340 D ExynosCamera3Interface: DEBUG:duration time(   43 msec):(HAL3_camera_device_open)
11-05 15:07:21.152  3409 27340 I ExynosCamera3Interface: INFO(HAL3_camera_device_initialize[223]):in =====
11-05 15:07:21.152  3409 27340 E ExynosCamera3Interface: INFO(HAL3_camera_device_initialize[227]): dual cam_state[0](1)
