11-04 17:45:44.030  2691  2691 E adbd    : failed to connect to socket 'tcp:6666': Connection refused
11-04 17:45:44.963  4268 15602 W PlayEventLogger: No account for auth token provided
11-04 17:45:46.037  2691  2691 E adbd    : failed to connect to socket 'tcp:6666': Connection refused
11-04 17:45:50.052  2691  2691 I chatty  : uid=2000(shell) /sbin/adbd identical 2 lines
11-04 17:45:52.058  2691  2691 E adbd    : failed to connect to socket 'tcp:6666': Connection refused
11-04 17:45:53.371 17874 17992 D ClClient: Not sending keepalive.  Current connection state=STOPPED
11-04 17:45:54.063  2691  2691 E adbd    : failed to connect to socket 'tcp:6666': Connection refused
11-04 17:45:56.070  2691  2691 I chatty  : uid=2000(shell) /sbin/adbd identical 1 line
11-04 17:45:58.075  2691  2691 E adbd    : failed to connect to socket 'tcp:6666': Connection refused
11-04 17:45:58.641 21734 21755 I Finsky  : [1420] com.google.android.finsky.bn.an.run(6): Stats for Executor: BlockingExecutor com.google.android.finsky.bn.ao@c884017[Running, pool size = 0, active threads = 0, queued tasks = 0, completed tasks = 7]
11-04 17:45:58.642 21734 21755 I Finsky  : [1420] com.google.android.finsky.bn.an.run(6): Stats for Executor: LightweightExecutor com.google.android.finsky.bn.ao@2547c04[Running, pool size = 4, active threads = 0, queued tasks = 0, completed tasks = 42]
11-04 17:45:58.859 21734 21755 I Finsky  : [1420] com.google.android.finsky.bn.an.run(6): Stats for Executor: bgExecutor com.google.android.finsky.bn.ao@ada35ed[Running, pool size = 4, active threads = 0, queued tasks = 0, completed tasks = 7]
11-04 17:45:59.299 21734 21755 I Finsky  : [1420] com.google.android.finsky.bn.an.run(6): Stats for Executor: StorageAwareDownloadServiceManagerSpaceChecker com.google.android.finsky.bn.ao@da55c22[Running, pool size = 0, active threads = 0, queued tasks = 0, completed tasks = 0]
11-04 17:46:00.083  2691  2691 E adbd    : failed to connect to socket 'tcp:6666': Connection refused
11-04 17:46:01.581   565   565 E WifiHAL : wifi_get_logger_supported_feature_set: Error -3 happened. 
11-04 17:46:01.583  3877  3877 D QtiCarrierConfigHelper: WARNING, no carrier configs on phone Id: 0
11-04 17:46:01.587 17874 17874 D HxBatteryStatusReceiver: onReceiveandroid.intent.action.BATTERY_CHANGED
11-04 17:46:01.590  2753  2844 E BatteryStatsService: no controller energy info supplied
11-04 17:46:01.590  2753  2844 E BatteryStatsService: no controller energy info supplied
11-04 17:46:01.656 17874 19202 D HxBatteryStatusReceiver: Battery status change source: 2 level: 71 scale: 100 health: 2
11-04 17:46:01.656 17874 17874 I BatteryReceiver: now=1541364361656 source=USB level=0.71 health=GOOD
11-04 17:46:01.656 17874 19202 D HxBatteryStatusReceiver: Not calling HxCore because battery status did not change. Current status is: 2
11-04 17:46:01.675  2753  2844 E BatteryStatsService: modem info is invalid: ModemActivityInfo{ mTimestamp=15795280 mSleepTimeMs=7271623 mIdleTimeMs=-7002486 mTxTimeMs[]=[4, 358, 2268, 112, 235] mRxTimeMs=193375 mEnergyUsed=0}
11-04 17:46:02.088  2691  2691 E adbd    : failed to connect to socket 'tcp:6666': Connection refused
11-04 17:46:03.371 17874 17992 D ClClient: Not sending keepalive.  Current connection state=STOPPED
11-04 17:46:04.093  2691  2691 E adbd    : failed to connect to socket 'tcp:6666': Connection refused
11-04 17:46:10.110  2691  2691 I chatty  : uid=2000(shell) /sbin/adbd identical 3 lines
11-04 17:46:12.116  2691  2691 E adbd    : failed to connect to socket 'tcp:6666': Connection refused
11-04 17:46:13.371 17874 17992 D ClClient: Not sending keepalive.  Current connection state=STOPPED
11-04 17:46:14.121  2691  2691 E adbd    : failed to connect to socket 'tcp:6666': Connection refused
11-04 17:46:16.126  2691  2691 E adbd    : failed to connect to socket 'tcp:6666': Connection refused
11-04 17:46:17.403  2753  3294 D BatteryService: uevent={POWER_SUPPLY_VOLTAGE_NOW=4091162, POWER_SUPPLY_CHARGE_RATE=Normal, POWER_SUPPLY_HEALTH=Good, POWER_SUPPLY_CURRENT_NOW=-383451, POWER_SUPPLY_PRESENT=1, SUBSYSTEM=power_supply, POWER_SUPPLY_TEMP=280, SEQNUM=8123, ACTION=change, POWER_SUPPLY_NAME=battery, POWER_SUPPLY_STATUS=Charging, POWER_SUPPLY_CHARGE_COUNTER=2701320, POWER_SUPPLY_CAPACITY=71, DEVPATH=/devices/soc/qpnp-smbcharger-17/power_supply/battery}
11-04 17:46:17.409  3877  3877 D QtiCarrierConfigHelper: WARNING, no carrier configs on phone Id: 0
11-04 17:46:17.416 17874 17874 D HxBatteryStatusReceiver: onReceiveandroid.intent.action.BATTERY_CHANGED
11-04 17:46:18.131  2691  2691 E adbd    : failed to connect to socket 'tcp:6666': Connection refused
11-04 17:46:20.137  2691  2691 I chatty  : uid=2000(shell) /sbin/adbd identical 1 line
11-04 17:46:22.142  2691  2691 E adbd    : failed to connect to socket 'tcp:6666': Connection refused
11-04 17:46:23.371 17874 17992 D ClClient: Not sending keepalive.  Current connection state=STOPPED
11-04 17:46:26.149  2691  2691 E adbd    : failed to connect to socket 'tcp:6666': Connection refused
11-04 17:46:28.154  2691  2691 I chatty  : uid=2000(shell) /sbin/adbd identical 1 line
11-04 17:46:30.159  2691  2691 E adbd    : failed to connect to socket 'tcp:6666': Connection refused
11-04 17:46:33.371 17874 17992 D ClClient: Not sending keepalive.  Current connection state=STOPPED
11-04 17:46:34.167  2691  2691 E adbd    : failed to connect to socket 'tcp:6666': Connection refused
11-04 17:46:35.456  4379  4379 D DMAgent : Device Management Job Scheduler service created.
11-04 17:46:35.466  4379  4379 D DMAgent : Starting Device Management Task.
11-04 17:46:35.468 16689 16689 V FlowsenseSDK: Wifi detector already running
11-04 17:46:35.475 16689 16689 V FlowsenseSDK: Starting Periodic Location Request
11-04 17:46:35.475 16689 16689 V FlowsenseSDK: BackGroundLocationAlarm, checking Android version before starting
11-04 17:46:35.475 16689 16689 V FlowsenseSDK: Android Version is >= Lollipop
11-04 17:46:35.475 16689 16689 V FlowsenseSDK: Trying to start Periodic Location Request
11-04 17:46:35.478  4379 19304 D DMAgent : Number of managed accounts: 1
11-04 17:46:35.482  4379 19304 I DMAgent : DeviceID returned by GServices: 3e1923557e856d48
11-04 17:46:35.507 16689 19305 E FlowsenseSDK: Should call Intent { cmp=ws.hanzo.Vrrh/com.flowsense.flowsensesdk.LocationService.LocationIntent }
11-04 17:46:35.507 16689 19305 V FlowsenseSDK: Service onStartCommand
11-04 17:46:35.508 16689 19305 V FlowsenseSDK: PersonaUUID aeae40698856446495717c71033c8e5c
11-04 17:46:35.508 16689 19305 V FlowsenseSDK: getLocation aeae40698856446495717c71033c8e5c
11-04 17:46:35.508 16689 19305 V FlowsenseSDK: SO >= M
11-04 17:46:35.509 16689 19305 V FlowsenseSDK: Permission False
11-04 17:46:35.509 16689 19305 V FlowsenseSDK: GpsLocation + last_know_gps_location null
11-04 17:46:35.510 16689 19305 V FlowsenseSDK: SO >= M
11-04 17:46:35.511 16689 19305 V FlowsenseSDK: Permission False
11-04 17:46:35.512 16689 19305 V FlowsenseSDK: NetworkLocation + last_know_gps_location null
11-04 17:46:35.512 16689 19305 V FlowsenseSDK: NetworkLocation + last_know_gps_location time 21:00:00
11-04 17:46:35.512 16689 19305 V FlowsenseSDK: SO >= M
11-04 17:46:35.513 16689 19305 V FlowsenseSDK: SO >= M
11-04 17:46:35.514 16689 19305 V FlowsenseSDK: Localizacao null
11-04 17:46:35.514 16689 19305 V FlowsenseSDK: Não foi encontrada nenhuma localização
11-04 17:46:35.517  4379 19304 I DMAgent : Service runs for: 1 accounts
11-04 17:46:35.520  4379 19304 I DMAgent : DeviceID returned by GServices: 3e1923557e856d48
11-04 17:46:35.541 17874 19308 D EventNotificationJob: Running EventNotificationJob, isDetail=true
11-04 17:46:35.544 17874 19308 D EventNotificationJob:   finished processing events.
11-04 17:46:35.562  4379 19304 I DMAgent : DMAgent highest level permission: 2
11-04 17:46:35.563  4379 19304 I DMAgent : Service runs, requesting data, pedro.chazanas@inovacaoeinstein.com.br
11-04 17:46:35.566  4379 19304 I DMAgent : DMAgentVersion: 104600
11-04 17:46:35.573  4379 19304 I DMAgent : User agent: DMAgent/104600/10.46.00
11-04 17:46:35.602  4379 19304 V DMAgent : Calling setRestrictionsProvider for receiver: ComponentInfo{com.google.android.apps.enterprise.dmagent/com.google.android.apps.enterprise.dmagent.RestrictionsReceiver}
11-04 17:46:35.607  4379 19304 I DMAgent : Doing Data Request: pedro.chazanas@inovacaoeinstein.com.br
11-04 17:46:35.607  4379 19304 D DMAgent : DM state before data request: 3
11-04 17:46:35.666  4379 19304 D DMAgent : is Device Rooted: false
11-04 17:46:35.687  4379 19304 I DMAgent : DMAgent highest level permission: 2
11-04 17:46:35.694  4379 19304 I DMAgent : DMAgent highest level permission: 2
11-04 17:46:35.699  2753  3883 D CryptdConnector: SND -> {27 cryptfs getpwtype}
11-04 17:46:35.700   457   461 D VoldCryptCmdListener: cryptfs getpwtype
11-04 17:46:35.702  4379  4379 W com.google.android.apps.enterprise.dmagent: type=1400 audit(0.0:1925): avc: denied { read } for uid=1010178 comm=4173796E635461736B202334 name="u:object_r:serialno_prop:s0" dev="tmpfs" ino=398 scontext=u:r:untrusted_app:s0:c522,c768 tcontext=u:object_r:serialno_prop:s0 tclass=file permissive=0
11-04 17:46:35.702  4379  4379 W com.google.android.apps.enterprise.dmagent: type=1400 audit(0.0:1926): avc: denied { read } for uid=1010178 comm=4173796E635461736B202334 name="u:object_r:serialno_prop:s0" dev="tmpfs" ino=398 scontext=u:r:untrusted_app:s0:c522,c768 tcontext=u:object_r:serialno_prop:s0 tclass=file permissive=0
11-04 17:46:35.702  2753  3448 D CryptdConnector: RCV <- {213 27 pattern}
11-04 17:46:35.704  4379 19304 E libc    : Access denied finding property "ro.boot.serialno"
11-04 17:46:35.704  4379 19304 E libc    : Access denied finding property "ro.serialno"
11-04 17:46:35.845  4379 19304 I DMAgent : DMAgent highest level permission: 2
11-04 17:46:35.846  4379 19304 D DMAgent : totalAccounts fetched from the device are: 1
11-04 17:46:35.848  4379 19304 I DMAgent : DeviceID returned by GServices: 3e1923557e856d48
11-04 17:46:35.886  4379 19304 I DMAgent : DeviceID returned by GServices: 3e1923557e856d48
11-04 17:46:35.912  4379 19304 D DMAgent : is Device Rooted: false
11-04 17:46:35.916  2753  9626 D CryptdConnector: SND -> {28 cryptfs getpwtype}
11-04 17:46:35.917   457   461 D VoldCryptCmdListener: cryptfs getpwtype
11-04 17:46:35.918  2753  3448 D CryptdConnector: RCV <- {213 28 pattern}
11-04 17:46:35.920  2753  9626 D CryptdConnector: SND -> {29 cryptfs getpwtype}
11-04 17:46:35.920   457   461 D VoldCryptCmdListener: cryptfs getpwtype
11-04 17:46:35.927  2753  3448 D CryptdConnector: RCV <- {213 29 pattern}
11-04 17:46:35.957  4379 19304 I DMAgent : Old sequenceNumber: 552
11-04 17:46:35.957  4379 19304 I DMAgent : No packages have changed
11-04 17:46:36.090  4379 19304 D DMAgent : Adding Application data to server request. Old digest: 84c5c06eb6b48ef4f995ded9a7681d34. New: 0cf7e1e270049fb0e03627c453b98fd6. Number of apps: 149
11-04 17:46:36.172  2691  2691 E adbd    : failed to connect to socket 'tcp:6666': Connection refused
11-04 17:46:36.641  4379  4384 I zygote  : Do partial code cache collection, code=60KB, data=42KB
11-04 17:46:36.644  4379  4384 I zygote  : After code cache collection, code=60KB, data=42KB
11-04 17:46:36.644  4379  4384 I zygote  : Increasing code cache capacity to 256KB
11-04 17:46:37.992  2753  8050 I ActivityManager: Start proc 19320:com.google.android.gms.unstable/u10a31 for service com.google.android.gms/.droidguard.DroidGuardService
11-04 17:46:38.164 19320 19320 W GmsApplication: Failed to invoke the SupplierSetterRegistry.
11-04 17:46:38.176  2691  2691 E adbd    : failed to connect to socket 'tcp:6666': Connection refused
11-04 17:46:38.244 19320 19320 V NativeCrypto: Registering com/google/android/gms/org/conscrypt/NativeCrypto's 287 native methods...
11-04 17:46:38.287 19320 19320 D NetworkSecurityConfig: Using Network Security Config from resource network_security_config debugBuild: false
11-04 17:46:38.293 19320 19320 I ProviderInstaller: Installed default security provider GmsCore_OpenSSL
11-04 17:46:38.454 19320 19320 W Primes  : Primes not initialized, returning default (no-op) Primes instance which will ignore all calls. Please call Primes.initialize(...) before using any Primes API.
11-04 17:46:38.583 19320 19332 I DynamiteModule: Considering local module com.google.android.gms.googlecertificates:4 and remote module com.google.android.gms.googlecertificates:4
11-04 17:46:38.583 19320 19332 I DynamiteModule: Selected local version of com.google.android.gms.googlecertificates
11-04 17:46:38.627  2385 18576 I DrmHal  : makeDrmFactories: factory instance default is Remote
11-04 17:46:38.630  2385 18576 I DrmHal  : makeDrmFactories: factory instance widevine is Remote
11-04 17:46:38.642   554   554 D WVCdm   : Instantiating CDM.
11-04 17:46:38.653   555  6772 D WVCdm   : Instantiating CDM.
11-04 17:46:38.661   555  6772 I WVCdm   : CdmEngine::QueryStatus
11-04 17:46:38.661   555  6772 I WVCdm   : Level3 Library 4445 May 19 2017 17:17:20
11-04 17:46:38.678   555  6772 D DrmWidevineDash: OEMCrypto_Initialize: starts! g_qsee_apps_version = 0x38
11-04 17:46:38.678   555  6772 D         : CPPF_ServiceInitialize: start!
11-04 17:46:38.678   555  6772 D         : CPPF_ServiceInitialize: g_cppf_session_cnt = 1
11-04 17:46:38.678   555  6772 D QSEECOMAPI: QSEECom_get_handle sb_length = 0x2800
11-04 17:46:38.678   555  6772 D QSEECOMAPI: App is not loaded in QSEE
11-04 17:46:38.678   555  6772 E QSEECOMAPI: Error::Cannot open the file /vendor/firmware/cppf.mdt errno = 2
11-04 17:46:38.678   555  6772 E QSEECOMAPI: Error::Loading image failed with ret = -1
11-04 17:46:38.678   555  6772 D QSEECOMAPI: QSEECom_get_handle sb_length = 0x2800
11-04 17:46:38.678   555  6772 D QSEECOMAPI: App is not loaded in QSEE
11-04 17:46:38.679   555  6772 D QSEECOMAPI: app_arch = 2, total_files = 8
11-04 17:46:38.689   555  6772 D QSEECOMAPI: Loaded image: APP id = 4194308
11-04 17:46:38.690   555  6772 D         : CPPF_ServiceInitialize: end! returns 0, g_cppf_session_cnt = 1
11-04 17:46:38.690   555  6772 D DrmWidevineDash: Service_Initialize: starts!
11-04 17:46:38.690   555  6772 D QSEECOMAPI: QSEECom_get_handle sb_length = 0x19000
11-04 17:46:38.690   555  6772 D QSEECOMAPI: App is not loaded in QSEE
11-04 17:46:38.690   555  6772 E QSEECOMAPI: Error::Cannot open the file /vendor/firmware/widevine.mdt errno = 2
11-04 17:46:38.690   555  6772 E QSEECOMAPI: Error::Loading image failed with ret = -1
11-04 17:46:38.690   555  6772 D QSEECOMAPI: QSEECom_get_handle sb_length = 0x19000
11-04 17:46:38.691   555  6772 D QSEECOMAPI: App is not loaded in QSEE
11-04 17:46:38.691   555  6772 E QSEECOMAPI: Error::Cannot open the file /system/etc/firmware/widevine.mdt errno = 2
11-04 17:46:38.691   555  6772 E QSEECOMAPI: Error::Loading image failed with ret = -1
11-04 17:46:38.691   555  6772 D QSEECOMAPI: QSEECom_get_handle sb_length = 0x19000
11-04 17:46:38.691   555  6772 D QSEECOMAPI: App is not loaded in QSEE
11-04 17:46:38.692   555  6772 D QSEECOMAPI: app_arch = 2, total_files = 8
11-04 17:46:38.719   555  6772 D QSEECOMAPI: Loaded image: APP id = 4259845
11-04 17:46:38.720   555  6772 D DrmWidevineDash: Service_Initialize: ends! returns 0
11-04 17:46:38.723   555  6772 D QSAPPSVER: qsapps_get_capabilities: Capability from secure side: 0x1
11-04 17:46:38.723   555  6772 D QSAPPSVER: qsapps_get_capabilities: returns 0
11-04 17:46:38.723   555  6772 D DrmWidevineDash: OEMCrypto_Initialize sion_buffer g_wv_fhandle->ion_sbuffer  0x0xb369f000
11-04 17:46:38.723   555  6772 E DrmWidevineDash: sion_buffer g_wv_fhandle->ion_sbuffer  0x0xb369f000
11-04 17:46:38.727   638   646 E rpmb_emmc: ----------------------------rpmb_emmc_read-----------------------------
11-04 17:46:38.734   638   656 D DrmLibTime: got the req here! ret=0
11-04 17:46:38.734   638   656 D DrmLibTime: command id, time_cmd_id = 770
11-04 17:46:38.734   638   656 D DrmLibTime: time_getutcsec starts!
11-04 17:46:38.734   638   656 D DrmLibTime: QSEE Time Listener: time_getutcsec
11-04 17:46:38.734   638   656 D DrmLibTime: QSEE Time Listener: get_utc_seconds
11-04 17:46:38.734   638   656 D DrmLibTime: QSEE Time Listener: time_get_modem_time
11-04 17:46:38.734   638   656 D DrmLibTime: QSEE Time Listener: Checking if ATS_MODEM is set or not.
11-04 17:46:38.734   638   656 D QC-time-services: Lib:time_genoff_operation: pargs->base = 13
11-04 17:46:38.734   638   656 D QC-time-services: Lib:time_genoff_operation: pargs->operation = 2
11-04 17:46:38.735   638   656 D QC-time-services: Lib:time_genoff_operation: pargs->ts_val = 0
11-04 17:46:38.735   638   656 D QC-time-services: Lib:time_genoff_operation: Send to server  passed!!
11-04 17:46:38.736  2374  2400 D QC-time-services: Daemon: Connection accepted:time_genoff
11-04 17:46:38.736  2374 19349 D QC-time-services: Daemon:Received base = 13, unit = 1, operation = 2,value = 0
11-04 17:46:38.736  2374 19349 D QC-time-services: Daemon:genoff_opr: Base = 13, val = 0, operation = 2
11-04 17:46:38.736  2374 19349 D QC-time-services: offset is: 0 for base: 1
11-04 17:46:38.736   638   656 E QC-time-services: Receive Passed == base = 13, unit = 1, operation = 2, result = 0
11-04 17:46:38.736   638   656 D DrmLibTime: QSEE Time Listener: ATS_MODEM is set. Try to retrieve it.
11-04 17:46:38.737  2374  2400 E QC-time-services: Daemon: Time-services: Waiting to acceptconnection
11-04 17:46:38.737  2374  2400 D QC-time-services: Daemon: Connection accepted:time_genoff
11-04 17:46:38.737  2374 19350 D QC-time-services: Daemon:Received base = 13, unit = 1, operation = 1,value = 0
11-04 17:46:38.737  2374 19350 D QC-time-services: Daemon:genoff_opr: Base = 13, val = 0, operation = 1
11-04 17:46:38.737  2374 19350 D QC-time-services: Daemon: genoff get for 13
11-04 17:46:38.737  2374 19350 D QC-time-services: Daemon:Value read from QTimer mseconds = 15836600
11-04 17:46:38.737  2374 19350 D QC-time-services: Daemon:Value read from RTC mseconds on boot = 13456531000
11-04 17:46:38.737  2374 19350 D QC-time-services: Daemon:Value read from QTimer mseconds = 15836600
11-04 17:46:38.737  2374 19350 D QC-time-services: Daemon:Value read from generic offset = 1527888620671
11-04 17:46:38.737  2374 19350 D QC-time-services: Daemon:Delta read on boot mseconds = 13456360638
11-04 17:46:38.737  2374 19350 D QC-time-services: Daemon:Final Time = 1541360817909
11-04 17:46:38.737   638   656 D DrmLibTime: QSEE Time Listener: Time GenOff - seconds: 1541360817
11-04 17:46:38.737   638   656 D DrmLibTime: time_getutcsec returns 0, sec = 1541360817; nsec = 0
11-04 17:46:38.737   638   656 D DrmLibTime: time_getutcsec finished! 
11-04 17:46:38.737   638   656 D DrmLibTime: iotcl_continue_command finished! and return 0 
11-04 17:46:38.737   638   656 D DrmLibTime: before calling ioctl to read the next time_cmd
11-04 17:46:38.737  2374  2400 E QC-time-services: Daemon: Time-services: Waiting to acceptconnection
11-04 17:46:38.753 19320 19332 W zygote  : Skipping duplicate class check due to unrecognized classloader
11-04 17:46:38.768   555  6772 D DrmWidevineDash: OEMCrypto_APIVersion: starts!
11-04 17:46:38.768   555  6772 D DrmWidevineDash: hlos api version =  11
11-04 17:46:38.768   555  6772 D DrmWidevineDash: tz api version =  11
11-04 17:46:38.768   555  6772 D DrmWidevineDash: OEMCrypto_APIVersion: ends! returns version 11
11-04 17:46:38.768   555  6772 D DrmWidevineDash: OEMCrypto_SupportsUsageTable: starts!
11-04 17:46:38.769   555  6772 D DrmWidevineDash: OEMCrypto_SupportsUsageTable: is_supported = 1
11-04 17:46:38.769   555  6772 D DrmWidevineDash: OEMCrypto_SupportsUsageTable: wv_app_version =0x37
11-04 17:46:38.769   555  6772 D DrmWidevineDash: OEMCrypto_SupportsUsageTable: ends! returns 0
11-04 17:46:38.769   555  6772 D DrmWidevineDash: OEMCrypto_Initialize: ends! returns 0
11-04 17:46:38.769   555  6772 D DrmWidevineDash: OEMCrypto_APIVersion: starts!
11-04 17:46:38.769   555  6772 D DrmWidevineDash: hlos api version =  11
11-04 17:46:38.769   555  6772 D DrmWidevineDash: tz api version =  11
11-04 17:46:38.769   555  6772 D DrmWidevineDash: OEMCrypto_APIVersion: ends! returns version 11
11-04 17:46:38.770   555  6772 D DrmWidevineDash: OEMCrypto_IsKeyboxValid: starts!
11-04 17:46:38.771   555  6772 D DrmWidevineDash: OEMCrypto_IsKeyboxValid: ends! returns 0
11-04 17:46:38.771   555  6772 D WVCdm   : OEMCrypto_Initialize Level 1 success. I will use level 1.
11-04 17:46:38.771   555  6772 D DrmWidevineDash: OEMCrypto_GetDeviceID: starts! deviceID=0xb2c30640, idLength=0xb29b2d7c
11-04 17:46:38.773   555  6772 D DrmWidevineDash: OEMCrypto_GetDeviceID: ends! returns 0
11-04 17:46:38.774   555  6772 D DrmWidevineDash: OEMCrypto_Terminate: starts!
11-04 17:46:38.774   555  6772 D         : CPPF_CheckMinEncLevelStatus: start!, g_cppf_session_cnt = 1
11-04 17:46:38.774   555  6772 D         : CPPF_CheckMinEncLevelStatus: No change
11-04 17:46:38.774   555  6772 D         : CPPF_CheckMinEncLevelStatus: end!
11-04 17:46:38.774   555  6772 D DrmWidevineDash: Service_Uninitialize: starts!
11-04 17:46:38.774   555  6772 D QSEECOMAPI: QSEECom_dealloc_memory 
11-04 17:46:38.775   555  6772 D QSEECOMAPI: QSEECom_shutdown_app, app_id = 4259845
11-04 17:46:38.776   555  6772 D DrmWidevineDash: Service_Uninitialize: ends! returns 0x0
11-04 17:46:38.776   555  6772 D         : CPPF_ServiceUninitialize: start!
11-04 17:46:38.776   555  6772 D         : CPPF_ServiceUninitialize: g_cppf_session_cnt = 0
11-04 17:46:38.776   555  6772 D QSEECOMAPI: QSEECom_dealloc_memory 
11-04 17:46:38.776   555  6772 D QSEECOMAPI: QSEECom_shutdown_app, app_id = 4194308
11-04 17:46:38.777   555  6772 D         : CPPF_ServiceUninitialize: end! returns 0, g_cppf_session_cnt = 0
11-04 17:46:38.778   555  6772 D DrmWidevineDash: OEMCrypto_Terminate: ends! returns 0
11-04 17:46:38.779   555  6772 I WVCdm   : CdmEngine::OpenSession
11-04 17:46:38.780   555  6772 I WVCdm   : Level3 Library 4445 May 19 2017 17:17:20
11-04 17:46:38.786   555  6772 D DrmWidevineDash: OEMCrypto_Initialize: starts! g_qsee_apps_version = 0x38
11-04 17:46:38.786   555  6772 D         : CPPF_ServiceInitialize: start!
11-04 17:46:38.786   555  6772 D         : CPPF_ServiceInitialize: g_cppf_session_cnt = 1
11-04 17:46:38.786   555  6772 D QSEECOMAPI: QSEECom_get_handle sb_length = 0x2800
11-04 17:46:38.786   555  6772 D QSEECOMAPI: App is not loaded in QSEE
11-04 17:46:38.786   555  6772 E QSEECOMAPI: Error::Cannot open the file /vendor/firmware/cppf.mdt errno = 2
11-04 17:46:38.786   555  6772 E QSEECOMAPI: Error::Loading image failed with ret = -1
11-04 17:46:38.786   555  6772 D QSEECOMAPI: QSEECom_get_handle sb_length = 0x2800
11-04 17:46:38.786   555  6772 D QSEECOMAPI: App is not loaded in QSEE
11-04 17:46:38.786   555  6772 D QSEECOMAPI: app_arch = 2, total_files = 8
11-04 17:46:38.794   555  6772 D QSEECOMAPI: Loaded image: APP id = 4325380
11-04 17:46:38.794   555  6772 D         : CPPF_ServiceInitialize: end! returns 0, g_cppf_session_cnt = 1
11-04 17:46:38.795   555  6772 D DrmWidevineDash: Service_Initialize: starts!
11-04 17:46:38.795   555  6772 D QSEECOMAPI: QSEECom_get_handle sb_length = 0x19000
11-04 17:46:38.795   555  6772 D QSEECOMAPI: App is not loaded in QSEE
11-04 17:46:38.795   555  6772 E QSEECOMAPI: Error::Cannot open the file /vendor/firmware/widevine.mdt errno = 2
11-04 17:46:38.795   555  6772 E QSEECOMAPI: Error::Loading image failed with ret = -1
11-04 17:46:38.795   555  6772 D QSEECOMAPI: QSEECom_get_handle sb_length = 0x19000
11-04 17:46:38.795   555  6772 D QSEECOMAPI: App is not loaded in QSEE
11-04 17:46:38.795   555  6772 E QSEECOMAPI: Error::Cannot open the file /system/etc/firmware/widevine.mdt errno = 2
11-04 17:46:38.795   555  6772 E QSEECOMAPI: Error::Loading image failed with ret = -1
11-04 17:46:38.795   555  6772 D QSEECOMAPI: QSEECom_get_handle sb_length = 0x19000
11-04 17:46:38.795   555  6772 D QSEECOMAPI: App is not loaded in QSEE
11-04 17:46:38.795   555  6772 D QSEECOMAPI: app_arch = 2, total_files = 8
11-04 17:46:38.816   555  6772 D QSEECOMAPI: Loaded image: APP id = 4390917
11-04 17:46:38.817   555  6772 D DrmWidevineDash: Service_Initialize: ends! returns 0
11-04 17:46:38.820   555  6772 D QSAPPSVER: qsapps_get_capabilities: Capability from secure side: 0x1
11-04 17:46:38.820   555  6772 D QSAPPSVER: qsapps_get_capabilities: returns 0
11-04 17:46:38.820   555  6772 D DrmWidevineDash: OEMCrypto_Initialize sion_buffer g_wv_fhandle->ion_sbuffer  0x0xb369f000
11-04 17:46:38.820   555  6772 E DrmWidevineDash: sion_buffer g_wv_fhandle->ion_sbuffer  0x0xb369f000
11-04 17:46:38.823   638   646 E rpmb_emmc: ----------------------------rpmb_emmc_read-----------------------------
11-04 17:46:38.827   638   656 D DrmLibTime: got the req here! ret=0
11-04 17:46:38.827   638   656 D DrmLibTime: command id, time_cmd_id = 770
11-04 17:46:38.827   638   656 D DrmLibTime: time_getutcsec starts!
11-04 17:46:38.827   638   656 D DrmLibTime: QSEE Time Listener: time_getutcsec
11-04 17:46:38.827   638   656 D DrmLibTime: QSEE Time Listener: get_utc_seconds
11-04 17:46:38.827   638   656 D DrmLibTime: QSEE Time Listener: time_get_modem_time
11-04 17:46:38.827   638   656 D DrmLibTime: QSEE Time Listener: Checking if ATS_MODEM is set or not.
11-04 17:46:38.827   638   656 D QC-time-services: Lib:time_genoff_operation: pargs->base = 13
11-04 17:46:38.827   638   656 D QC-time-services: Lib:time_genoff_operation: pargs->operation = 2
11-04 17:46:38.827   638   656 D QC-time-services: Lib:time_genoff_operation: pargs->ts_val = 0
11-04 17:46:38.828   638   656 D QC-time-services: Lib:time_genoff_operation: Send to server  passed!!
11-04 17:46:38.828  2374  2400 D QC-time-services: Daemon: Connection accepted:time_genoff
11-04 17:46:38.828  2374 19351 D QC-time-services: Daemon:Received base = 13, unit = 1, operation = 2,value = 0
11-04 17:46:38.828  2374 19351 D QC-time-services: Daemon:genoff_opr: Base = 13, val = 0, operation = 2
11-04 17:46:38.828  2374 19351 D QC-time-services: offset is: 0 for base: 1
11-04 17:46:38.828   638   656 E QC-time-services: Receive Passed == base = 13, unit = 1, operation = 2, result = 0
11-04 17:46:38.828   638   656 D DrmLibTime: QSEE Time Listener: ATS_MODEM is set. Try to retrieve it.
11-04 17:46:38.828  2374  2400 E QC-time-services: Daemon: Time-services: Waiting to acceptconnection
11-04 17:46:38.828  2374  2400 D QC-time-services: Daemon: Connection accepted:time_genoff
11-04 17:46:38.829  2374 19352 D QC-time-services: Daemon:Received base = 13, unit = 1, operation = 1,value = 0
11-04 17:46:38.829  2374 19352 D QC-time-services: Daemon:genoff_opr: Base = 13, val = 0, operation = 1
11-04 17:46:38.829  2374 19352 D QC-time-services: Daemon: genoff get for 13
11-04 17:46:38.829  2374 19352 D QC-time-services: Daemon:Value read from QTimer mseconds = 15836691
11-04 17:46:38.829  2374 19352 D QC-time-services: Daemon:Value read from RTC mseconds on boot = 13456531000
11-04 17:46:38.829  2374 19352 D QC-time-services: Daemon:Value read from QTimer mseconds = 15836691
11-04 17:46:38.829  2374 19352 D QC-time-services: Daemon:Value read from generic offset = 1527888620671
11-04 17:46:38.829  2374 19352 D QC-time-services: Daemon:Delta read on boot mseconds = 13456360638
11-04 17:46:38.829  2374 19352 D QC-time-services: Daemon:Final Time = 1541360818000
11-04 17:46:38.829  2374  2400 E QC-time-services: Daemon: Time-services: Waiting to acceptconnection
11-04 17:46:38.829   638   656 D DrmLibTime: QSEE Time Listener: Time GenOff - seconds: 1541360818
11-04 17:46:38.829   638   656 D DrmLibTime: time_getutcsec returns 0, sec = 1541360818; nsec = 0
11-04 17:46:38.829   638   656 D DrmLibTime: time_getutcsec finished! 
11-04 17:46:38.829   638   656 D DrmLibTime: iotcl_continue_command finished! and return 0 
11-04 17:46:38.829   638   656 D DrmLibTime: before calling ioctl to read the next time_cmd
11-04 17:46:38.838   555  6772 D DrmWidevineDash: OEMCrypto_APIVersion: starts!
11-04 17:46:38.839   555  6772 D DrmWidevineDash: hlos api version =  11
11-04 17:46:38.839   555  6772 D DrmWidevineDash: tz api version =  11
11-04 17:46:38.839   555  6772 D DrmWidevineDash: OEMCrypto_APIVersion: ends! returns version 11
11-04 17:46:38.839   555  6772 D DrmWidevineDash: OEMCrypto_SupportsUsageTable: starts!
11-04 17:46:38.840   555  6772 D DrmWidevineDash: OEMCrypto_SupportsUsageTable: is_supported = 1
11-04 17:46:38.840   555  6772 D DrmWidevineDash: OEMCrypto_SupportsUsageTable: wv_app_version =0x37
11-04 17:46:38.840   555  6772 D DrmWidevineDash: OEMCrypto_SupportsUsageTable: ends! returns 0
11-04 17:46:38.840   555  6772 D DrmWidevineDash: OEMCrypto_Initialize: ends! returns 0
11-04 17:46:38.840   555  6772 D DrmWidevineDash: OEMCrypto_APIVersion: starts!
11-04 17:46:38.840   555  6772 D DrmWidevineDash: hlos api version =  11
11-04 17:46:38.840   555  6772 D DrmWidevineDash: tz api version =  11
11-04 17:46:38.840   555  6772 D DrmWidevineDash: OEMCrypto_APIVersion: ends! returns version 11
11-04 17:46:38.841   555  6772 D DrmWidevineDash: OEMCrypto_IsKeyboxValid: starts!
11-04 17:46:38.842   555  6772 D DrmWidevineDash: OEMCrypto_IsKeyboxValid: ends! returns 0
11-04 17:46:38.842   555  6772 D WVCdm   : OEMCrypto_Initialize Level 1 success. I will use level 1.
11-04 17:46:38.842   555  6772 D WVCdm   : CryptoSession::Open: Lock: requested_security_level: Default
11-04 17:46:38.842   555  6772 D DrmWidevineDash: OEMCrypto_OpenSession: starts! SID=0xb29b2ee4
11-04 17:46:38.842   555  6772 D DrmWidevineDash: OEMCrypto_OpenSession Session ID = 0
11-04 17:46:38.843   555  6772 D DrmWidevineDash: OEMCrypto_OpenSession SID = 1
11-04 17:46:38.843   555  6772 D DrmWidevineDash: OEMCrypto_OpenSession: ends! returns 0
11-04 17:46:38.843   555  6772 D DrmWidevineDash: OEMCrypto_GetRandom: starts! randomData=0xb2c19770, dataLength=8
11-04 17:46:38.844   555  6772 D DrmWidevineDash: OEMCrypto_GetRandom: ends! returns 0
11-04 17:46:38.844   555  6772 D DrmWidevineDash: OEMCrypto_SupportsUsageTable: starts!
11-04 17:46:38.844   555  6772 D DrmWidevineDash: OEMCrypto_SupportsUsageTable: is_supported = 1
11-04 17:46:38.844   555  6772 D DrmWidevineDash: OEMCrypto_SupportsUsageTable: wv_app_version =0x37
11-04 17:46:38.844   555  6772 D DrmWidevineDash: OEMCrypto_SupportsUsageTable: ends! returns 0
11-04 17:46:38.844   555  6772 D DrmWidevineDash: OEMCrypto_APIVersion: starts!
11-04 17:46:38.844   555  6772 D DrmWidevineDash: hlos api version =  11
11-04 17:46:38.844   555  6772 D DrmWidevineDash: tz api version =  11
11-04 17:46:38.845   555  6772 D DrmWidevineDash: OEMCrypto_APIVersion: ends! returns version 11
11-04 17:46:38.870   555  6772 D DrmWidevineDash: OEMCrypto_LoadDeviceRSAKey: starts! SID=1, wrapped_rsa_key=0xb2c50c00, wrapped_rsa_key_length=1280
11-04 17:46:38.872   555  6772 D DrmWidevineDash: OEMCrypto_LoadDeviceRSAKey: ends! returns 0
11-04 17:46:38.872   555  6772 D DrmWidevineDash: OEMCrypto_GetRandom: starts! randomData=0xb2c0ca68, dataLength=4
11-04 17:46:38.873   555  6772 D DrmWidevineDash: OEMCrypto_GetRandom: ends! returns 0
11-04 17:46:38.874   555  6772 I WVCdm   : CdmEngine::QueryOemCryptoSessionId
11-04 17:46:38.875   555  6772 I WVCdm   : CdmEngine::GenerateKeyRequest
11-04 17:46:38.876   555  6772 D DrmWidevineDash: OEMCrypto_GetDeviceID: starts! deviceID=0xb2c30b00, idLength=0xb29b2d74
11-04 17:46:38.877   555  6772 D DrmWidevineDash: OEMCrypto_GetDeviceID: ends! returns 0
11-04 17:46:38.877   555  6772 D DrmWidevineDash: OEMCrypto_Security_Patch_Level: starts!
11-04 17:46:38.878   555  6772 E DrmWidevineDash: tz api security patch level =  0
11-04 17:46:38.878   555  6772 D DrmWidevineDash: OEMCrypto_Security_Patch_Level: ends! returns level 0
11-04 17:46:38.878   555  6772 D DrmWidevineDash: OEMCrypto_SupportsUsageTable: starts!
11-04 17:46:38.879   555  6772 D DrmWidevineDash: OEMCrypto_SupportsUsageTable: is_supported = 1
11-04 17:46:38.879   555  6772 D DrmWidevineDash: OEMCrypto_SupportsUsageTable: wv_app_version =0x37
11-04 17:46:38.879   555  6772 D DrmWidevineDash: OEMCrypto_SupportsUsageTable: ends! returns 0
11-04 17:46:38.879   555  6772 D DrmWidevineDash: OEMCrypto_IsAntiRollbackHwPresent: starts!
11-04 17:46:38.879   555  6772 D DrmWidevineDash: OEMCrypto_IsAntiRollbackHwPresent ends! ret=0, is_antirb_enabled = 1
11-04 17:46:38.879   555  6772 D DrmWidevineDash: OEMCrypto_APIVersion: starts!
11-04 17:46:38.880   555  6772 D DrmWidevineDash: hlos api version =  11
11-04 17:46:38.880   555  6772 D DrmWidevineDash: tz api version =  11
11-04 17:46:38.880   555  6772 D DrmWidevineDash: OEMCrypto_APIVersion: ends! returns version 11
11-04 17:46:38.880   555  6772 D DrmWidevineDash: OEMCrypto_GetHDCPCapability starts!
11-04 17:46:38.880   555  6772 D DrmWidevineDash: OEMCrypto_GetHDCPCapability current=255, max=1
11-04 17:46:38.880   555  6772 D DrmWidevineDash: OEMCrypto_GetHDCPCapability ends! ret = 0
11-04 17:46:38.880   555  6772 D DrmWidevineDash: OEMCrypto_GenerateNonce: starts! SID=1, nonce=0xb29b2ebc
11-04 17:46:38.881   555  6772 D DrmWidevineDash: OEMCrypto_GenerateNonce: ends! returns 0
11-04 17:46:38.881   555  6772 D WVCdm   : PrepareKeyRequest: nonce=3930146033
11-04 17:46:38.881   555  6772 D DrmWidevineDash: OEMCrypto_GenerateRSASignature starts! SID=1, message=0xb2c48000
11-04 17:46:38.881   555  6772 D DrmWidevineDash: message_length=1688, signature=0xb2c4f000, signature_length=0xb29b2e54
11-04 17:46:39.053   555  6772 D DrmWidevineDash: OEMCrypto_GenerateRSASignature returns 0
11-04 17:46:39.055   555  6772 I WVCdm   : CdmEngine::CloseSession
11-04 17:46:39.055   555  6772 D DrmWidevineDash: OEMCrypto_CloseSession: starts! SID=1
11-04 17:46:39.056   555  6772 D DrmWidevineDash: OEMCrypto_CloseSession: ends! returns 0
11-04 17:46:39.056   555  6772 D DrmWidevineDash: OEMCrypto_Terminate: starts!
11-04 17:46:39.056   555  6772 D         : CPPF_CheckMinEncLevelStatus: start!, g_cppf_session_cnt = 1
11-04 17:46:39.056   555  6772 D         : CPPF_CheckMinEncLevelStatus: No change
11-04 17:46:39.056   555  6772 D         : CPPF_CheckMinEncLevelStatus: end!
11-04 17:46:39.056   555  6772 D DrmWidevineDash: Service_Uninitialize: starts!
11-04 17:46:39.056   555  6772 D QSEECOMAPI: QSEECom_dealloc_memory 
11-04 17:46:39.056   555  6772 D QSEECOMAPI: QSEECom_shutdown_app, app_id = 4390917
11-04 17:46:39.057   555  6772 D DrmWidevineDash: Service_Uninitialize: ends! returns 0x0
11-04 17:46:39.058   555  6772 D         : CPPF_ServiceUninitialize: start!
11-04 17:46:39.058   555  6772 D         : CPPF_ServiceUninitialize: g_cppf_session_cnt = 0
11-04 17:46:39.058   555  6772 D QSEECOMAPI: QSEECom_dealloc_memory 
11-04 17:46:39.058   555  6772 D QSEECOMAPI: QSEECom_shutdown_app, app_id = 4325380
11-04 17:46:39.058   555  6772 D         : CPPF_ServiceUninitialize: end! returns 0, g_cppf_session_cnt = 0
11-04 17:46:39.059   555  6772 D DrmWidevineDash: OEMCrypto_Terminate: ends! returns 0
11-04 17:46:39.232  4379 19304 I DMAgent : Sending request to DMServer (120382 bytes)
11-04 17:46:39.307  4379 19304 I RequestAddCookies: Cookie store not available in HTTP context
11-04 17:46:40.183  2691  2691 E adbd    : failed to connect to socket 'tcp:6666': Connection refused
11-04 17:46:41.174  4379 19304 I ResponseProcessCookies: Cookie store not available in HTTP context
11-04 17:46:41.259  4379 19304 W DMAgent : Got dataRequest errorcode: 0, pedro.chazanas@inovacaoeinstein.com.br
11-04 17:46:41.394  4379 19304 I DMAgent : DeviceID returned by GServices: 3e1923557e856d48
11-04 17:46:41.418  4379 19304 D DMAgent : Server didn't send the system apps settings watermark or is same as earlier.
11-04 17:46:41.418  4379 19304 I DMAgent : Server did not send the app configuration watermark or is same as earlier.
11-04 17:46:41.418  4379 19304 I DMAgent : Server did not send the provisioning watermark or is same as earlier.
11-04 17:46:41.434  4379 19304 I DMAgent : Data request successful for account: pedro.chazanas@inovacaoeinstein.com.br
11-04 17:46:41.468  4379 19304 I DMAgent : DeviceID returned by GServices: 3e1923557e856d48
11-04 17:46:41.503  4379 19304 I DMAgent : Data request complete
11-04 17:46:41.505  4379 19304 I DMAgent : DeviceID returned by GServices: 3e1923557e856d48
11-04 17:46:41.527  4379 19304 D DMAgent : Confused deputy: Not considering unmanaged accounts in DeviceManagementService
11-04 17:46:41.528  4379 19304 I DMAgent : DeviceID returned by GServices: 3e1923557e856d48
11-04 17:46:41.548  4379 19304 I DMAgent : DeviceID returned by GServices: 3e1923557e856d48
11-04 17:46:41.579  4379  4379 D DMAgent : Device Management Job Scheduler service stopped.
11-04 17:46:41.581  4379 19304 I DMAgent : 17:46: scheduled next service to run between 10800 and 14400 seconds
11-04 17:46:41.583  4379  4379 D DMAgent : Device Management Job Scheduler service destroyed.
11-04 17:46:42.188  2691  2691 E adbd    : failed to connect to socket 'tcp:6666': Connection refused
11-04 17:46:43.371 17874 17992 D ClClient: Not sending keepalive.  Current connection state=STOPPED
11-04 17:46:44.193  2691  2691 E adbd    : failed to connect to socket 'tcp:6666': Connection refused
11-04 17:46:46.199  2691  2691 E adbd    : failed to connect to socket 'tcp:6666': Connection refused
11-04 17:46:46.602  2753  2753 I NotificationService: Cannot find enqueued record for key: 0|com.whatsapp|12|null|10139
11-04 17:46:46.608 27684 27684 I MotoDisplay: Acquiring wakelock MotoDisplayWakeLock for 500
11-04 17:46:46.612 27684 27684 I MotoDisplay: Acquiring wakelock MotoDisplayWakeLock for 500
11-04 17:46:46.613 27684 27684 E MotoDisplay: Notification not found: [Key: 1893774157, groupKey: 1893774157]
11-04 17:46:46.613 27684 27684 I MotoDisplay: Releasing wakelock: MotoDisplayWakeLock
11-04 17:46:46.629  3609  3609 W StaticLayout: maxLineHeight should not be -1.  maxLines:1 lineCount:1
11-04 17:46:46.629  3609  3609 W StaticLayout: maxLineHeight should not be -1.  maxLines:1 lineCount:1
11-04 17:46:47.603 27684 27684 I MotoDisplay: Acquiring wakelock MotoDisplayWakeLock for 500
11-04 17:46:47.606 27684 27684 I MotoDisplay: Acquiring wakelock MotoDisplayWakeLock for 500
11-04 17:46:47.607 27684 27684 E MotoDisplay: Notification not found: [Key: -1529027347, groupKey: -1529027347]
11-04 17:46:47.607 27684 27684 I MotoDisplay: Releasing wakelock: MotoDisplayWakeLock
11-04 17:46:48.205  2691  2691 E adbd    : failed to connect to socket 'tcp:6666': Connection refused
11-04 17:46:49.788 20462 20918 E memtrack: Couldn't load memtrack module
11-04 17:46:49.788 20462 20918 W android.os.Debug: failed to get memory consumption info: -1
11-04 17:46:50.212  2691  2691 E adbd    : failed to connect to socket 'tcp:6666': Connection refused
11-04 17:46:52.217  2691  2691 E adbd    : failed to connect to socket 'tcp:6666': Connection refused
11-04 17:46:53.371 17874 17992 D ClClient: Not sending keepalive.  Current connection state=STOPPED
11-04 17:46:54.222  2691  2691 E adbd    : failed to connect to socket 'tcp:6666': Connection refused
11-04 17:46:56.227  2691  2691 I chatty  : uid=2000(shell) /sbin/adbd identical 1 line
11-04 17:46:58.232  2691  2691 E adbd    : failed to connect to socket 'tcp:6666': Connection refused
11-04 17:46:58.643 21734 21755 I Finsky  : [1420] com.google.android.finsky.bn.an.run(6): Stats for Executor: BlockingExecutor com.google.android.finsky.bn.ao@c884017[Running, pool size = 0, active threads = 0, queued tasks = 0, completed tasks = 7]
11-04 17:46:58.643 21734 21755 I Finsky  : [1420] com.google.android.finsky.bn.an.run(6): Stats for Executor: LightweightExecutor com.google.android.finsky.bn.ao@2547c04[Running, pool size = 4, active threads = 0, queued tasks = 0, completed tasks = 42]
11-04 17:46:58.860 21734 21755 I Finsky  : [1420] com.google.android.finsky.bn.an.run(6): Stats for Executor: bgExecutor com.google.android.finsky.bn.ao@ada35ed[Running, pool size = 4, active threads = 0, queued tasks = 0, completed tasks = 7]
11-04 17:46:59.301 21734 21755 I Finsky  : [1420] com.google.android.finsky.bn.an.run(6): Stats for Executor: StorageAwareDownloadServiceManagerSpaceChecker com.google.android.finsky.bn.ao@da55c22[Running, pool size = 0, active threads = 0, queued tasks = 0, completed tasks = 0]
11-04 17:47:00.240  2691  2691 E adbd    : failed to connect to socket 'tcp:6666': Connection refused
11-04 17:47:01.583  3877  3877 D QtiCarrierConfigHelper: WARNING, no carrier configs on phone Id: 0
11-04 17:47:01.587 17874 17874 D HxBatteryStatusReceiver: onReceiveandroid.intent.action.BATTERY_CHANGED
11-04 17:47:02.246  2691  2691 E adbd    : failed to connect to socket 'tcp:6666': Connection refused
11-04 17:47:02.369  2391  2768 D NetlinkEvent: Unknown ND option type 31
11-04 17:47:02.375  2753  8050 I ActivityManager: Killing 17724:com.google.android.partnersetup/u10a36 (adj 906): empty #17
11-04 17:47:03.371 17874 17992 D ClClient: Not sending keepalive.  Current connection state=STOPPED
11-04 17:47:04.251  2691  2691 E adbd    : failed to connect to socket 'tcp:6666': Connection refused
11-04 17:47:10.267  2691  2691 I chatty  : uid=2000(shell) /sbin/adbd identical 3 lines
11-04 17:47:12.274  2691  2691 E adbd    : failed to connect to socket 'tcp:6666': Connection refused
11-04 17:47:13.371 17874 17992 D ClClient: Not sending keepalive.  Current connection state=STOPPED
11-04 17:47:14.279  2691  2691 E adbd    : failed to connect to socket 'tcp:6666': Connection refused
11-04 17:47:16.284  2691  2691 E adbd    : failed to connect to socket 'tcp:6666': Connection refused
11-04 17:47:17.562  2753  3294 D BatteryService: uevent={POWER_SUPPLY_VOLTAGE_NOW=4097876, POWER_SUPPLY_CHARGE_RATE=Normal, POWER_SUPPLY_HEALTH=Good, POWER_SUPPLY_CURRENT_NOW=-432584, POWER_SUPPLY_PRESENT=1, SUBSYSTEM=power_supply, POWER_SUPPLY_TEMP=285, SEQNUM=8127, ACTION=change, POWER_SUPPLY_NAME=battery, POWER_SUPPLY_STATUS=Charging, POWER_SUPPLY_CHARGE_COUNTER=2706745, POWER_SUPPLY_CAPACITY=71, DEVPATH=/devices/soc/qpnp-smbcharger-17/power_supply/battery}
11-04 17:47:17.569  3877  3877 D QtiCarrierConfigHelper: WARNING, no carrier configs on phone Id: 0
11-04 17:47:17.574 17874 17874 D HxBatteryStatusReceiver: onReceiveandroid.intent.action.BATTERY_CHANGED
11-04 17:47:18.209 21734 21782 I PlayCommon: [1431] com.google.android.play.b.g.d(234): Preparing logs for uploading
11-04 17:47:18.228 21734 21782 I PlayCommon: [1431] com.google.android.play.b.g.a(420): Connecting to server: https://play.googleapis.com/play/log?format=raw&proto_v2=true
11-04 17:47:18.290  2691  2691 E adbd    : failed to connect to socket 'tcp:6666': Connection refused
11-04 17:47:18.590 21734 21782 I PlayCommon: [1431] com.google.android.play.b.g.a(511): Successfully uploaded logs.
11-04 17:47:20.294  2691  2691 E adbd    : failed to connect to socket 'tcp:6666': Connection refused
11-04 17:47:22.298  2691  2691 E adbd    : failed to connect to socket 'tcp:6666': Connection refused
11-04 17:47:23.371 17874 17992 D ClClient: Not sending keepalive.  Current connection state=STOPPED
11-04 17:47:24.305  2691  2691 E adbd    : failed to connect to socket 'tcp:6666': Connection refused
11-04 17:47:26.310  2691  2691 I chatty  : uid=2000(shell) /sbin/adbd identical 1 line
11-04 17:47:28.315  2691  2691 E adbd    : failed to connect to socket 'tcp:6666': Connection refused
11-04 17:47:29.704   565   565 E WifiHAL : wifi_get_logger_supported_feature_set: Error -3 happened. 
11-04 17:47:29.715  2753  2844 E BatteryStatsService: no controller energy info supplied
11-04 17:47:29.715  2753  2844 E BatteryStatsService: no controller energy info supplied
11-04 17:47:29.750  2753  2844 E BatteryStatsService: modem info is invalid: ModemActivityInfo{ mTimestamp=15883354 mSleepTimeMs=7284223 mIdleTimeMs=-7271456 mTxTimeMs[]=[5, 228, 811, 36, 83] mRxTimeMs=74158 mEnergyUsed=0}
11-04 17:47:30.321  2691  2691 E adbd    : failed to connect to socket 'tcp:6666': Connection refused
11-04 17:47:32.326  2691  2691 E adbd    : failed to connect to socket 'tcp:6666': Connection refused
11-04 17:47:33.371 17874 17992 D ClClient: Not sending keepalive.  Current connection state=STOPPED
11-04 17:47:34.333  2691  2691 E adbd    : failed to connect to socket 'tcp:6666': Connection refused
11-04 17:47:35.605 16689 16689 V FlowsenseSDK: Wifi detector already running
11-04 17:47:35.615 16689 16689 V FlowsenseSDK: Starting Periodic Location Request
11-04 17:47:35.615 16689 16689 V FlowsenseSDK: BackGroundLocationAlarm, checking Android version before starting
11-04 17:47:35.615 16689 16689 V FlowsenseSDK: Android Version is >= Lollipop
11-04 17:47:35.615 16689 16689 V FlowsenseSDK: Trying to start Periodic Location Request
11-04 17:47:35.636 16689 19518 E FlowsenseSDK: Should call Intent { cmp=ws.hanzo.Vrrh/com.flowsense.flowsensesdk.LocationService.LocationIntent }
11-04 17:47:35.636 16689 19518 V FlowsenseSDK: Service onStartCommand
11-04 17:47:35.637 16689 19518 V FlowsenseSDK: PersonaUUID aeae40698856446495717c71033c8e5c
11-04 17:47:35.637 16689 19518 V FlowsenseSDK: getLocation aeae40698856446495717c71033c8e5c
11-04 17:47:35.637 16689 19518 V FlowsenseSDK: SO >= M
11-04 17:47:35.638 16689 19518 V FlowsenseSDK: Permission False
11-04 17:47:35.638 16689 19518 V FlowsenseSDK: GpsLocation + last_know_gps_location null
11-04 17:47:35.638 16689 19518 V FlowsenseSDK: SO >= M
11-04 17:47:35.639 16689 19518 V FlowsenseSDK: Permission False
11-04 17:47:35.640 16689 19518 V FlowsenseSDK: NetworkLocation + last_know_gps_location null
11-04 17:47:35.641 16689 19518 V FlowsenseSDK: NetworkLocation + last_know_gps_location time 21:00:00
11-04 17:47:35.641 16689 19518 V FlowsenseSDK: SO >= M
11-04 17:47:35.641 16689 19518 V FlowsenseSDK: SO >= M
11-04 17:47:35.642 16689 19518 V FlowsenseSDK: Localizacao null
11-04 17:47:35.642 16689 19518 V FlowsenseSDK: Não foi encontrada nenhuma localização
11-04 17:47:35.672 17874 19519 D EventNotificationJob: Running EventNotificationJob, isDetail=true
11-04 17:47:35.675 17874 19519 D EventNotificationJob:   finished processing events.
11-04 17:47:36.342  2691  2691 E adbd    : failed to connect to socket 'tcp:6666': Connection refused
11-04 17:47:40.352  2691  2691 I chatty  : uid=2000(shell) /sbin/adbd identical 2 lines
11-04 17:47:42.357  2691  2691 E adbd    : failed to connect to socket 'tcp:6666': Connection refused
11-04 17:47:43.371 17874 17992 D ClClient: Not sending keepalive.  Current connection state=STOPPED
11-04 17:47:44.361  2691  2691 E adbd    : failed to connect to socket 'tcp:6666': Connection refused
11-04 17:47:46.367  2691  2691 I chatty  : uid=2000(shell) /sbin/adbd identical 1 line
11-04 17:47:48.374  2691  2691 E adbd    : failed to connect to socket 'tcp:6666': Connection refused
11-04 17:47:49.716 27684 27684 I MotoDisplay: Acquiring wakelock MotoDisplayWakeLock for 500
11-04 17:47:49.720 27684 27684 I MotoDisplay: Releasing wakelock: MotoDisplayWakeLock
11-04 17:47:49.724 27684 27684 I MotoDisplay: Acquiring wakelock MotoDisplayWakeLock for 500
11-04 17:47:49.727 27684 27684 I MotoDisplay: Releasing wakelock: MotoDisplayWakeLock
11-04 17:47:50.379  2691  2691 E adbd    : failed to connect to socket 'tcp:6666': Connection refused
11-04 17:47:52.384  2691  2691 E adbd    : failed to connect to socket 'tcp:6666': Connection refused
11-04 17:47:53.371 17874 17992 D ClClient: Not sending keepalive.  Current connection state=STOPPED
11-04 17:47:54.392  2691  2691 E adbd    : failed to connect to socket 'tcp:6666': Connection refused
11-04 17:47:56.397  2691  2691 I chatty  : uid=2000(shell) /sbin/adbd identical 1 line
11-04 17:47:58.401  2691  2691 E adbd    : failed to connect to socket 'tcp:6666': Connection refused
11-04 17:47:58.644 21734 21755 I Finsky  : [1420] com.google.android.finsky.bn.an.run(6): Stats for Executor: BlockingExecutor com.google.android.finsky.bn.ao@c884017[Running, pool size = 0, active threads = 0, queued tasks = 0, completed tasks = 7]
11-04 17:47:58.644 21734 21755 I Finsky  : [1420] com.google.android.finsky.bn.an.run(6): Stats for Executor: LightweightExecutor com.google.android.finsky.bn.ao@2547c04[Running, pool size = 4, active threads = 0, queued tasks = 0, completed tasks = 42]
11-04 17:47:58.862 21734 21755 I Finsky  : [1420] com.google.android.finsky.bn.an.run(6): Stats for Executor: bgExecutor com.google.android.finsky.bn.ao@ada35ed[Running, pool size = 4, active threads = 0, queued tasks = 0, completed tasks = 7]
11-04 17:47:59.302 21734 21755 I Finsky  : [1420] com.google.android.finsky.bn.an.run(6): Stats for Executor: StorageAwareDownloadServiceManagerSpaceChecker com.google.android.finsky.bn.ao@da55c22[Running, pool size = 0, active threads = 0, queued tasks = 0, completed tasks = 0]
11-04 17:48:00.408  2691  2691 E adbd    : failed to connect to socket 'tcp:6666': Connection refused
11-04 17:48:01.582  3877  3877 D QtiCarrierConfigHelper: WARNING, no carrier configs on phone Id: 0
11-04 17:48:01.586 17874 17874 D HxBatteryStatusReceiver: onReceiveandroid.intent.action.BATTERY_CHANGED
11-04 17:48:02.414  2691  2691 E adbd    : failed to connect to socket 'tcp:6666': Connection refused
11-04 17:48:03.371 17874 17992 D ClClient: Not sending keepalive.  Current connection state=STOPPED
11-04 17:48:04.420  2691  2691 E adbd    : failed to connect to socket 'tcp:6666': Connection refused
11-04 17:48:08.432  2691  2691 I chatty  : uid=2000(shell) /sbin/adbd identical 2 lines
11-04 17:48:10.440  2691  2691 E adbd    : failed to connect to socket 'tcp:6666': Connection refused
11-04 17:48:13.371 17874 17992 D ClClient: Not sending keepalive.  Current connection state=STOPPED
11-04 17:48:14.447  2691  2691 E adbd    : failed to connect to socket 'tcp:6666': Connection refused
11-04 17:48:16.451  2691  2691 E adbd    : failed to connect to socket 'tcp:6666': Connection refused
