11-05 15:06:20.767 20590 20590 V InputMethodManager: Starting input: tba=android.view.inputmethod.EditorInfo@a5ce7ea nm : com.YourCompany.guia_ra ic=null
11-05 15:06:20.768 20590 20610 D UE4     : LogAndroidEvents: EnqueueAppEvent : 12, 0, tid = 20610
11-05 15:06:20.769 20590 20590 D SurfaceView: BG show() Surface(name=Background for - SurfaceView - com.YourCompany.guia_ra/com.epicgames.ue4.GameActivity@88341bf@0) android.view.SurfaceView{88341bf V.E...... ........ 0,0-1440,2792}
11-05 15:06:20.770 20590 20590 D SurfaceView: surfaceDestroyed 1 android.view.SurfaceView{88341bf V.E...... ........ 0,0-1440,2792}
11-05 15:06:20.770 20590 20610 D UE4     : Case APP_CMD_TERM_WINDOW, tid = 20610
11-05 15:06:20.770 20590 20610 D UE4     : LogAndroidEvents: EnqueueAppEvent : 3, 0, tid = 20610
11-05 15:06:20.770 20590 20610 D UE4     : LogAndroidEvents: EnqueueAppEvent : 8, 0, tid = 20610
11-05 15:06:20.771 20590 20590 D UE4     : ==============> GameActive.onStop complete!
11-05 15:06:20.772 20590 20609 D UE4     : LogStreaming: Display: Took  0.052s to configure plugins.
11-05 15:06:20.772 20590 20609 D UE4     : 
11-05 15:06:20.778 20590 20609 D UE4     : LogOnline: Display: OnlineSubsystemGooglePlayModule::StartupModule()
11-05 15:06:20.778 20590 20609 D UE4     : 
11-05 15:06:20.778 20590 20609 D UE4     : LogOnline: Warning: FOnlineSubsystemGooglePlayModule was disabled
11-05 15:06:20.778 20590 20609 D UE4     : 
11-05 15:06:20.779 20590 20609 D UE4     : LogOnline: Warning: FOnlineSubsystemGooglePlayModule was disabled
11-05 15:06:20.779 20590 20609 D UE4     : 
11-05 15:06:20.780 20590 20609 D UE4     : LogStreaming: Display: Took  0.001s to delete old logs.
11-05 15:06:20.780 20590 20609 D UE4     : 
11-05 15:06:20.800  3800  5505 V WindowManager: finishDrawingLocked: mDrawState=COMMIT_DRAW_PENDING Window{225c4cc u0 com.YourCompany.guia_ra/com.epicgames.ue4.GameActivity} in Surface(name=com.YourCompany.guia_ra/com.epicgames.ue4.GameActivity)
11-05 15:06:20.831 20590 20609 D UE4     : LogStreaming: Display: Async Loading initialized: Event Driven Loader: true, Async Loading Thread: false
11-05 15:06:20.831 20590 20609 D UE4     : 
11-05 15:06:20.845  3800  3960 D AllAroundSensingService: packageName : com.YourCompany.guia_ra    className : com.epicgames.ue4.GameActivity
11-05 15:06:20.845  3800  3960 V AllAroundSensingService: setPlatformBrightnessValue 120
11-05 15:06:20.854 20590 20609 D UE4     : FAndroidGPUInfo
11-05 15:06:20.854 20590 20609 D UE4     : AndroidEGL::InitSurface 1, 1
11-05 15:06:20.854 20590 20609 D UE4     : Waiting for Native window in AndroidEGL::InitSurface
11-05 15:06:20.892  3800  8901 D GamePkgDataHelper: getGamePkgDataIncServer(). com.YourCompany.guia_ra
11-05 15:06:20.893  3800  8901 D GameManagerService: identifyGamePackage. com.YourCompany.guia_ra
11-05 15:06:20.894  3800  8901 D GamePkgDataHelper: getGamePkgData(). com.YourCompany.guia_ra
11-05 15:06:20.896  3800  8901 D GameManagerService: identifyGamePackage. com.YourCompany.guia_ra
11-05 15:06:20.896  3800  8901 D GamePkgDataHelper: getGamePkgData(). com.YourCompany.guia_ra
11-05 15:06:20.898  3800  8901 D GameManagerService: identifyGamePackage. com.YourCompany.guia_ra
11-05 15:06:20.898  3800  8901 D GamePkgDataHelper: getGamePkgData(). com.YourCompany.guia_ra
11-05 15:06:20.899  3800  8901 D GamePkgDataHelper: getSosPolicy(). com.YourCompany.guia_ra
11-05 15:06:20.900  3800  8901 D GameManagerService: identifyGamePackage. com.YourCompany.guia_ra
11-05 15:06:20.900  3800  8901 D GamePkgDataHelper: getGamePkgData(). com.YourCompany.guia_ra
11-05 15:06:20.902  3800  8901 D GameManagerService: identifyGamePackage. com.YourCompany.guia_ra
11-05 15:06:20.902  3800  8901 D GamePkgDataHelper: getGamePkgData(). com.YourCompany.guia_ra
11-05 15:06:21.134  4963  4963 D io_stats: !@   8,0 r 319853 14701644 w 102910 4521772 d 8801 2275256 f 23193 24547 iot 174192 135411 th 307200 0 0 pt 0 inp 0 0 8886.164
11-05 15:06:21.164  3800  3834 W WindowManager: App freeze timeout expired.
11-05 15:06:21.354  3800  3800 D PreBindingService: handleMessage : 1
11-05 15:06:21.534  3800  3800 D PreBindingService: handleMessage : 1
11-05 15:06:21.905  5027  5027 E adbd    : recv: OPEN 0000209c 00000000 000c:73 68 65 6C 6C 2C 76 32 3A 70 73 00 
11-05 15:06:21.906  5027  5027 E adbd    : service_to_fd: shell,v2:ps
11-05 15:06:22.513  5027  5027 E adbd    : recv: OPEN 0000209d 00000000 0009:74 63 70 3A 36 36 36 36 00 
11-05 15:06:22.514  5027  5027 E adbd    : service_to_fd: tcp:6666
11-05 15:06:22.517  3418  3636 D DnsProxyListener: DNSDBG::dns addrinfo af 2
11-05 15:06:22.523  5027  5027 E adbd    : failed to connect to socket 'tcp:6666': Connection refused
11-05 15:06:22.542  3800  3800 D PreBindingService: handleMessage : 1
11-05 15:06:22.572  3800  3800 D PreBindingService: handleMessage : 1
11-05 15:06:23.349  5027  5027 E adbd    : recv: OPEN 000020a1 00000000 000c:73 68 65 6C 6C 2C 76 32 3A 70 73 00 
11-05 15:06:23.349  5027  5027 E adbd    : service_to_fd: shell,v2:ps
11-05 15:06:23.784  3800  8901 D SSRM:A  : SIOP:: AP = 320, PST = 310 (W:15), BAT = 306, USB = 302, CHG = 314, CP = 306
11-05 15:06:23.968  3800  3922 D SamsungAlarmManager: Expired : 4
11-05 15:06:23.970  3800  3922 I SamsungAlarmManager: setLocked to kernel - T:2 / 20181105T150859, SetElapsed=9044586, nowELAPSED=8889001
11-05 15:06:23.970  3800  3922 I SamsungAlarmManager: setLocked to kernel - T:3 / 20181105T150632, SetElapsed=8897819, nowELAPSED=8889002
11-05 15:06:23.971  3800  3922 V SamsungAlarmManager: Sending to uid : 1000 action=android.intent.action.TIME_TICK alarm=Alarm{b8dcb01 type 3 when 8865031 android}
11-05 15:06:23.981  3800  3922 V SamsungAlarmManager: Sending to uid : 10023 action=com.google.android.gms.gcm.HEARTBEAT_ALARM alarm=Alarm{5c4f3e7 type 2 when 8888999 com.google.android.gms}
11-05 15:06:23.984  3800  3922 V SamsungAlarmManager: Sending to uid : 10076 action=com.samsung.action.EVERY_MINUTE_CLOCK_UPDATE alarm=Alarm{2d66b94 type 1 when 1541444760000 com.sec.android.app.launcher}
11-05 15:06:23.995  3800  3800 D SamsungAlarmManager: setExact Intent (T:3/F:1/AC:false) 20181105T150659 - CU:1000/CP:3800
11-05 15:06:23.998  4234  4234 D KeyguardUpdateMonitor: received broadcast android.intent.action.TIME_TICK
11-05 15:06:23.999  4234  4234 D KeyguardServiceBoxContainer: refreshTime() 1
11-05 15:06:23.999  3800  5505 D SamsungAlarmManager: Cancel Alarm calling from uid:10023 pid :4667 / op:PendingIntent{62d3e32: PendingIntentRecord{b256515 com.google.android.gms broadcastIntent}}
11-05 15:06:24.003  4667 12055 E WakeLock: GCM_HB_ALARM release without a matched acquire!
11-05 15:06:24.012  3800  5258 D ConnectivityService: filterNetworkStateForUid() uid: 10023 networkInfo: [type: WIFI[] - WIFI, state: CONNECTED/CONNECTED, reason: (unspecified), extra: "Labsoft", failover: false, available: true, roaming: false, metered: false]
11-05 15:06:24.013  3800  5505 D SamsungAlarmManager: setExact Intent (T:2/F:5/AC:false) 20181105T150724 - CU:10023/CP:4667
11-05 15:06:24.013  3800  5505 I SamsungAlarmManager: setLocked to kernel - T:2 / 20181105T150724, SetElapsed=8949031, nowELAPSED=8889044
11-05 15:06:24.015  3800  5258 D ConnectivityService: filterNetworkStateForUid() uid: 10023 networkInfo: [type: WIFI[] - WIFI, state: CONNECTED/CONNECTED, reason: (unspecified), extra: "Labsoft", failover: false, available: true, roaming: false, metered: false]
11-05 15:06:24.017  5337  5337 I Launcher: onReceive: com.samsung.action.EVERY_MINUTE_CLOCK_UPDATE
11-05 15:06:24.021  3800  5258 D SamsungAlarmManager: Cancel Alarm calling from uid:10023 pid :4667 / op:PendingIntent{378ad00: PendingIntentRecord{7aa4818 com.google.android.gms broadcastIntent}}
11-05 15:06:24.023  3800  5505 D SamsungAlarmManager: setInexact Intent (T:1/F:0/AC:false) 20181105T150700 - CU:10076/CP:5337
11-05 15:06:24.023  5337  5337 I IconView: applyFromApplicationInfo - start GetLive : com.sec.android.app.clockpackage
11-05 15:06:24.033  5337  5337 D ApplicationPackageManager: we has com.sec.android.app.clockpackage class. reuse it 
11-05 15:06:24.034  5337  5337 D LiveIconLoader: getLiveIcon was called in ClockPackage
11-05 15:06:24.041  4234  4234 D KeyguardUpdateMonitor: handleStatusBarState( false )
11-05 15:06:24.045  5337  5337 D LiveIconLoader: getLiveIcon res = com.sec.android.app.clockpackage
11-05 15:06:24.047  5337  5337 D LiveIconLoader: stdIconSize : 168 , targetIconSize : 206
11-05 15:06:24.047  5337  5337 D LiveIconLoader: mIconDpi : 640 , mTargetIconDpi : 560
11-05 15:06:24.066  5337  5337 I ApplicationPackageManager: load= live icon for com.sec.android.app.clockpackage, from overlay = false
11-05 15:06:24.071  5337  5337 I LiveIconManager: getLiveIcon: complete(sync_created)
11-05 15:06:24.071  5337  5337 I IconView: applyFromApplicationInfo - end GetLive : com.sec.android.app.clockpackage
11-05 15:06:24.071  5337  5337 I IconView: applyFromApplicationInfo - start GetLive : com.samsung.android.calendar
11-05 15:06:24.071  5337  5337 I IconView: applyFromApplicationInfo - end GetLive : com.samsung.android.calendar
11-05 15:06:24.098  4234  4234 D KeyguardUpdateMonitor: handleStatusBarState( false )
11-05 15:06:24.119  5784 20676 I EventLogChimeraService: Opted in for usage reporting
11-05 15:06:24.120  3800  5505 D SamsungAlarmManager: setInexact Intent (T:2/F:0/AC:false) 20181105T152342 - CU:10023/CP:4667
11-05 15:06:24.120  5784 20676 I EventLogChimeraService: Aggregate from 1541443127984 (log), 1541443127984 (data)
11-05 15:06:24.344  3800  5258 D ConnectivityService: filterNetworkStateForUid() uid: 10023 networkInfo: [type: WIFI[] - WIFI, state: CONNECTED/CONNECTED, reason: (unspecified), extra: "Labsoft", failover: false, available: true, roaming: false, metered: false]
11-05 15:06:24.490  3800  5258 D ConnectivityService: filterNetworkStateForUid() uid: 10023 networkInfo: [type: WIFI[] - WIFI, state: CONNECTED/CONNECTED, reason: (unspecified), extra: "Labsoft", failover: false, available: true, roaming: false, metered: false]
11-05 15:06:24.527  5027  5027 E adbd    : recv: OPEN 000020a2 00000000 0009:74 63 70 3A 36 36 36 36 00 
11-05 15:06:24.527  5027  5027 E adbd    : service_to_fd: tcp:6666
11-05 15:06:24.527  3418  3636 D DnsProxyListener: DNSDBG::dns addrinfo af 2
11-05 15:06:24.529  5027  5027 E adbd    : failed to connect to socket 'tcp:6666': Connection refused
11-05 15:06:24.715  5027  5027 E adbd    : recv: OPEN 000020a6 00000000 000c:73 68 65 6C 6C 2C 76 32 3A 70 73 00 
11-05 15:06:24.715  5027  5027 E adbd    : service_to_fd: shell,v2:ps
11-05 15:06:25.215  3800  8901 D GameManagerService: identifyGamePackage. com.YourCompany.guia_ra
11-05 15:06:25.215  3800  8901 D GamePkgDataHelper: getGamePkgData(). com.YourCompany.guia_ra
11-05 15:06:25.303  3800  5257 D SamsungAlarmManager: Cancel Alarm calling from uid:10023 pid :4667 / op:PendingIntent{706413a: PendingIntentRecord{b256515 com.google.android.gms broadcastIntent}}
11-05 15:06:25.308  3800  5257 I SamsungAlarmManager: setLocked to kernel - T:2 / 20181105T150859, SetElapsed=9044586, nowELAPSED=8890339
11-05 15:06:25.318  3800  5257 D SamsungAlarmManager: setExact Intent (T:2/F:5/AC:false) 20181105T151535 - CU:10023/CP:4667
11-05 15:06:26.078  5027  5027 E adbd    : recv: OPEN 000020ac 00000000 000c:73 68 65 6C 6C 2C 76 32 3A 70 73 00 
11-05 15:06:26.079  5027  5027 E adbd    : service_to_fd: shell,v2:ps
11-05 15:06:26.138  4963  4963 D io_stats: !@   8,0 r 319859 14701936 w 103030 4523012 d 8807 2275304 f 23205 24559 iot 174240 135438 th 307200 0 0 pt 0 inp 0 0 8891.169
11-05 15:06:26.447  3800  8901 D ConnectivityService: filterNetworkStateForUid() uid: 1000 networkInfo: [type: WIFI[] - WIFI, state: CONNECTED/CONNECTED, reason: (unspecified), extra: "Labsoft", failover: false, available: true, roaming: false, metered: false]
11-05 15:06:26.479  3407  3578 V APM_AudioPolicyManager: getAudioPolicyConfig: audioParam;activeStream
11-05 15:06:26.481  3407  3578 V APM_AudioPolicyManager: ### active stream : 0
11-05 15:06:26.482  3800  8901 D AudioService: active stream is 0x0
11-05 15:06:26.484  3407  3578 V APM_AudioPolicyManager: getAudioPolicyConfig: audioParam;outDevice
11-05 15:06:26.484  3407  3578 V APM_AudioPolicyManager: getNewOutputDevice() selected device 0
11-05 15:06:26.485  3407  3578 V APM_AudioPolicyManager: ### curdevice : 2
11-05 15:06:26.493  3800  8901 D SSRM:j  : ATC: power = AP_CP = 576, Display = 0(Panel:-999, LDIs:-999), WIFI = 0, SPK = 0, RCV = 0, Camera = 0, PAM = 0
11-05 15:06:26.493  3800  8901 D SSRM:j  : ATC: current = AP_CP = 144, Display = 9, WIFI = 0, SPK = 0,RCV = 0, Camera = 0, PAM = 0
11-05 15:06:26.508  3800  8901 D SSRM:j  : ATC: Ambient Temperature = 28,53, Skin temperature = F_AP[30,70], F_RF[30,50], B_AP[30,80], B_RF[30,50], B_WIFI[30,00], B_SPK[29,80]
11-05 15:06:26.535  5027  5027 E adbd    : recv: OPEN 000020ad 00000000 0009:74 63 70 3A 36 36 36 36 00 
11-05 15:06:26.535  5027  5027 E adbd    : service_to_fd: tcp:6666
11-05 15:06:26.537  3418  3636 D DnsProxyListener: DNSDBG::dns addrinfo af 2
11-05 15:06:26.542  5027  5027 E adbd    : failed to connect to socket 'tcp:6666': Connection refused
11-05 15:06:26.902  3800  8901 D GameManagerService: identifyGamePackage. com.YourCompany.guia_ra
11-05 15:06:26.902  3800  8901 D GamePkgDataHelper: getGamePkgData(). com.YourCompany.guia_ra
11-05 15:06:27.452  5027  5027 E adbd    : recv: OPEN 000020b1 00000000 000c:73 68 65 6C 6C 2C 76 32 3A 70 73 00 
11-05 15:06:27.453  5027  5027 E adbd    : service_to_fd: shell,v2:ps
11-05 15:06:28.545  5027  5027 E adbd    : recv: OPEN 000020b2 00000000 0009:74 63 70 3A 36 36 36 36 00 
11-05 15:06:28.545  5027  5027 E adbd    : service_to_fd: tcp:6666
11-05 15:06:28.547  3418  3636 D DnsProxyListener: DNSDBG::dns addrinfo af 2
11-05 15:06:28.552  5027  5027 E adbd    : failed to connect to socket 'tcp:6666': Connection refused
11-05 15:06:28.824  5027  5027 E adbd    : recv: OPEN 000020b6 00000000 000c:73 68 65 6C 6C 2C 76 32 3A 70 73 00 
11-05 15:06:28.825  5027  5027 E adbd    : service_to_fd: shell,v2:ps
11-05 15:06:28.963  3800  3833 W StorageManager: getStorageFullBytes DEFAULT_FULL_THRESHOLD_BYTES : 20971520, threadhold : 20971520
11-05 15:06:28.964  3800  3833 W StorageManager: getStorageLowBytes lowPercent : 5, lowBytes : 2898018304, maxLowBytes : 524288000
11-05 15:06:28.969  3800  3833 W DeviceStorageMonitorService: updateBroadcasts(/data) oldLevel:0, newLevel:0, seq:1
11-05 15:06:28.970  3800  3833 W DeviceStorageMonitorService: updateBroadcasts_filenode(/data) fn_oldLevel:0, fn_newLevel:0, seq:1
11-05 15:06:29.643  3800  5187 D BatteryService: !@BatteryListener : batteryPropertiesChanged!
11-05 15:06:30.195  5027  5027 E adbd    : recv: OPEN 000020ba 00000000 000c:73 68 65 6C 6C 2C 76 32 3A 70 73 00 
11-05 15:06:30.196  5027  5027 E adbd    : service_to_fd: shell,v2:ps
11-05 15:06:30.558  5027  5027 E adbd    : recv: OPEN 000020bb 00000000 0009:74 63 70 3A 36 36 36 36 00 
11-05 15:06:30.558  5027  5027 E adbd    : service_to_fd: tcp:6666
11-05 15:06:30.560  3418  3636 D DnsProxyListener: DNSDBG::dns addrinfo af 2
11-05 15:06:30.565  5027  5027 E adbd    : failed to connect to socket 'tcp:6666': Connection refused
11-05 15:06:31.143  4963  4963 D io_stats: !@   8,0 r 319859 14701936 w 103042 4523332 d 8809 2275400 f 23206 24562 iot 174248 135445 th 307200 0 0 pt 0 inp 0 0 8896.173
11-05 15:06:31.181  3800  4353 E Watchdog: !@Sync 296 [2018-11-05 15:06:31.181]
11-05 15:06:31.551  5027  5027 E adbd    : recv: OPEN 000020bf 00000000 000c:73 68 65 6C 6C 2C 76 32 3A 70 73 00 
11-05 15:06:31.551  5027  5027 E adbd    : service_to_fd: shell,v2:ps
11-05 15:06:32.570  5027  5027 E adbd    : recv: OPEN 000020c0 00000000 0009:74 63 70 3A 36 36 36 36 00 
11-05 15:06:32.570  5027  5027 E adbd    : service_to_fd: tcp:6666
11-05 15:06:32.573  3418  3636 D DnsProxyListener: DNSDBG::dns addrinfo af 2
11-05 15:06:32.577  5027  5027 E adbd    : failed to connect to socket 'tcp:6666': Connection refused
11-05 15:06:32.788  3800  3922 D SamsungAlarmManager: Expired : 8
11-05 15:06:32.789  3800  3922 I SamsungAlarmManager: setLocked to kernel - T:3 / 20181105T150700, SetElapsed=8925031, nowELAPSED=8897821
11-05 15:06:32.911  5027  5027 E adbd    : recv: OPEN 000020c4 00000000 000c:73 68 65 6C 6C 2C 76 32 3A 70 73 00 
11-05 15:06:32.911  5027  5027 E adbd    : service_to_fd: shell,v2:ps
11-05 15:06:33.839  3800  8901 D SSRM:A  : SIOP:: AP = 320, PST = 311 (W:15), BAT = 306, USB = 302, CHG = 313, CP = 306
11-05 15:06:34.280  5027  5027 E adbd    : recv: OPEN 000020c8 00000000 000c:73 68 65 6C 6C 2C 76 32 3A 70 73 00 
11-05 15:06:34.280  5027  5027 E adbd    : service_to_fd: shell,v2:ps
11-05 15:06:34.581  5027  5027 E adbd    : recv: OPEN 000020c9 00000000 0009:74 63 70 3A 36 36 36 36 00 
11-05 15:06:34.581  5027  5027 E adbd    : service_to_fd: tcp:6666
11-05 15:06:34.583  3418  3636 D DnsProxyListener: DNSDBG::dns addrinfo af 2
11-05 15:06:34.588  5027  5027 E adbd    : failed to connect to socket 'tcp:6666': Connection refused
11-05 15:06:35.650  5027  5027 E adbd    : recv: OPEN 000020cd 00000000 000c:73 68 65 6C 6C 2C 76 32 3A 70 73 00 
11-05 15:06:35.651  5027  5027 E adbd    : service_to_fd: shell,v2:ps
11-05 15:06:36.150  4963  4963 D io_stats: !@   8,0 r 319859 14701936 w 103067 4523468 d 8809 2275400 f 23207 24563 iot 174256 135449 th 307200 0 0 pt 0 inp 0 0 8901.179
11-05 15:06:36.515  3800  8901 D ConnectivityService: filterNetworkStateForUid() uid: 1000 networkInfo: [type: WIFI[] - WIFI, state: CONNECTED/CONNECTED, reason: (unspecified), extra: "Labsoft", failover: false, available: true, roaming: false, metered: false]
11-05 15:06:36.543  3407  3578 V APM_AudioPolicyManager: getAudioPolicyConfig: audioParam;activeStream
11-05 15:06:36.543  3407  3578 V APM_AudioPolicyManager: ### active stream : 0
11-05 15:06:36.544  3800  8901 D AudioService: active stream is 0x0
11-05 15:06:36.546  3407  3578 V APM_AudioPolicyManager: getAudioPolicyConfig: audioParam;outDevice
11-05 15:06:36.546  3407  3578 V APM_AudioPolicyManager: getNewOutputDevice() selected device 0
11-05 15:06:36.546  3407  3578 V APM_AudioPolicyManager: ### curdevice : 2
11-05 15:06:36.554  3800  8901 D SSRM:j  : ATC: power = AP_CP = 420, Display = 0(Panel:-999, LDIs:-999), WIFI = 0, SPK = 0, RCV = 0, Camera = 0, PAM = 0
11-05 15:06:36.555  3800  8901 D SSRM:j  : ATC: current = AP_CP = 105, Display = 9, WIFI = 0, SPK = 0,RCV = 0, Camera = 0, PAM = 0
11-05 15:06:36.570  3800  8901 D SSRM:j  : ATC: Ambient Temperature = 28,52, Skin temperature = F_AP[30,70], F_RF[30,50], B_AP[30,80], B_RF[30,50], B_WIFI[30,00], B_SPK[29,80]
11-05 15:06:36.595  5027  5027 E adbd    : recv: OPEN 000020d0 00000000 0009:74 63 70 3A 36 36 36 36 00 
11-05 15:06:36.595  5027  5027 E adbd    : service_to_fd: tcp:6666
11-05 15:06:36.597  3418  3636 D DnsProxyListener: DNSDBG::dns addrinfo af 2
11-05 15:06:36.601  5027  5027 E adbd    : failed to connect to socket 'tcp:6666': Connection refused
11-05 15:06:37.035  5027  5027 E adbd    : recv: OPEN 000020d4 00000000 000c:73 68 65 6C 6C 2C 76 32 3A 70 73 00 
11-05 15:06:37.035  5027  5027 E adbd    : service_to_fd: shell,v2:ps
11-05 15:06:38.439  5027  5027 E adbd    : recv: OPEN 000020d8 00000000 000c:73 68 65 6C 6C 2C 76 32 3A 70 73 00 
11-05 15:06:38.439  5027  5027 E adbd    : service_to_fd: shell,v2:ps
11-05 15:06:38.605  5027  5027 E adbd    : recv: OPEN 000020d9 00000000 0009:74 63 70 3A 36 36 36 36 00 
11-05 15:06:38.606  5027  5027 E adbd    : service_to_fd: tcp:6666
11-05 15:06:38.607  3418  3636 D DnsProxyListener: DNSDBG::dns addrinfo af 2
11-05 15:06:38.609  5027  5027 E adbd    : failed to connect to socket 'tcp:6666': Connection refused
11-05 15:06:39.834  5027  5027 E adbd    : recv: OPEN 000020dd 00000000 000c:73 68 65 6C 6C 2C 76 32 3A 70 73 00 
11-05 15:06:39.835  5027  5027 E adbd    : service_to_fd: shell,v2:ps
11-05 15:06:40.613  5027  5027 E adbd    : recv: OPEN 000020de 00000000 0009:74 63 70 3A 36 36 36 36 00 
11-05 15:06:40.614  5027  5027 E adbd    : service_to_fd: tcp:6666
11-05 15:06:40.616  3418  3636 D DnsProxyListener: DNSDBG::dns addrinfo af 2
11-05 15:06:40.620  5027  5027 E adbd    : failed to connect to socket 'tcp:6666': Connection refused
11-05 15:06:41.233  5027  5027 E adbd    : recv: OPEN 000020e2 00000000 000c:73 68 65 6C 6C 2C 76 32 3A 70 73 00 
11-05 15:06:41.233  5027  5027 E adbd    : service_to_fd: shell,v2:ps
11-05 15:06:42.623  5027  5027 E adbd    : recv: OPEN 000020e6 00000000 000c:73 68 65 6C 6C 2C 76 32 3A 70 73 00 
11-05 15:06:42.623  5027  5027 E adbd    : service_to_fd: shell,v2:ps
11-05 15:06:42.634  5027  5027 E adbd    : recv: OPEN 000020e7 00000000 0009:74 63 70 3A 36 36 36 36 00 
11-05 15:06:42.634  5027  5027 E adbd    : service_to_fd: tcp:6666
11-05 15:06:42.636  3418  3636 D DnsProxyListener: DNSDBG::dns addrinfo af 2
11-05 15:06:42.640  5027  5027 E adbd    : failed to connect to socket 'tcp:6666': Connection refused
11-05 15:06:43.874  3800  8901 D SSRM:A  : SIOP:: AP = 320, PST = 312 (W:15), BAT = 306, USB = 302, CHG = 312, CP = 306
11-05 15:06:44.021  5027  5027 E adbd    : recv: OPEN 000020eb 00000000 000c:73 68 65 6C 6C 2C 76 32 3A 70 73 00 
11-05 15:06:44.021  5027  5027 E adbd    : service_to_fd: shell,v2:ps
11-05 15:06:44.645  5027  5027 E adbd    : recv: OPEN 000020ec 00000000 0009:74 63 70 3A 36 36 36 36 00 
11-05 15:06:44.645  5027  5027 E adbd    : service_to_fd: tcp:6666
11-05 15:06:44.647  3418  3636 D DnsProxyListener: DNSDBG::dns addrinfo af 2
11-05 15:06:44.651  5027  5027 E adbd    : failed to connect to socket 'tcp:6666': Connection refused
11-05 15:06:45.353  5027  5027 E adbd    : recv: OPEN 000020f0 00000000 000c:73 68 65 6C 6C 2C 76 32 3A 70 73 00 
11-05 15:06:45.354  5027  5027 E adbd    : service_to_fd: shell,v2:ps
11-05 15:06:46.577  3800  8901 D ConnectivityService: filterNetworkStateForUid() uid: 1000 networkInfo: [type: WIFI[] - WIFI, state: CONNECTED/CONNECTED, reason: (unspecified), extra: "Labsoft", failover: false, available: true, roaming: false, metered: false]
11-05 15:06:46.604  3407  3578 V APM_AudioPolicyManager: getAudioPolicyConfig: audioParam;activeStream
11-05 15:06:46.605  3407  3578 V APM_AudioPolicyManager: ### active stream : 0
11-05 15:06:46.605  3800  8901 D AudioService: active stream is 0x0
11-05 15:06:46.607  3407  3578 V APM_AudioPolicyManager: getAudioPolicyConfig: audioParam;outDevice
11-05 15:06:46.608  3407  3578 V APM_AudioPolicyManager: getNewOutputDevice() selected device 0
11-05 15:06:46.608  3407  3578 V APM_AudioPolicyManager: ### curdevice : 2
11-05 15:06:46.615  3800  8901 D SSRM:j  : ATC: power = AP_CP = 408, Display = 0(Panel:-999, LDIs:-999), WIFI = 0, SPK = 0, RCV = 0, Camera = 0, PAM = 0
11-05 15:06:46.616  3800  8901 D SSRM:j  : ATC: current = AP_CP = 102, Display = 9, WIFI = 0, SPK = 0,RCV = 0, Camera = 0, PAM = 0
11-05 15:06:46.629  3800  8901 D SSRM:j  : ATC: Ambient Temperature = 28,51, Skin temperature = F_AP[30,70], F_RF[30,50], B_AP[30,80], B_RF[30,50], B_WIFI[30,00], B_SPK[29,80]
11-05 15:06:46.657  5027  5027 E adbd    : recv: OPEN 000020f1 00000000 0009:74 63 70 3A 36 36 36 36 00 
11-05 15:06:46.657  5027  5027 E adbd    : service_to_fd: tcp:6666
11-05 15:06:46.659  3418  3636 D DnsProxyListener: DNSDBG::dns addrinfo af 2
11-05 15:06:46.663  5027  5027 E adbd    : failed to connect to socket 'tcp:6666': Connection refused
11-05 15:06:46.699  5027  5027 E adbd    : recv: OPEN 000020f5 00000000 000c:73 68 65 6C 6C 2C 76 32 3A 70 73 00 
11-05 15:06:46.699  5027  5027 E adbd    : service_to_fd: shell,v2:ps
11-05 15:06:48.037  5027  5027 E adbd    : recv: OPEN 000020fb 00000000 000c:73 68 65 6C 6C 2C 76 32 3A 70 73 00 
11-05 15:06:48.037  5027  5027 E adbd    : service_to_fd: shell,v2:ps
11-05 15:06:48.668  5027  5027 E adbd    : recv: OPEN 000020fc 00000000 0009:74 63 70 3A 36 36 36 36 00 
11-05 15:06:48.668  5027  5027 E adbd    : service_to_fd: tcp:6666
11-05 15:06:48.670  3418  3636 D DnsProxyListener: DNSDBG::dns addrinfo af 2
11-05 15:06:48.675  5027  5027 E adbd    : failed to connect to socket 'tcp:6666': Connection refused
11-05 15:06:49.398  5027  5027 E adbd    : recv: OPEN 00002100 00000000 000c:73 68 65 6C 6C 2C 76 32 3A 70 73 00 
11-05 15:06:49.398  5027  5027 E adbd    : service_to_fd: shell,v2:ps
11-05 15:06:50.680  5027  5027 E adbd    : recv: OPEN 00002101 00000000 0009:74 63 70 3A 36 36 36 36 00 
11-05 15:06:50.680  5027  5027 E adbd    : service_to_fd: tcp:6666
11-05 15:06:50.682  3418  3636 D DnsProxyListener: DNSDBG::dns addrinfo af 2
11-05 15:06:50.686  5027  5027 E adbd    : failed to connect to socket 'tcp:6666': Connection refused
11-05 15:06:50.768  5027  5027 E adbd    : recv: OPEN 00002105 00000000 000c:73 68 65 6C 6C 2C 76 32 3A 70 73 00 
11-05 15:06:50.768  5027  5027 E adbd    : service_to_fd: shell,v2:ps
11-05 15:06:52.206  5027  5027 E adbd    : recv: OPEN 00002109 00000000 000c:73 68 65 6C 6C 2C 76 32 3A 70 73 00 
11-05 15:06:52.206  5027  5027 E adbd    : service_to_fd: shell,v2:ps
11-05 15:06:52.538  6153  6271 D ContactsProvider_EventLog: contents_sample_state: [CONTACT contacts(1) data(2) accounts({com.osp.app.signin (6)=1}) accounts deleted({}) calls([]) countryIso(BR) userId(0)  ]

11-05 15:06:52.538  6153  6271 D ContactsProvider_EventLog: contents_sample_state: [ agr({[6]=1})  ]

11-05 15:06:52.538  6153  6271 D ContactsProvider_EventLog: contents_sample_state: [ actCnt({android.process.acore(6153)=1})  ]

11-05 15:06:52.538  6153  6271 D ContactsProvider_EventLog: contents_sample_state: [PROFILE contacts(0) data(0) accounts({})  ]

11-05 15:06:52.538  6153  6271 D ContactsProvider_EventLog: contents_sample_state: [SAPROFILE contacts(1) data(3) accounts({vnd.sec.contact.phone (1)=1})  ]
11-05 15:06:52.541  6153  6271 E ContactsProvider_EventLog: Flush buffer to file cnt : 1 size : 0Kb duration : 2ms lastUpdatedAfter : 60085 ms mFlush_time_threasold : 2000 mCurrentSize : 466
11-05 15:06:52.694  5027  5027 E adbd    : recv: OPEN 0000210a 00000000 0009:74 63 70 3A 36 36 36 36 00 
11-05 15:06:52.694  5027  5027 E adbd    : service_to_fd: tcp:6666
11-05 15:06:52.696  3418  3636 D DnsProxyListener: DNSDBG::dns addrinfo af 2
11-05 15:06:52.700  5027  5027 E adbd    : failed to connect to socket 'tcp:6666': Connection refused
11-05 15:06:53.605  5027  5027 E adbd    : recv: OPEN 0000210e 00000000 000c:73 68 65 6C 6C 2C 76 32 3A 70 73 00 
11-05 15:06:53.605  5027  5027 E adbd    : service_to_fd: shell,v2:ps
11-05 15:06:53.913  3800  8901 D SSRM:A  : SIOP:: AP = 320, PST = 312 (W:15), BAT = 306, USB = 301, CHG = 312, CP = 306
11-05 15:06:54.704  5027  5027 E adbd    : recv: OPEN 0000210f 00000000 0009:74 63 70 3A 36 36 36 36 00 
11-05 15:06:54.705  5027  5027 E adbd    : service_to_fd: tcp:6666
11-05 15:06:54.707  3418  3636 D DnsProxyListener: DNSDBG::dns addrinfo af 2
11-05 15:06:54.711  5027  5027 E adbd    : failed to connect to socket 'tcp:6666': Connection refused
11-05 15:06:54.981  5027  5027 E adbd    : recv: OPEN 00002113 00000000 000c:73 68 65 6C 6C 2C 76 32 3A 70 73 00 
11-05 15:06:54.981  5027  5027 E adbd    : service_to_fd: shell,v2:ps
11-05 15:06:56.173  4963  4963 D io_stats: !@   8,0 r 319859 14701936 w 103075 4523540 d 8809 2275400 f 23208 24564 iot 174264 135452 th 307200 0 0 pt 0 inp 0 0 8921.202
11-05 15:06:56.457  5027  5027 E adbd    : recv: OPEN 00002117 00000000 000c:73 68 65 6C 6C 2C 76 32 3A 70 73 00 
11-05 15:06:56.458  5027  5027 E adbd    : service_to_fd: shell,v2:ps
11-05 15:06:56.636  3800  8901 D ConnectivityService: filterNetworkStateForUid() uid: 1000 networkInfo: [type: WIFI[] - WIFI, state: CONNECTED/CONNECTED, reason: (unspecified), extra: "Labsoft", failover: false, available: true, roaming: false, metered: false]
11-05 15:06:56.655  3407  3578 V APM_AudioPolicyManager: getAudioPolicyConfig: audioParam;activeStream
11-05 15:06:56.655  3407  3578 V APM_AudioPolicyManager: ### active stream : 0
11-05 15:06:56.656  3800  8901 D AudioService: active stream is 0x0
11-05 15:06:56.658  3407  3578 V APM_AudioPolicyManager: getAudioPolicyConfig: audioParam;outDevice
11-05 15:06:56.658  3407  3578 V APM_AudioPolicyManager: getNewOutputDevice() selected device 0
11-05 15:06:56.658  3407  3578 V APM_AudioPolicyManager: ### curdevice : 2
11-05 15:06:56.664  3800  8901 D SSRM:j  : ATC: power = AP_CP = 408, Display = 0(Panel:-999, LDIs:-999), WIFI = 0, SPK = 0, RCV = 0, Camera = 0, PAM = 0
11-05 15:06:56.664  3800  8901 D SSRM:j  : ATC: current = AP_CP = 102, Display = 9, WIFI = 0, SPK = 0,RCV = 0, Camera = 0, PAM = 0
11-05 15:06:56.672  3800  8901 D SSRM:j  : ATC: Ambient Temperature = 28,41, Skin temperature = F_AP[30,60], F_RF[30,40], B_AP[30,70], B_RF[30,40], B_WIFI[29,90], B_SPK[29,70]
11-05 15:06:56.714  5027  5027 E adbd    : recv: OPEN 00002118 00000000 0009:74 63 70 3A 36 36 36 36 00 
11-05 15:06:56.715  5027  5027 E adbd    : service_to_fd: tcp:6666
11-05 15:06:56.716  3418  3636 D DnsProxyListener: DNSDBG::dns addrinfo af 2
11-05 15:06:56.718  5027  5027 E adbd    : failed to connect to socket 'tcp:6666': Connection refused
11-05 15:06:56.921  3800  3836 I PowerManagerService: [PWL] On : 7981696 (940256 ms ago)
11-05 15:06:56.921  3800  3836 I PowerManagerService: [PWL]  mStayOn: true  mWakeLockSummary & WAKE_LOCK_STAY_AWAKE: 0  mUserActivitySummary: 0x4
11-05 15:06:57.847  5027  5027 E adbd    : recv: OPEN 0000211c 00000000 000c:73 68 65 6C 6C 2C 76 32 3A 70 73 00 
11-05 15:06:57.848  5027  5027 E adbd    : service_to_fd: shell,v2:ps
11-05 15:06:58.722  5027  5027 E adbd    : recv: OPEN 0000211d 00000000 0009:74 63 70 3A 36 36 36 36 00 
11-05 15:06:58.723  5027  5027 E adbd    : service_to_fd: tcp:6666
11-05 15:06:58.725  3418  3636 D DnsProxyListener: DNSDBG::dns addrinfo af 2
11-05 15:06:58.730  5027  5027 E adbd    : failed to connect to socket 'tcp:6666': Connection refused
11-05 15:06:59.218  5027  5027 E adbd    : recv: OPEN 00002123 00000000 000c:73 68 65 6C 6C 2C 76 32 3A 70 73 00 
11-05 15:06:59.218  5027  5027 E adbd    : service_to_fd: shell,v2:ps
11-05 15:06:59.760  3800  5505 D BatteryService: !@BatteryListener : batteryPropertiesChanged!
11-05 15:06:59.762  3800  5505 D BatteryService: level:100, scale:100, status:5, health:2, present:true, voltage: 4327, temperature: 305, technology: Li-ion, AC powered:false, USB powered:true, POGO powered:false, Wireless powered:false, icon:17303841, invalid charger:0, maxChargingCurrent:0, maxChargingVoltage:0, chargeCounter:3368000
11-05 15:06:59.762  3800  5505 D BatteryService: online:4, current avg:0, charge type:0, power sharing:false, high voltage charger:false, capacity:280000, batterySWSelfDischarging:false, misc_event:0, current_event:0, current_now:0
11-05 15:06:59.762  3800  5505 D BatteryService: stay LED for fully charged
11-05 15:06:59.762  3800  3800 D BatteryService: Sending ACTION_BATTERY_CHANGED.
11-05 15:06:59.768  3800  3800 I MotionRecognitionService: Plugged
11-05 15:06:59.769  3800  3800 D MotionRecognitionService:   mCableConnection= 1
11-05 15:06:59.769  3800  3800 D MotionRecognitionService: setPowerConnected : mGripEnabled = false
11-05 15:06:59.770  3800  3800 D SamsungPhoneWindowManager: ACTION_BATTERY_CHANGED - Level :: 100, battStatus :: 5
11-05 15:06:59.777  4234  4234 D KeyguardUpdateMonitor: received broadcast android.intent.action.BATTERY_CHANGED
11-05 15:06:59.783  3800  3832 D UsbDeviceManager: handleMessage -> MSG_UPDATE_CHARGING_STATE = 1
11-05 15:06:59.786  4234  4234 D BatteryController: onReceive-ACTION_BATTERY_CHANGED : mLevel=100, mBatteryStatus=5
11-05 15:06:59.794  4199  4199 V HeadsetService: Received Intent.ACTION_BATTERY_CHANGED
11-05 15:06:59.795  4199  4920 D HeadsetStateMachine: Disconnected process message: 10, size: 0
11-05 15:06:59.803  4234  4234 D PowerUI : priorPlugType = 2 mPlugType =  2
11-05 15:07:00.000  3800  3922 D SamsungAlarmManager: Expired : 8
11-05 15:07:00.001  3800  3922 I SamsungAlarmManager: setLocked to kernel - T:3 / 20181105T150700, SetElapsed=8925032, nowELAPSED=8925032
11-05 15:07:00.001  3800  3922 D SamsungAlarmManager: Expired : 8
11-05 15:07:00.005  3800  3922 D SamsungAlarmManager: setInexact Intent (T:3/F:0/AC:false) 20181105T150853 - CU:1000/CP:3800
11-05 15:07:00.005  3800  3922 E AlarmManager: Set nextNonWakeup as mNextNonWakeupDeliveryTime=10247820 , orig nextNonWakeup=0
11-05 15:07:00.005  3800  3922 I SamsungAlarmManager: setLocked to kernel - T:3 / 20181105T152902, SetElapsed=10247820, nowELAPSED=8925037
11-05 15:07:00.006  3800  3922 E AlarmManager: Set nextNonWakeup as mNextNonWakeupDeliveryTime=10247820 , orig nextNonWakeup=0
11-05 15:07:00.614  5027  5027 E adbd    : recv: OPEN 00002127 00000000 000c:73 68 65 6C 6C 2C 76 32 3A 70 73 00 
11-05 15:07:00.614  5027  5027 E adbd    : service_to_fd: shell,v2:ps
11-05 15:07:00.733  5027  5027 E adbd    : recv: OPEN 00002128 00000000 0009:74 63 70 3A 36 36 36 36 00 
11-05 15:07:00.733  5027  5027 E adbd    : service_to_fd: tcp:6666
11-05 15:07:00.734  3418  3636 D DnsProxyListener: DNSDBG::dns addrinfo af 2
11-05 15:07:00.736  5027  5027 E adbd    : failed to connect to socket 'tcp:6666': Connection refused
11-05 15:07:01.179  4963  4963 D io_stats: !@   8,0 r 319859 14701936 w 103082 4523644 d 8811 2275408 f 23209 24567 iot 174276 135458 th 307200 0 0 pt 0 inp 0 0 8926.208
11-05 15:07:01.193  3800  4353 E Watchdog: !@Sync 297 [2018-11-05 15:07:01.192]
11-05 15:07:01.999  5027  5027 E adbd    : recv: OPEN 0000212c 00000000 000c:73 68 65 6C 6C 2C 76 32 3A 70 73 00 
11-05 15:07:02.000  5027  5027 E adbd    : service_to_fd: shell,v2:ps
11-05 15:07:02.747  5027  5027 E adbd    : recv: OPEN 0000212d 00000000 0009:74 63 70 3A 36 36 36 36 00 
11-05 15:07:02.747  5027  5027 E adbd    : service_to_fd: tcp:6666
11-05 15:07:02.749  3418  3636 D DnsProxyListener: DNSDBG::dns addrinfo af 2
11-05 15:07:02.753  5027  5027 E adbd    : failed to connect to socket 'tcp:6666': Connection refused
11-05 15:07:03.369  5027  5027 E adbd    : recv: OPEN 00002131 00000000 000c:73 68 65 6C 6C 2C 76 32 3A 70 73 00 
11-05 15:07:03.369  5027  5027 E adbd    : service_to_fd: shell,v2:ps
11-05 15:07:03.946  3800  8901 D SSRM:A  : SIOP:: AP = 320, PST = 313 (W:15), BAT = 305, USB = 302, CHG = 312, CP = 305
11-05 15:07:04.725  5027  5027 E adbd    : recv: OPEN 00002135 00000000 000c:73 68 65 6C 6C 2C 76 32 3A 70 73 00 
11-05 15:07:04.726  5027  5027 E adbd    : service_to_fd: shell,v2:ps
11-05 15:07:04.759  5027  5027 E adbd    : recv: OPEN 00002136 00000000 0009:74 63 70 3A 36 36 36 36 00 
11-05 15:07:04.759  5027  5027 E adbd    : service_to_fd: tcp:6666
11-05 15:07:04.760  3418  3636 D DnsProxyListener: DNSDBG::dns addrinfo af 2
11-05 15:07:04.763  5027  5027 E adbd    : failed to connect to socket 'tcp:6666': Connection refused
11-05 15:07:06.109  5027  5027 E adbd    : recv: OPEN 0000213a 00000000 000c:73 68 65 6C 6C 2C 76 32 3A 70 73 00 
11-05 15:07:06.109  5027  5027 E adbd    : service_to_fd: shell,v2:ps
11-05 15:07:06.182  4963  4963 D io_stats: !@   8,0 r 319859 14701936 w 103100 4523732 d 8811 2275408 f 23210 24568 iot 174284 135461 th 307200 0 0 pt 0 inp 0 0 8931.213
11-05 15:07:06.679  3800  8901 D ConnectivityService: filterNetworkStateForUid() uid: 1000 networkInfo: [type: WIFI[] - WIFI, state: CONNECTED/CONNECTED, reason: (unspecified), extra: "Labsoft", failover: false, available: true, roaming: false, metered: false]
11-05 15:07:06.709  3407  3578 V APM_AudioPolicyManager: getAudioPolicyConfig: audioParam;activeStream
11-05 15:07:06.709  3407  3578 V APM_AudioPolicyManager: ### active stream : 0
11-05 15:07:06.710  3800  8901 D AudioService: active stream is 0x0
11-05 15:07:06.712  3407  3578 V APM_AudioPolicyManager: getAudioPolicyConfig: audioParam;outDevice
11-05 15:07:06.712  3407  3578 V APM_AudioPolicyManager: getNewOutputDevice() selected device 0
11-05 15:07:06.713  3407  3578 V APM_AudioPolicyManager: ### curdevice : 2
11-05 15:07:06.720  3800  8901 D SSRM:j  : ATC: power = AP_CP = 432, Display = 0(Panel:-999, LDIs:-999), WIFI = 0, SPK = 0, RCV = 0, Camera = 0, PAM = 0
11-05 15:07:06.721  3800  8901 D SSRM:j  : ATC: current = AP_CP = 108, Display = 9, WIFI = 0, SPK = 0,RCV = 0, Camera = 0, PAM = 0
11-05 15:07:06.735  3800  8901 D SSRM:j  : ATC: Ambient Temperature = 28,50, Skin temperature = F_AP[30,70], F_RF[30,50], B_AP[30,80], B_RF[30,50], B_WIFI[30,00], B_SPK[29,80]
11-05 15:07:06.766  5027  5027 E adbd    : recv: OPEN 0000213b 00000000 0009:74 63 70 3A 36 36 36 36 00 
11-05 15:07:06.766  5027  5027 E adbd    : service_to_fd: tcp:6666
11-05 15:07:06.767  3418  3636 D DnsProxyListener: DNSDBG::dns addrinfo af 2
11-05 15:07:06.769  5027  5027 E adbd    : failed to connect to socket 'tcp:6666': Connection refused
11-05 15:07:07.480  5027  5027 E adbd    : recv: OPEN 0000213f 00000000 000c:73 68 65 6C 6C 2C 76 32 3A 70 73 00 
11-05 15:07:07.480  5027  5027 E adbd    : service_to_fd: shell,v2:ps
11-05 15:07:07.506  4234  4626 D NetworkController.MobileSignalController(0/-2): onSignalStrengthsChanged signalStrength=SignalStrength: 10 99 -10 -200 -10 -200 -1 99 2147483647 2147483647 2147483647 2147483647 0 2147483647 0x3 P gsm|lte level=3
11-05 15:07:07.506  4234  4626 D NetworkController.MobileSignalController(0/-2): getMobileIconGroup(): 0
11-05 15:07:08.779  5027  5027 E adbd    : recv: OPEN 00002140 00000000 0009:74 63 70 3A 36 36 36 36 00 
11-05 15:07:08.780  5027  5027 E adbd    : service_to_fd: tcp:6666
11-05 15:07:08.782  3418  3636 D DnsProxyListener: DNSDBG::dns addrinfo af 2
11-05 15:07:08.786  5027  5027 E adbd    : failed to connect to socket 'tcp:6666': Connection refused
11-05 15:07:08.899  5027  5027 E adbd    : recv: OPEN 00002144 00000000 000c:73 68 65 6C 6C 2C 76 32 3A 70 73 00 
11-05 15:07:08.900  5027  5027 E adbd    : service_to_fd: shell,v2:ps
11-05 15:07:10.300  5027  5027 E adbd    : recv: OPEN 0000214a 00000000 000c:73 68 65 6C 6C 2C 76 32 3A 70 73 00 
11-05 15:07:10.300  5027  5027 E adbd    : service_to_fd: shell,v2:ps
11-05 15:07:10.794  5027  5027 E adbd    : recv: OPEN 0000214b 00000000 0009:74 63 70 3A 36 36 36 36 00 
11-05 15:07:10.794  5027  5027 E adbd    : service_to_fd: tcp:6666
11-05 15:07:10.797  3418  3636 D DnsProxyListener: DNSDBG::dns addrinfo af 2
11-05 15:07:10.801  5027  5027 E adbd    : failed to connect to socket 'tcp:6666': Connection refused
11-05 15:07:11.677  5027  5027 E adbd    : recv: OPEN 0000214f 00000000 000c:73 68 65 6C 6C 2C 76 32 3A 70 73 00 
11-05 15:07:11.677  5027  5027 E adbd    : service_to_fd: shell,v2:ps
11-05 15:07:12.805  5027  5027 E adbd    : recv: OPEN 00002150 00000000 0009:74 63 70 3A 36 36 36 36 00 
11-05 15:07:12.805  5027  5027 E adbd    : service_to_fd: tcp:6666
11-05 15:07:12.808  3418  3636 D DnsProxyListener: DNSDBG::dns addrinfo af 2
11-05 15:07:12.812  5027  5027 E adbd    : failed to connect to socket 'tcp:6666': Connection refused
11-05 15:07:13.048  5027  5027 E adbd    : recv: OPEN 00002154 00000000 000c:73 68 65 6C 6C 2C 76 32 3A 70 73 00 
11-05 15:07:13.048  5027  5027 E adbd    : service_to_fd: shell,v2:ps
11-05 15:07:13.981  3800  8901 D SSRM:A  : SIOP:: AP = 320, PST = 314 (W:15), BAT = 305, USB = 301, CHG = 312, CP = 305
11-05 15:07:14.421  5027  5027 E adbd    : recv: OPEN 00002158 00000000 000c:73 68 65 6C 6C 2C 76 32 3A 70 73 00 
11-05 15:07:14.421  5027  5027 E adbd    : service_to_fd: shell,v2:ps
11-05 15:07:14.816  5027  5027 E adbd    : recv: OPEN 00002159 00000000 0009:74 63 70 3A 36 36 36 36 00 
11-05 15:07:14.816  5027  5027 E adbd    : service_to_fd: tcp:6666
11-05 15:07:14.819  3418  3636 D DnsProxyListener: DNSDBG::dns addrinfo af 2
11-05 15:07:14.823  5027  5027 E adbd    : failed to connect to socket 'tcp:6666': Connection refused
11-05 15:07:15.800  5027  5027 E adbd    : recv: OPEN 0000215d 00000000 000c:73 68 65 6C 6C 2C 76 32 3A 70 73 00 
11-05 15:07:15.800  5027  5027 E adbd    : service_to_fd: shell,v2:ps
11-05 15:07:16.521  3800  3956 D InputReader: Input event(3): value=1 when=8941552299000
11-05 15:07:16.522  3800  3956 D InputReader: !@notifyKey(116), action=0
11-05 15:07:16.522  3800  3956 D InputManager-JNI: !@interceptKeyBeforeQueueing(116), action=0, interactive=false
11-05 15:07:16.526  3800  3956 D SamsungPhoneWindowManager: sec check isSystemKeyEventRequested remove pass
11-05 15:07:16.526  3800  3956 D WindowManager: interceptKeyTq s_result=8
11-05 15:07:16.527  3800  3956 D SamsungPhoneWindowManager: mWakeUpBooster.acquire()
11-05 15:07:16.527  3800  3956 D CustomFrequencyManagerService: acquireDVFSLockLocked : type : DVFS_MIN_LIMIT  frequency : 1469000  uid : 1000  pid : 3800  pkgName : DEVICE_WAKEUP@CPU_MIN@61
11-05 15:07:16.530  3800  3956 D PowerManagerService: [api] [s] wakeUpWithReason (uid: 1000 pid: 3800) eventTime = 8941552 event = 1
11-05 15:07:16.530  3800  3956 I PowerManagerService: !@[ps] Screen__On  - 15 :  wakeUpWithReason: 1 (uid: 1000 pid: 3800) (1)
11-05 15:07:16.530  3800  3956 D EdgeLightingManager: showForWakeUp : packageName =android
11-05 15:07:16.530  3800  3956 D EdgeLightingManager: isCallingUserSupported : callingUserId=0, mUserId=0, isDualAppId=false
11-05 15:07:16.530  3800  3956 D EdgeLightingClientManager: isAvailableEdgeLighting: condition=2 mCondition=3 mIsConnected=false0
11-05 15:07:16.530  3800  3956 D EdgeLightingManager: showForWakeUpInternal : return false by isAcceptableApplication.
11-05 15:07:16.530  3800  3956 I PowerManagerService: Waking up from dozing (uid 1000)...
11-05 15:07:16.530  3800  3956 D InputManager-JNI: setInteractive(true)
11-05 15:07:16.530  3800  3956 D InputReader: Device ID 4: Releasing active all slots palm because the phone became interactive
11-05 15:07:16.530  3800  4187 D NetworkPolicy: onScreenStateChanged, state: true, reason: 1
11-05 15:07:16.530  3800  3956 D InputReader: Device ID 5: Releasing active all slots palm because the phone became interactive
11-05 15:07:16.530  3800  3956 D InputReader: KeyboardInputMapper: mPenInUse 0, needCancel 0
11-05 15:07:16.530  3800  3956 D InputReader: KeyboardInputMapper: mPenInUse 0, needCancel 0
11-05 15:07:16.530  3800  3956 D PowerManagerService: [PWL] sb acquire: PowerManagerService.Broadcasts
11-05 15:07:16.531  3800  3800 D InputMethodManagerService: isImeSwitcherDisabledPackage : false
11-05 15:07:16.531  3800  4187 I WindowManager: Started waking up... reason=1
11-05 15:07:16.531  3800  4187 V KeyguardServiceDelegate: onStartedWakingUp reason=1
11-05 15:07:16.531  3800  4187 D PersonaManagerService: onStartedWakingUp reason = 1
11-05 15:07:16.531  3800  4187 D PowerManagerNotifier: handleEarlyInteractiveChange reason = 1
11-05 15:07:16.531  3800  3956 D PowerManagerService: [s] UserActivityState : 4 -> 1
11-05 15:07:16.531  3800  3956 D PowerManagerService: mDisplayReady: false
11-05 15:07:16.531  4234  4786 D KeyguardViewMediator: onStartedWakingUpWithReason, seq = 29 why = 1
11-05 15:07:16.531  3800  3836 D DisplayPowerController: animateScreenStateChange: target2
11-05 15:07:16.531  3800  3956 I libsuspend: !@autosuspend_wakeup_count_disable
11-05 15:07:16.531  3800  3836 D DisplayPowerController: [M OS] REPORTED_TO_POLICY_SCREEN_OFF -> REPORTED_TO_POLICY_SCREEN_TURNING_ON.
11-05 15:07:16.531  3800  3956 I libsuspend: !@autosuspend_wakeup_count_disable done
11-05 15:07:16.531  3800  3836 I DisplayPowerController: Blocking screen on until initial contents have been drawn.
11-05 15:07:16.531  3800  3836 I WindowManager: Screen turning on...
11-05 15:07:16.531  4234  4786 D KeyguardViewMediator: notifyStartedWakingUpWithReason( reason = 1 )
11-05 15:07:16.531  3800  3956 D PowerManagerService: [PWL] sb acquire: PowerManagerService.Display
11-05 15:07:16.532  3800  3956 D SamsungPhoneWindowManager: isAvailableOneTouchReport = false
11-05 15:07:16.532  3800  3956 D InputManager-JNI: !@handleInterceptActions(116), action=0, wmActions=0
11-05 15:07:16.532  4234  4234 D KeyguardViewMediator: handleNotifyWakingUp( why = 1 )
11-05 15:07:16.532  3800  3836 D ActivityManager: isScaleDownAnimationEnabled() : false
11-05 15:07:16.532  4234  4234 E KeyguardUpdateMonitor: handleStartedWakingUp start 1
11-05 15:07:16.533  4234  4234 E KeyguardFingerPrint: updateFingerprintListeningState#mFingerprintRunningState=0 shouldListenForFingerprint=false
11-05 15:07:16.533  4234  4234 D KeyguardFingerPrint: stopListeningForFingerprint()
11-05 15:07:16.533  3800  3836 D PersonaManagerService: Current focused persona service handled id set to : 0
11-05 15:07:16.538  3254  3254 I SurfaceFlinger: id=195 createSurf (1440x2792),4 flag=404, SurfaceView - com.YourCompany.guia_ra/com.epicgames.ue4.GameActivity@88341bf@1#0
11-05 15:07:16.540  3254  3254 I SurfaceFlinger: id=196 createSurf (1440x2792),-1 flag=20404, Background for - SurfaceView - com.YourCompany.guia_ra/com.epicgames.ue4.GameActivity@88341bf@1#0
11-05 15:07:16.540  4234  4234 D LockIcon: mCurrentState = 5, mLastState = 5, mDeviceInteractive = true, mLastDeviceInteractive = true, mScreenOn = false, mLastScreenOn = false,  force = false
11-05 15:07:16.541  4234  4234 E KeyguardUpdateMonitor: handleStartedWakingUp end
11-05 15:07:16.541 20590 20590 D SurfaceView: BG show() Surface(name=Background for - SurfaceView - com.YourCompany.guia_ra/com.epicgames.ue4.GameActivity@88341bf@1) android.view.SurfaceView{88341bf V.E...... ........ 0,0-1440,2792}
11-05 15:07:16.542 20590 20590 V Surface : sf_framedrop debug : 0x4f4c, game : false, logging : 0
11-05 15:07:16.543 20590 20590 D SurfaceView: surfaceCreated 1 android.view.SurfaceView{88341bf V.E...... ........ 0,0-1440,2792}
11-05 15:07:16.544 20590 20610 D UE4     : Case APP_CMD_INIT_WINDOW
11-05 15:07:16.544 20590 20610 D UE4     : LogAndroidEvents: EnqueueAppEvent : 0, 3425437704, tid = 20610
11-05 15:07:16.544 20590 20590 D SurfaceView: surfaceChanged (1440,2792) 1 android.view.SurfaceView{88341bf V.E...... ........ 0,0-1440,2792}
11-05 15:07:16.544  3800  4092 D GameManagerService: handleForegroundChange(). pkgName: com.YourCompany.guia_ra, clsName: com.epicgames.ue4.GameActivity,FgActivityName:com.YourCompany.guia_ra/com.epicgames.ue4.GameActivity
11-05 15:07:16.544  3800  4092 D GameManagerService:   handleForegroundChange(). same package. game has never resumed yet. ignore
11-05 15:07:16.546  3254  3283 I SurfaceFlinger: id=193 Removed SurfaceView - com.YourCompany.guia_ra/com.epicgames.ue4.GameActivity@88341bf@0#0 (2/11)
11-05 15:07:16.546  3800  3836 D MARsPolicyManager: onPackageResumedFG pkgName = com.YourCompany.guia_ra, userId = 0
11-05 15:07:16.546 20590 20609 D mali_winsys: EGLint new_window_surface(egl_winsys_display *, void *, EGLSurface, EGLConfig, egl_winsys_surface **, egl_color_buffer_format *, EGLBoolean) returns 0x3000,  [8x8]-format:1
11-05 15:07:16.546 20590 20609 D UE4     : AndroidEGL::CreateEGLSurface() 0xc346ef90
11-05 15:07:16.546 20590 20609 D UE4     : AndroidEGL::CreateEGLSurface(1), auxSurface = eglCreatePbufferSurface(), 8x8
11-05 15:07:16.546  3254  4938 I SurfaceFlinger: id=193 Removed SurfaceView - com.YourCompany.guia_ra/com.epicgames.ue4.GameActivity@88341bf@0#0 (-2/11)
11-05 15:07:16.546  3254  4938 E SurfaceFlinger: Failed to find layer (SurfaceView - com.YourCompany.guia_ra/com.epicgames.ue4.GameActivity@88341bf@0#0) in layer parent (no-parent).
11-05 15:07:16.547 20590 20590 D SurfaceView: BG destroy() Surface(name=Background for - SurfaceView - com.YourCompany.guia_ra/com.epicgames.ue4.GameActivity@88341bf@0) android.view.SurfaceView{88341bf V.E...... ........ 0,0-1440,2792}
11-05 15:07:16.547  3254  4938 I SurfaceFlinger: id=194 Removed Background for - SurfaceView - com.YourCompany.guia_ra/com.epicgames.ue4.GameActivity@88341bf@0#0 (0/11)
11-05 15:07:16.548  3254  4938 I SurfaceFlinger: id=194 Removed Background for - SurfaceView - com.YourCompany.guia_ra/com.epicgames.ue4.GameActivity@88341bf@0#0 (-2/11)
11-05 15:07:16.548  3254  4938 E SurfaceFlinger: Failed to find layer (Background for - SurfaceView - com.YourCompany.guia_ra/com.epicgames.ue4.GameActivity@88341bf@0#0) in layer parent (no-parent).
11-05 15:07:16.554  3800  3836 V KeyguardServiceDelegate: onScreenTurnedOn(showListener = com.android.server.policy.PhoneWindowManager$2@a20adf8)
11-05 15:07:16.555  3800  3836 D DisplayPowerController: mWindowManagerPolicy.screenTurningOn(mPendingScreenOnUnblocker)
11-05 15:07:16.555  3800  3836 D DisplayPowerController: animateScreenStateChange: return as screen on blocked
11-05 15:07:16.555  4234  4786 D KeyguardViewMediator: notifyScreenOn
11-05 15:07:16.555  3800  3836 D AutomaticBrightnessController: [DAB] no lux value from sensor manager
11-05 15:07:16.555  3800  3836 D DisplayPowerController: getFinalBrightness : Summary is 0 -> 0
11-05 15:07:16.555  3800  3836 D DisplayPowerController: Animating brightness: target=0, rate=2000 (PSM:false, AB limit:(-1 ~ -1) MB Limit:(-1 ~ 365), PendingAutoBrightness)
11-05 15:07:16.555  3800  4189 D AutomaticBrightnessController: [DAB] setLightSensorEnabled : registerListenerRunnable
11-05 15:07:16.555  3800  3842 D DisplayManagerService: !@display_state: OFF -> ON brightness: 0 -> 0
11-05 15:07:16.555  3800  3800 V SamsungAlarmManager: Sending to uid : 10023 action=null alarm=Alarm{fa8dde1 type 3 when 8897819 com.google.android.gms}
11-05 15:07:16.556  3800  3800 V SamsungAlarmManager: Sending to uid : 1000 action=android.intent.action.TIME_TICK alarm=Alarm{b873706 type 3 when 8925031 android}
11-05 15:07:16.557  3254  3254 D SurfaceFlinger: Set power mode=2, type=0 flinger=0x7206c5f000
11-05 15:07:16.558 20590 20610 D UE4     : LogAndroidEvents: EnqueueAppEvent : 9, 0, tid = 20610
11-05 15:07:16.558 20590 20590 D UE4     : Creating console command broadcast listener
11-05 15:07:16.558  4234  4234 D KeyguardViewMediator: handleNotifyScreenTurningOn
11-05 15:07:16.558  4234  4234 D KeyguardServiceBoxContainer: refreshTime() 0
11-05 15:07:16.558  4234  4234 D WallpaperViewController: onScreenTurningOn
11-05 15:07:16.558  4234  4234 D KeyguardViewMediator: IKeyguardDrawnCallback.onDrawn()
