11-05 15:07:26.742  3409 20954 E ExynosCameraRequestManager: [CAM_ID(0)][]-ERR(m_NotifyCallback[4005]):m_get is failed. requestKey(125)
11-05 15:07:26.758  5027  5027 E adbd    : recv: OPEN 00002182 00000000 000c:73 68 65 6C 6C 2C 76 32 3A 70 73 00 
11-05 15:07:26.758  5027  5027 E adbd    : service_to_fd: shell,v2:ps
11-05 15:07:26.766 20590 20900 I native  : viwls_optimization.cc:1050 MAP SOLVE: USER_SUCCESS
11-05 15:07:26.767 20590 20900 I native  : visual_inertial_wls.cc:141 online_viwls_solve_time in seconds = 0.0627572 solve_time_counter_ = 0
11-05 15:07:26.768 20590 20900 I native  : multi_map_manager.cc:435 Added ADF into multi_map_manager: e41908ab-0822-206e-96fb-3679bd1528eb
11-05 15:07:26.796  3385  3385 E audit   : type=1400 audit(1541444846.791:5712): avc:  denied  { read } for  pid=20590 comm="Thread-2" name="stat" dev="proc" ino=4026532420 scontext=u:r:untrusted_app_25:s0:c512,c768 tcontext=u:object_r:proc_stat:s0 tclass=file permissive=0 SEPF_SM-G955F_8.0.0_0016 audit_filtered
11-05 15:07:26.798  3800  8901 D ConnectivityService: filterNetworkStateForUid() uid: 1000 networkInfo: [type: WIFI[] - WIFI, state: CONNECTED/CONNECTED, reason: (unspecified), extra: "Labsoft", failover: false, available: true, roaming: false, metered: false]
11-05 15:07:26.823  3407  3578 V APM_AudioPolicyManager: getAudioPolicyConfig: audioParam;activeStream
11-05 15:07:26.826  3407  3578 V APM_AudioPolicyManager: ### active stream : 0
11-05 15:07:26.827  3800  8901 D AudioService: active stream is 0x0
11-05 15:07:26.828  3407  3578 V APM_AudioPolicyManager: getAudioPolicyConfig: audioParam;outDevice
11-05 15:07:26.828  3407  3578 V APM_AudioPolicyManager: getNewOutputDevice() selected device 0
11-05 15:07:26.828  3407  3578 V APM_AudioPolicyManager: ### curdevice : 2
11-05 15:07:26.834  3800  8901 D SSRM:j  : ATC: power = AP_CP = 868, Display = 11(Panel:-999, LDIs:-999), WIFI = 0, SPK = 0, RCV = 0, Camera = 0, PAM = 0
11-05 15:07:26.834  3800  8901 D SSRM:j  : ATC: current = AP_CP = 217, Display = 3, WIFI = 0, SPK = 0,RCV = 0, Camera = 0, PAM = 0
11-05 15:07:26.842 20590 20896 W native  : vio_fault_detector.cc:213 VIO is moving fast with velocity (m/s): -0.0340336   -1.43087   0.327292 but RANSAC failed to provide valid frame to frame translation by reporting degeneracy.
11-05 15:07:26.847  3800  8901 D SSRM:j  : ATC: Ambient Temperature = 28,49, Skin temperature = F_AP[30,70], F_RF[30,50], B_AP[30,80], B_RF[30,50], B_WIFI[30,00], B_SPK[29,80]
11-05 15:07:26.879 20590 20897 W native  : vio_fault_detector.cc:213 VIO is moving fast with velocity (m/s): -0.0404719   -1.46144   0.318934 but RANSAC failed to provide valid frame to frame translation by reporting degeneracy.
11-05 15:07:26.902  3800  8901 D SSRM:A  : SIOP:: AP = 400, PST = 320 (W:15), BAT = 305, USB = 303, CHG = 350, CP = 315
11-05 15:07:26.910  3385  3385 E audit   : type=1400 audit(1541444846.907:5713): avc:  denied  { read } for  pid=20590 comm="Thread-2" name="stat" dev="proc" ino=4026532420 scontext=u:r:untrusted_app_25:s0:c512,c768 tcontext=u:object_r:proc_stat:s0 tclass=file permissive=0 SEPF_SM-G955F_8.0.0_0016 audit_filtered
11-05 15:07:27.011  3385  3385 E audit   : type=1400 audit(1541444847.007:5714): avc:  denied  { read } for  pid=20590 comm="Thread-2" name="stat" dev="proc" ino=4026532420 scontext=u:r:untrusted_app_25:s0:c512,c768 tcontext=u:object_r:proc_stat:s0 tclass=file permissive=0 SEPF_SM-G955F_8.0.0_0016 audit_filtered
11-05 15:07:27.012  3800 21003 W ProcessCpuTracker: Skipping unknown process pid 21001
11-05 15:07:27.026 20590 20896 W native  : vio_fault_detector.cc:213 VIO is moving fast with velocity (m/s): -0.0170666   -1.50228   0.309669 but RANSAC failed to provide valid frame to frame translation by reporting degeneracy.
11-05 15:07:27.091 20590 20895 W native  : vio_fault_detector.cc:213 VIO is moving fast with velocity (m/s): -0.00730758    -1.53768    0.302117 but RANSAC failed to provide valid frame to frame translation by reporting degeneracy.
11-05 15:07:27.130  3385  3385 E audit   : type=1400 audit(1541444847.127:5715): avc:  denied  { read } for  pid=20590 comm="Thread-2" name="stat" dev="proc" ino=4026532420 scontext=u:r:untrusted_app_25:s0:c512,c768 tcontext=u:object_r:proc_stat:s0 tclass=file permissive=0 SEPF_SM-G955F_8.0.0_0016 audit_filtered
11-05 15:07:27.221 20590 20896 W native  : vio_fault_detector.cc:213 VIO is moving fast with velocity (m/s): 0.0198889   -1.5638  0.308411 but RANSAC failed to provide valid frame to frame translation by reporting degeneracy.
11-05 15:07:27.245  3385  3385 E audit   : type=1400 audit(1541444847.243:5716): avc:  denied  { read } for  pid=20590 comm="Thread-2" name="stat" dev="proc" ino=4026532420 scontext=u:r:untrusted_app_25:s0:c512,c768 tcontext=u:object_r:proc_stat:s0 tclass=file permissive=0 SEPF_SM-G955F_8.0.0_0016 audit_filtered
11-05 15:07:27.276 20590 20896 W native  : vio_fault_detector.cc:213 VIO is moving fast with velocity (m/s): 0.0366493  -1.61416   0.31146 but RANSAC failed to provide valid frame to frame translation by reporting degeneracy.
11-05 15:07:27.333  3800  5257 I EDMNativeHelperService: isCameraEnabled
11-05 15:07:27.346  3385  3385 E audit   : type=1400 audit(1541444847.343:5717): avc:  denied  { read } for  pid=20590 comm="Thread-2" name="stat" dev="proc" ino=4026532420 scontext=u:r:untrusted_app_25:s0:c512,c768 tcontext=u:object_r:proc_stat:s0 tclass=file permissive=0 SEPF_SM-G955F_8.0.0_0016 audit_filtered
11-05 15:07:27.429 20590 20896 W native  : vio_fault_detector.cc:213 VIO is moving fast with velocity (m/s): 0.0465878  -1.68319  0.324439 but RANSAC failed to provide valid frame to frame translation by reporting degeneracy.
11-05 15:07:27.462  3385  3385 E audit   : type=1400 audit(1541444847.459:5718): avc:  denied  { read } for  pid=20590 comm="Thread-2" name="stat" dev="proc" ino=4026532420 scontext=u:r:untrusted_app_25:s0:c512,c768 tcontext=u:object_r:proc_stat:s0 tclass=file permissive=0 SEPF_SM-G955F_8.0.0_0016 audit_filtered
11-05 15:07:27.475 20590 20895 W native  : vio_fault_detector.cc:213 VIO is moving fast with velocity (m/s): 0.057348 -1.77135 0.338306 but RANSAC failed to provide valid frame to frame translation by reporting degeneracy.
11-05 15:07:27.566  3385  3385 E audit   : type=1400 audit(1541444847.563:5719): avc:  denied  { read } for  pid=20590 comm="Thread-2" name="stat" dev="proc" ino=4026532420 scontext=u:r:untrusted_app_25:s0:c512,c768 tcontext=u:object_r:proc_stat:s0 tclass=file permissive=0 SEPF_SM-G955F_8.0.0_0016 audit_filtered
11-05 15:07:27.627 20590 20895 W native  : vio_fault_detector.cc:213 VIO is moving fast with velocity (m/s): 0.0666523  -1.86343  0.348265 but RANSAC failed to provide valid frame to frame translation by reporting degeneracy.
11-05 15:07:27.680  3385  3385 E audit   : type=1400 audit(1541444847.675:5720): avc:  denied  { read } for  pid=20590 comm="Thread-2" name="stat" dev="proc" ino=4026532420 scontext=u:r:untrusted_app_25:s0:c512,c768 tcontext=u:object_r:proc_stat:s0 tclass=file permissive=0 SEPF_SM-G955F_8.0.0_0016 audit_filtered
11-05 15:07:27.683 20590 20896 W native  : vio_fault_detector.cc:213 VIO is moving fast with velocity (m/s): 0.0833853  -1.92954  0.354744 but RANSAC failed to provide valid frame to frame translation by reporting degeneracy.
11-05 15:07:27.782  3385  3385 E audit   : type=1400 audit(1541444847.779:5721): avc:  denied  { read } for  pid=20590 comm="Thread-2" name="stat" dev="proc" ino=4026532420 scontext=u:r:untrusted_app_25:s0:c512,c768 tcontext=u:object_r:proc_stat:s0 tclass=file permissive=0 SEPF_SM-G955F_8.0.0_0016 audit_filtered
11-05 15:07:27.826  3800  3928 D SensorHubManager: onGetSensorHubDataLocked: library(22) = 1, 1, 44, 1, 1, 1, 4, 25, -50, -41, 2, 0, 0, 0, 0, 0, 0, 0, 0, 0, 39, 17
11-05 15:07:27.828  3800  3929 D CAE     : onGetSensorHubData(SensorHubParserProvider.java:91) - onGetSensorHubData Event [event buffer len :22], AP_WAKEUP
11-05 15:07:27.829  3800  3929 I CAE     : parse(SensorHubParserProvider.java:192) - buffer size = 22
11-05 15:07:27.830  3800  3929 I CAE     : parse(SensorHubParserProvider.java:203) - 1, 1, 44, 1, 1, 1, 4, 25, -50, -41, 2, 0, 0, 0, 0, 0, 0, 0, 0, 0, 39, 17,
11-05 15:07:27.831  3800  3929 I CAE     : parse(SLMonitorRunner.java:301) - parse:4
11-05 15:07:27.832  3800  3929 D CAE     : parse(SLMonitorRunner.java:323) - dataSize:1
11-05 15:07:27.836 20590 20894 W native  : vio_fault_detector.cc:213 VIO is moving fast with velocity (m/s): 0.0957408  -1.97591  0.358577 but RANSAC failed to provide valid frame to frame translation by reporting degeneracy.
11-05 15:07:27.838  3800  3929 D CAE     : display(SLMonitorRunner.java:604) - ================= STEP_LEVEL_MONITOR =================
11-05 15:07:27.841  3800  3929 I CAE     : display(SLMonitorRunner.java:721) - DT=[1], DC=[1], TS=[1541444800215], ST=[SE], SC=[0], DI=[0.0], CA=[0.0], DU=[10001]
11-05 15:07:27.843  3800  3933 D SemContextService: Service.updateContext() : service = Step Level Monitor
11-05 15:07:27.852  5058  8005 I Sensor[0x06]: [0x01] 33
11-05 15:07:27.853  5058  8005 I Sensor[0x04]: [0x01] 1541444800215[0x02] 0[0x03] 2[0x04] 10001
11-05 15:07:27.889 20590 20897 W native  : vio_fault_detector.cc:213 VIO is moving fast with velocity (m/s):  0.10815 -2.03522 0.372054 but RANSAC failed to provide valid frame to frame translation by reporting degeneracy.
11-05 15:07:27.897  3385  3385 E audit   : type=1400 audit(1541444847.895:5722): avc:  denied  { read } for  pid=20590 comm="Thread-2" name="stat" dev="proc" ino=4026532420 scontext=u:r:untrusted_app_25:s0:c512,c768 tcontext=u:object_r:proc_stat:s0 tclass=file permissive=0 SEPF_SM-G955F_8.0.0_0016 audit_filtered
11-05 15:07:27.998  3385  3385 E audit   : type=1400 audit(1541444847.995:5723): avc:  denied  { read } for  pid=20590 comm="Thread-2" name="stat" dev="proc" ino=4026532420 scontext=u:r:untrusted_app_25:s0:c512,c768 tcontext=u:object_r:proc_stat:s0 tclass=file permissive=0 SEPF_SM-G955F_8.0.0_0016 audit_filtered
11-05 15:07:28.036 20590 20896 W native  : vio_fault_detector.cc:213 VIO is moving fast with velocity (m/s):  0.11398 -2.09675 0.377613 but RANSAC failed to provide valid frame to frame translation by reporting degeneracy.
11-05 15:07:28.098 20590 20896 W native  : vio_fault_detector.cc:213 VIO is moving fast with velocity (m/s): 0.122769 -2.13912 0.372903 but RANSAC failed to provide valid frame to frame translation by reporting degeneracy.
11-05 15:07:28.114  3385  3385 E audit   : type=1400 audit(1541444848.111:5724): avc:  denied  { read } for  pid=20590 comm="Thread-2" name="stat" dev="proc" ino=4026532420 scontext=u:r:untrusted_app_25:s0:c512,c768 tcontext=u:object_r:proc_stat:s0 tclass=file permissive=0 SEPF_SM-G955F_8.0.0_0016 audit_filtered
11-05 15:07:28.117  5027  5027 E adbd    : recv: OPEN 00002186 00000000 000c:73 68 65 6C 6C 2C 76 32 3A 70 73 00 
11-05 15:07:28.117  5027  5027 E adbd    : service_to_fd: shell,v2:ps
11-05 15:07:28.232  3385  3385 E audit   : type=1400 audit(1541444848.227:5725): avc:  denied  { read } for  pid=20590 comm="Thread-2" name="stat" dev="proc" ino=4026532420 scontext=u:r:untrusted_app_25:s0:c512,c768 tcontext=u:object_r:proc_stat:s0 tclass=file permissive=0 SEPF_SM-G955F_8.0.0_0016 audit_filtered
11-05 15:07:28.246 20590 20895 W native  : vio_fault_detector.cc:213 VIO is moving fast with velocity (m/s): 0.148787 -2.17811 0.369992 but RANSAC failed to provide valid frame to frame translation by reporting degeneracy.
11-05 15:07:28.294 20590 20897 W native  : vio_fault_detector.cc:213 VIO is moving fast with velocity (m/s): 0.160835 -2.22104 0.375905 but RANSAC failed to provide valid frame to frame translation by reporting degeneracy.
11-05 15:07:28.342  3800  5257 I EDMNativeHelperService: isCameraEnabled
11-05 15:07:28.349  3385  3385 E audit   : type=1400 audit(1541444848.347:5726): avc:  denied  { read } for  pid=20590 comm="Thread-2" name="stat" dev="proc" ino=4026532420 scontext=u:r:untrusted_app_25:s0:c512,c768 tcontext=u:object_r:proc_stat:s0 tclass=file permissive=0 SEPF_SM-G955F_8.0.0_0016 audit_filtered
11-05 15:07:28.435 20590 20895 W native  : vio_fault_detector.cc:213 VIO is moving fast with velocity (m/s): 0.147773 -2.26864   0.3839 but RANSAC failed to provide valid frame to frame translation by reporting degeneracy.
11-05 15:07:28.449  3385  3385 E audit   : type=1400 audit(1541444848.447:5727): avc:  denied  { read } for  pid=20590 comm="Thread-2" name="stat" dev="proc" ino=4026532420 scontext=u:r:untrusted_app_25:s0:c512,c768 tcontext=u:object_r:proc_stat:s0 tclass=file permissive=0 SEPF_SM-G955F_8.0.0_0016 audit_filtered
11-05 15:07:28.496 20590 20897 W native  : vio_fault_detector.cc:213 VIO is moving fast with velocity (m/s): 0.141069 -2.32569 0.386763 but RANSAC failed to provide valid frame to frame translation by reporting degeneracy.
11-05 15:07:28.551  3385  3385 E audit   : type=1400 audit(1541444848.547:5728): avc:  denied  { read } for  pid=20590 comm="Thread-2" name="stat" dev="proc" ino=4026532420 scontext=u:r:untrusted_app_25:s0:c512,c768 tcontext=u:object_r:proc_stat:s0 tclass=file permissive=0 SEPF_SM-G955F_8.0.0_0016 audit_filtered
11-05 15:07:28.629 20590 20895 W native  : vio_fault_detector.cc:213 VIO is moving fast with velocity (m/s): 0.144274 -2.36066 0.395702 but RANSAC failed to provide valid frame to frame translation by reporting degeneracy.
11-05 15:07:28.666  3385  3385 E audit   : type=1400 audit(1541444848.663:5729): avc:  denied  { read } for  pid=20590 comm="Thread-2" name="stat" dev="proc" ino=4026532420 scontext=u:r:untrusted_app_25:s0:c512,c768 tcontext=u:object_r:proc_stat:s0 tclass=file permissive=0 SEPF_SM-G955F_8.0.0_0016 audit_filtered
11-05 15:07:28.687 20590 20896 W native  : vio_fault_detector.cc:213 VIO is moving fast with velocity (m/s): 0.156352 -2.40877 0.385111 but RANSAC failed to provide valid frame to frame translation by reporting degeneracy.
11-05 15:07:28.767  3385  3385 E audit   : type=1400 audit(1541444848.763:5730): avc:  denied  { read } for  pid=20590 comm="Thread-2" name="stat" dev="proc" ino=4026532420 scontext=u:r:untrusted_app_25:s0:c512,c768 tcontext=u:object_r:proc_stat:s0 tclass=file permissive=0 SEPF_SM-G955F_8.0.0_0016 audit_filtered
11-05 15:07:28.809 20590 20892 I native  : performance_monitor.cc:115 Event: FeatureExtraction is taking too long, it took 199.18ms
11-05 15:07:28.841 20590 20897 W native  : vio_fault_detector.cc:213 VIO is moving fast with velocity (m/s): 0.154658 -2.46059 0.387677 but RANSAC failed to provide valid frame to frame translation by reporting degeneracy.
11-05 15:07:28.850  3244  3244 I android.hardware.wifi@1.0-service: getLinkLayerStats
11-05 15:07:28.868  3385  3385 E audit   : type=1400 audit(1541444848.863:5731): avc:  denied  { read } for  pid=20590 comm="Thread-2" name="stat" dev="proc" ino=4026532420 scontext=u:r:untrusted_app_25:s0:c512,c768 tcontext=u:object_r:proc_stat:s0 tclass=file permissive=0 SEPF_SM-G955F_8.0.0_0016 audit_filtered
11-05 15:07:28.883 20590 20895 W native  : vio_fault_detector.cc:213 VIO is moving fast with velocity (m/s): 0.156486 -2.50576 0.390596 but RANSAC failed to provide valid frame to frame translation by reporting degeneracy.
11-05 15:07:28.969  3385  3385 E audit   : type=1400 audit(1541444848.967:5732): avc:  denied  { read } for  pid=20590 comm="Thread-2" name="stat" dev="proc" ino=4026532420 scontext=u:r:untrusted_app_25:s0:c512,c768 tcontext=u:object_r:proc_stat:s0 tclass=file permissive=0 SEPF_SM-G955F_8.0.0_0016 audit_filtered
11-05 15:07:29.001  3800  3833 W StorageManager: getStorageFullBytes DEFAULT_FULL_THRESHOLD_BYTES : 20971520, threadhold : 20971520
11-05 15:07:29.002  3800  3833 W StorageManager: getStorageLowBytes lowPercent : 5, lowBytes : 2898018304, maxLowBytes : 524288000
11-05 15:07:29.021  3800  3833 W DeviceStorageMonitorService: updateBroadcasts(/data) oldLevel:0, newLevel:0, seq:1
11-05 15:07:29.022  3800  3833 W DeviceStorageMonitorService: updateBroadcasts_filenode(/data) fn_oldLevel:0, fn_newLevel:0, seq:1
11-05 15:07:29.076 20590 20897 W native  : vio_fault_detector.cc:213 VIO is moving fast with velocity (m/s): 0.166298 -2.54961  0.38997 but RANSAC failed to provide valid frame to frame translation by reporting degeneracy.
11-05 15:07:29.084  3385  3385 E audit   : type=1400 audit(1541444849.079:5733): avc:  denied  { read } for  pid=20590 comm="Thread-2" name="stat" dev="proc" ino=4026532420 scontext=u:r:untrusted_app_25:s0:c512,c768 tcontext=u:object_r:proc_stat:s0 tclass=file permissive=0 SEPF_SM-G955F_8.0.0_0016 audit_filtered
11-05 15:07:29.118 20590 20895 W native  : vio_fault_detector.cc:213 VIO is moving fast with velocity (m/s): 0.169938 -2.59201 0.384272 but RANSAC failed to provide valid frame to frame translation by reporting degeneracy.
11-05 15:07:29.185  3385  3385 E audit   : type=1400 audit(1541444849.183:5734): avc:  denied  { read } for  pid=20590 comm="Thread-2" name="stat" dev="proc" ino=4026532420 scontext=u:r:untrusted_app_25:s0:c512,c768 tcontext=u:object_r:proc_stat:s0 tclass=file permissive=0 SEPF_SM-G955F_8.0.0_0016 audit_filtered
11-05 15:07:29.246 20590 20896 W native  : vio_fault_detector.cc:213 VIO is moving fast with velocity (m/s): 0.183523 -2.63599  0.37912 but RANSAC failed to provide valid frame to frame translation by reporting degeneracy.
11-05 15:07:29.285 20590 20902 I native  : viwls_optimization.cc:1210 Skip Lite-COM due to a significant calibration change.
11-05 15:07:29.285 20590 20897 W native  : vio_fault_detector.cc:213 VIO is moving fast with velocity (m/s): 0.202293 -2.72621 0.384024 but RANSAC failed to provide valid frame to frame translation by reporting degeneracy.
11-05 15:07:29.301  3385  3385 E audit   : type=1400 audit(1541444849.295:5735): avc:  denied  { read } for  pid=20590 comm="Thread-2" name="stat" dev="proc" ino=4026532420 scontext=u:r:untrusted_app_25:s0:c512,c768 tcontext=u:object_r:proc_stat:s0 tclass=file permissive=0 SEPF_SM-G955F_8.0.0_0016 audit_filtered
11-05 15:07:29.346  3800  5257 I EDMNativeHelperService: isCameraEnabled
11-05 15:07:29.398 20590 20902 I native  : viwls_optimization.cc:1040 MAP SOLVE: NO_CONVERGENCE
11-05 15:07:29.398 20590 20902 I native  : viwls_optimization.cc:880 Skip Map State Update
11-05 15:07:29.399 20590 20902 I native  : visual_inertial_wls.cc:141 online_viwls_solve_time in seconds = 0.131642 solve_time_counter_ = 0
11-05 15:07:29.403  3385  3385 E audit   : type=1400 audit(1541444849.399:5736): avc:  denied  { read } for  pid=20590 comm="Thread-2" name="stat" dev="proc" ino=4026532420 scontext=u:r:untrusted_app_25:s0:c512,c768 tcontext=u:object_r:proc_stat:s0 tclass=file permissive=0 SEPF_SM-G955F_8.0.0_0016 audit_filtered
11-05 15:07:29.440 20590 20896 W native  : vio_fault_detector.cc:213 VIO is moving fast with velocity (m/s): 0.199548 -2.76695 0.387938 but RANSAC failed to provide valid frame to frame translation by reporting degeneracy.
11-05 15:07:29.489 20590 20896 W native  : vio_fault_detector.cc:213 VIO is moving fast with velocity (m/s): 0.198151 -2.80183 0.390993 but RANSAC failed to provide valid frame to frame translation by reporting degeneracy.
11-05 15:07:29.511  5027  5027 E adbd    : recv: OPEN 0000218a 00000000 000c:73 68 65 6C 6C 2C 76 32 3A 70 73 00 
11-05 15:07:29.511  5027  5027 E adbd    : service_to_fd: shell,v2:ps
11-05 15:07:29.518  3385  3385 E audit   : type=1400 audit(1541444849.515:5737): avc:  denied  { read } for  pid=20590 comm="Thread-2" name="stat" dev="proc" ino=4026532420 scontext=u:r:untrusted_app_25:s0:c512,c768 tcontext=u:object_r:proc_stat:s0 tclass=file permissive=0 SEPF_SM-G955F_8.0.0_0016 audit_filtered
11-05 15:07:29.619  3385  3385 E audit   : type=1400 audit(1541444849.615:5738): avc:  denied  { read } for  pid=20590 comm="Thread-2" name="stat" dev="proc" ino=4026532420 scontext=u:r:untrusted_app_25:s0:c512,c768 tcontext=u:object_r:proc_stat:s0 tclass=file permissive=0 SEPF_SM-G955F_8.0.0_0016 audit_filtered
11-05 15:07:29.629 20590 20894 W native  : vio_fault_detector.cc:213 VIO is moving fast with velocity (m/s): 0.190276 -2.84024 0.403863 but RANSAC failed to provide valid frame to frame translation by reporting degeneracy.
11-05 15:07:29.685 20590 20895 W native  : vio_fault_detector.cc:213 VIO is moving fast with velocity (m/s): 0.194401 -2.87951 0.406781 but RANSAC failed to provide valid frame to frame translation by reporting degeneracy.
11-05 15:07:29.734  3385  3385 E audit   : type=1400 audit(1541444849.731:5739): avc:  denied  { read } for  pid=20590 comm="Thread-2" name="stat" dev="proc" ino=4026532420 scontext=u:r:untrusted_app_25:s0:c512,c768 tcontext=u:object_r:proc_stat:s0 tclass=file permissive=0 SEPF_SM-G955F_8.0.0_0016 audit_filtered
11-05 15:07:29.827 20590 20896 W native  : vio_fault_detector.cc:213 VIO is moving fast with velocity (m/s): 0.193608 -2.92781 0.406405 but RANSAC failed to provide valid frame to frame translation by reporting degeneracy.
11-05 15:07:29.840  3385  3385 E audit   : type=1400 audit(1541444849.835:5740): avc:  denied  { read } for  pid=20590 comm="Thread-2" name="stat" dev="proc" ino=4026532420 scontext=u:r:untrusted_app_25:s0:c512,c768 tcontext=u:object_r:proc_stat:s0 tclass=file permissive=0 SEPF_SM-G955F_8.0.0_0016 audit_filtered
11-05 15:07:29.849  3800  5257 D BatteryService: !@BatteryListener : batteryPropertiesChanged!
11-05 15:07:29.851  3800  5257 D BatteryService: level:100, scale:100, status:5, health:2, present:true, voltage: 4247, temperature: 306, technology: Li-ion, AC powered:false, USB powered:true, POGO powered:false, Wireless powered:false, icon:17303841, invalid charger:0, maxChargingCurrent:0, maxChargingVoltage:0, chargeCounter:3366000
11-05 15:07:29.851  3800  5257 D BatteryService: online:4, current avg:-258, charge type:1, power sharing:false, high voltage charger:false, capacity:280000, batterySWSelfDischarging:false, misc_event:0, current_event:0, current_now:-760
11-05 15:07:29.851  3800  3800 D BatteryService: Sending ACTION_BATTERY_CHANGED.
11-05 15:07:29.855  3800  3800 I MotionRecognitionService: Plugged
11-05 15:07:29.855  3800  3800 D MotionRecognitionService:   mCableConnection= 1
11-05 15:07:29.856  3800  3800 D MotionRecognitionService: setPowerConnected : mGripEnabled = false
11-05 15:07:29.856  3800  3800 D SamsungPhoneWindowManager: ACTION_BATTERY_CHANGED - Level :: 100, battStatus :: 5
11-05 15:07:29.860  3800  3832 D UsbDeviceManager: handleMessage -> MSG_UPDATE_CHARGING_STATE = 1
11-05 15:07:29.864  4234  4234 D KeyguardUpdateMonitor: received broadcast android.intent.action.BATTERY_CHANGED
11-05 15:07:29.873  4234  4234 D BatteryController: onReceive-ACTION_BATTERY_CHANGED : mLevel=100, mBatteryStatus=5
11-05 15:07:29.882 20590 20897 W native  : vio_fault_detector.cc:213 VIO is moving fast with velocity (m/s): 0.188798 -2.96004 0.412918 but RANSAC failed to provide valid frame to frame translation by reporting degeneracy.
11-05 15:07:29.892 20590 20590 D UE4     : Battery: status = 5, rawlevel = 100, scale = 100
11-05 15:07:29.892 20590 20590 D UE4     : nativeBatteryEvent(stat = 5, lvl = 100  temp = 30.60 C)
11-05 15:07:29.897  4234  4234 D PowerUI : priorPlugType = 2 mPlugType =  2
11-05 15:07:29.904  4199  4199 V HeadsetService: Received Intent.ACTION_BATTERY_CHANGED
11-05 15:07:29.905  4199  4920 D HeadsetStateMachine: Disconnected process message: 10, size: 0
11-05 15:07:29.906  3800  5257 D StorageManagerService: getExternalStorageMountMode : 1
11-05 15:07:29.907  3800  5257 D StorageManagerService: getExternalStorageMountMode : 3
11-05 15:07:29.907  3800  5257 D StorageManagerService: getExternalStorageMountMode : final mountMode=1, uid : 5009, packageName : com.samsung.android.scloud
11-05 15:07:29.908  3800  5257 I ApplicationPolicy: isApplicationExternalStorageWhitelisted:com.samsung.android.scloud user:0
11-05 15:07:29.908  3800  5257 D ApplicationPolicy: isApplicationExternalStorageWhitelisted: DO is not enabled on user 0. Allowed.
11-05 15:07:29.908  3800  5257 D ActivityManager: package  com.samsung.android.scloud, user - 0 is SDcard whitelisted
11-05 15:07:29.908  3800  5257 I ApplicationPolicy: isApplicationExternalStorageBlacklisted:com.samsung.android.scloud user:0
11-05 15:07:29.908  3800  5257 D ApplicationPolicy: isApplicationExternalStorageBlacklisted: DO is not enabled on user 0. Allowed.
11-05 15:07:29.931  3800  5257 I ActivityManager: Start proc 21012:com.samsung.android.scloud/5009 for content provider com.samsung.android.scloud/.requestinterface.RequestProvider
11-05 15:07:29.938 21012 21012 E Zygote  : isWhitelistProcess - Process is Whitelisted
11-05 15:07:29.939 21012 21012 E libpersona: scanKnoxPersonas
11-05 15:07:29.940 21012 21012 E libpersona: Couldn't open the File - /data/system/users/0/personalist.xml - No such file or directory
11-05 15:07:29.944 21012 21012 W SELinux : SELinux selinux_android_compute_policy_index : Policy Index[2],  Con:u:r:zygote:s0 SPD:SEPF_SM-G955F_8.0.0_0007 RAM:SEPF_SM-G955F_8.0.0_0016, [-1 -1 -9 -1 0 1]
11-05 15:07:29.951 21012 21012 I SELinux : SELinux: seapp_context_lookup: seinfo=platform, level=s0:c512,c768, pkgname=com.samsung.android.scloud 
11-05 15:07:29.956  3385  3385 E audit   : type=1400 audit(1541444849.951:5741): avc:  denied  { read } for  pid=20590 comm="Thread-2" name="stat" dev="proc" ino=4026532420 scontext=u:r:untrusted_app_25:s0:c512,c768 tcontext=u:object_r:proc_stat:s0 tclass=file permissive=0 SEPF_SM-G955F_8.0.0_0016 audit_filtered
11-05 15:07:30.006 21012 21012 D TimaKeyStoreProvider: TimaKeyStore is not enabled: cannot add TimaSignature Service and generateKeyPair Service
11-05 15:07:30.006 21012 21012 D ActivityThread: Added TimaKeyStore provider
11-05 15:07:30.010  3800  5229 I ActivityManager: DSS on for com.samsung.android.scloud and scale is 1.0
11-05 15:07:30.036 20590 20895 W native  : vio_fault_detector.cc:213 VIO is moving fast with velocity (m/s): 0.198319 -3.00052 0.420372 but RANSAC failed to provide valid frame to frame translation by reporting degeneracy.
11-05 15:07:30.069  3385  3385 E audit   : type=1400 audit(1541444850.067:5742): avc:  denied  { read } for  pid=20590 comm="Thread-2" name="stat" dev="proc" ino=4026532420 scontext=u:r:untrusted_app_25:s0:c512,c768 tcontext=u:object_r:proc_stat:s0 tclass=file permissive=0 SEPF_SM-G955F_8.0.0_0016 audit_filtered
11-05 15:07:30.078 20590 20897 W native  : vio_fault_detector.cc:213 VIO is moving fast with velocity (m/s): 0.188509 -3.02159  0.42382 but RANSAC failed to provide valid frame to frame translation by reporting degeneracy.
11-05 15:07:30.094 21012 21027 I vndksupport: sphal namespace is not configured for this process. Loading /vendor/lib64/egl/libGLES_mali.so from the current namespace instead.
11-05 15:07:30.099 21012 21012 I [SC]DataStoreProvider: onCreate() is called
11-05 15:07:30.146 21012 21027 D libEGL  : loaded /vendor/lib64/egl/libGLES_mali.so
11-05 15:07:30.171  3385  3385 E audit   : type=1400 audit(1541444850.167:5743): avc:  denied  { read } for  pid=20590 comm="Thread-2" name="stat" dev="proc" ino=4026532420 scontext=u:r:untrusted_app_25:s0:c512,c768 tcontext=u:object_r:proc_stat:s0 tclass=file permissive=0 SEPF_SM-G955F_8.0.0_0016 audit_filtered
11-05 15:07:30.175 21012 21012 I [SC]RequestProvider: onCreate
11-05 15:07:30.240  3800  5229 W StorageManager: getStorageLowBytes lowPercent : 5, lowBytes : 2898018304, maxLowBytes : 524288000
11-05 15:07:30.245 21012 21012 I [SC]FailLogsProvider: onCreate
11-05 15:07:30.252 20590 20896 W native  : vio_fault_detector.cc:213 VIO is moving fast with velocity (m/s): 0.176634 -3.06101 0.430192 but RANSAC failed to provide valid frame to frame translation by reporting degeneracy.
11-05 15:07:30.287  3385  3385 E audit   : type=1400 audit(1541444850.283:5744): avc:  denied  { read } for  pid=20590 comm="Thread-2" name="stat" dev="proc" ino=4026532420 scontext=u:r:untrusted_app_25:s0:c512,c768 tcontext=u:object_r:proc_stat:s0 tclass=file permissive=0 SEPF_SM-G955F_8.0.0_0016 audit_filtered
11-05 15:07:30.294 20590 20895 W native  : vio_fault_detector.cc:213 VIO is moving fast with velocity (m/s): 0.165174 -3.11352 0.436689 but RANSAC failed to provide valid frame to frame translation by reporting degeneracy.
11-05 15:07:30.313 21012 21012 I [SC]MediaProxyProvider: onCreate()
11-05 15:07:30.317 21012 21012 I [SC]ExternalOEMControlProvider: onCreate
11-05 15:07:30.349  3800  5229 I EDMNativeHelperService: isCameraEnabled
11-05 15:07:30.382 21012 21012 I [SC]SamsungCloudApp: onCreate: com.samsung.android.scloud, 3.1.00.15
11-05 15:07:30.382 21012 21012 I [SC]SamsungCloudApp: controller create
11-05 15:07:30.404  3385  3385 E audit   : type=1400 audit(1541444850.399:5745): avc:  denied  { read } for  pid=20590 comm="Thread-2" name="stat" dev="proc" ino=4026532420 scontext=u:r:untrusted_app_25:s0:c512,c768 tcontext=u:object_r:proc_stat:s0 tclass=file permissive=0 SEPF_SM-G955F_8.0.0_0016 audit_filtered
11-05 15:07:30.444 20590 20894 W native  : vio_fault_detector.cc:213 VIO is moving fast with velocity (m/s): 0.177891 -3.16205 0.439093 but RANSAC failed to provide valid frame to frame translation by reporting degeneracy.
11-05 15:07:30.445 21012 21031 I [SC]DeviceControllerManager: Handle method by TransactionManager : postInit
11-05 15:07:30.449 21012 21031 I [SC]FailCardManagingOperator: Handle method by TransactionManager : initFailDetailData
11-05 15:07:30.455 21012 21031 I [SC]FailCardManagingOperator: Handle method by TransactionManager : initFailCardList
11-05 15:07:30.465 21012 21012 I [SC]PackageUtil: getCalendarPkgName: com.samsung.android.calendar
11-05 15:07:30.473 21012 21012 I [SC]PackageUtil: getContactsPkgName: com.samsung.android.contacts
11-05 15:07:30.477 21012 21031 I [SC]SyncSettingHandler: Handle method by TransactionManager : postInit
11-05 15:07:30.479 20590 20897 W native  : vio_fault_detector.cc:213 VIO is moving fast with velocity (m/s): 0.189887 -3.20934 0.442867 but RANSAC failed to provide valid frame to frame translation by reporting degeneracy.
11-05 15:07:30.488 21012 21031 I [SC]PackageUtil: getCalendarPkgName: com.samsung.android.calendar
11-05 15:07:30.504  3385  3385 E audit   : type=1400 audit(1541444850.499:5746): avc:  denied  { read } for  pid=20590 comm="Thread-2" name="stat" dev="proc" ino=4026532420 scontext=u:r:untrusted_app_25:s0:c512,c768 tcontext=u:object_r:proc_stat:s0 tclass=file permissive=0 SEPF_SM-G955F_8.0.0_0016 audit_filtered
11-05 15:07:30.505 21012 21031 I [SC]PackageUtil: getCalendarPkgName: com.samsung.android.calendar
11-05 15:07:30.509 21012 21031 I [SC]PackageUtil: getCalendarPkgName: com.samsung.android.calendar
11-05 15:07:30.511 21012 21031 I [SC]PackageUtil: getContactsPkgName: com.samsung.android.contacts
11-05 15:07:30.542 21012 21031 I chatty  : uid=5009(samsungcloud) OP_Thread identical 1 line
11-05 15:07:30.552 21012 21031 I [SC]PackageUtil: getContactsPkgName: com.samsung.android.contacts
11-05 15:07:30.590 21012 21012 I [SC]FeatureManager: byod mode enabled: false
11-05 15:07:30.592 21012 21012 I [SC]FeatureManager: FeatureManager ,[SEC_FLOATING_FEATURE_SAMSUNGCLOUD_ENABLE_SETTING_MENU]:TRUE
11-05 15:07:30.592 21012 21012 I [SC]FeatureManager: [SEC_FLOATING_FEATURE_SAMSUNGCLOUD_SUPPORT_CONTENT_SYNC]bln true
11-05 15:07:30.592 21012 21012 I [SC]FeatureManager: [SEC_FLOATING_FEATURE_SAMSUNGCLOUD_SUPPORT_SAMSUNGKEYBOARD_SYNC]bln true
11-05 15:07:30.592 21012 21012 I [SC]FeatureManager: [SEC_FLOATING_FEATURE_SAMSUNGCLOUD_ENABLE_SETTING_MENU]bln true
11-05 15:07:30.597 21012 21031 I [SC]SyncRunnerManager: android.content.pm.PackageManager$NameNotFoundException: com.samsung.android.app.memo
11-05 15:07:30.604 21012 21031 I [SC]SyncRunnerManager: android.content.pm.PackageManager$NameNotFoundException: com.samsung.android.snote
11-05 15:07:30.604  3385  3385 E audit   : type=1400 audit(1541444850.599:5747): avc:  denied  { read } for  pid=20590 comm="Thread-2" name="stat" dev="proc" ino=4026532420 scontext=u:r:untrusted_app_25:s0:c512,c768 tcontext=u:object_r:proc_stat:s0 tclass=file permissive=0 SEPF_SM-G955F_8.0.0_0016 audit_filtered
11-05 15:07:30.607 21012 21031 I [SC]SyncRunnerManager: android.content.pm.PackageManager$NameNotFoundException: com.samsung.android.app.pinboard
11-05 15:07:30.608 21012 21012 D SamsungAnalytics111040: cf feature is supported
11-05 15:07:30.620 21012 21012 D SamsungAnalytics111040: newThread on Executor
11-05 15:07:30.621 20590 20894 W native  : vio_fault_detector.cc:213 VIO is moving fast with velocity (m/s): 0.193521 -3.25401 0.447733 but RANSAC failed to provide valid frame to frame translation by reporting degeneracy.
11-05 15:07:30.622 21012 21012 D SamsungAnalytics111040: [Tracker] Tracker start:1.11.040
11-05 15:07:30.647 21012 21035 D SamsungAnalytics111040: [Setting Sender] No status log
11-05 15:07:30.674 21012 21012 I [SC]AutoBackupSettingValueUpdater: AutoBackupSetting value will be updated : false
11-05 15:07:30.678 20590 20895 W native  : vio_fault_detector.cc:213 VIO is moving fast with velocity (m/s):  0.20366 -3.28879 0.455346 but RANSAC failed to provide valid frame to frame translation by reporting degeneracy.
11-05 15:07:30.679 21012 21031 I [SC]DeviceControllerManager: Handle method by TransactionManager : handleRequestRefreshIcon
11-05 15:07:30.682 21012 21031 I [SC]TipsOperator: Handle method by TransactionManager : handleReportAccountStatusOperation
11-05 15:07:30.705  3385  3385 E audit   : type=1400 audit(1541444850.703:5748): avc:  denied  { read } for  pid=20590 comm="Thread-2" name="stat" dev="proc" ino=4026532420 scontext=u:r:untrusted_app_25:s0:c512,c768 tcontext=u:object_r:proc_stat:s0 tclass=file permissive=0 SEPF_SM-G955F_8.0.0_0016 audit_filtered
11-05 15:07:30.821 20590 20897 W native  : vio_fault_detector.cc:213 VIO is moving fast with velocity (m/s): 0.198177 -3.32553 0.461146 but RANSAC failed to provide valid frame to frame translation by reporting degeneracy.
11-05 15:07:30.821  3385  3385 E audit   : type=1400 audit(1541444850.819:5749): avc:  denied  { read } for  pid=20590 comm="Thread-2" name="stat" dev="proc" ino=4026532420 scontext=u:r:untrusted_app_25:s0:c512,c768 tcontext=u:object_r:proc_stat:s0 tclass=file permissive=0 SEPF_SM-G955F_8.0.0_0016 audit_filtered
11-05 15:07:30.877 20590 20894 W native  : vio_fault_detector.cc:213 VIO is moving fast with velocity (m/s): 0.204612 -3.38215 0.461116 but RANSAC failed to provide valid frame to frame translation by reporting degeneracy.
11-05 15:07:30.881  5027  5027 E adbd    : recv: OPEN 0000218e 00000000 000c:73 68 65 6C 6C 2C 76 32 3A 70 73 00 
11-05 15:07:30.881  5027  5027 E adbd    : service_to_fd: shell,v2:ps
11-05 15:07:30.922  3385  3385 E audit   : type=1400 audit(1541444850.919:5750): avc:  denied  { read } for  pid=20590 comm="Thread-2" name="stat" dev="proc" ino=4026532420 scontext=u:r:untrusted_app_25:s0:c512,c768 tcontext=u:object_r:proc_stat:s0 tclass=file permissive=0 SEPF_SM-G955F_8.0.0_0016 audit_filtered
11-05 15:07:30.998 20590 20892 I native  : performance_monitor.cc:115 Event: FeatureExtraction is taking too long, it took 199.744ms
11-05 15:07:31.027 20590 20896 W native  : vio_fault_detector.cc:213 VIO is moving fast with velocity (m/s): 0.213716 -3.42957 0.464112 but RANSAC failed to provide valid frame to frame translation by reporting degeneracy.
11-05 15:07:31.038  3385  3385 E audit   : type=1400 audit(1541444851.035:5751): avc:  denied  { read } for  pid=20590 comm="Thread-2" name="stat" dev="proc" ino=4026532420 scontext=u:r:untrusted_app_25:s0:c512,c768 tcontext=u:object_r:proc_stat:s0 tclass=file permissive=0 SEPF_SM-G955F_8.0.0_0016 audit_filtered
11-05 15:07:31.080 20590 20897 W native  : vio_fault_detector.cc:213 VIO is moving fast with velocity (m/s): 0.223501 -3.46898 0.462522 but RANSAC failed to provide valid frame to frame translation by reporting degeneracy.
11-05 15:07:31.142  3385  3385 E audit   : type=1400 audit(1541444851.139:5752): avc:  denied  { read } for  pid=20590 comm="Thread-2" name="stat" dev="proc" ino=4026532420 scontext=u:r:untrusted_app_25:s0:c512,c768 tcontext=u:object_r:proc_stat:s0 tclass=file permissive=0 SEPF_SM-G955F_8.0.0_0016 audit_filtered
11-05 15:07:31.207  3800  4353 E Watchdog: !@Sync 298 [2018-11-05 15:07:31.203]
11-05 15:07:31.207  4963  4963 D io_stats: !@   8,0 r 320530 14721000 w 103277 4526024 d 8830 2275612 f 23233 24595 iot 174580 135657 th 234644 0 0 pt 0 inp 0 0 8956.238
11-05 15:07:31.229 20590 20894 W native  : vio_fault_detector.cc:213 VIO is moving fast with velocity (m/s): 0.262978 -3.50242 0.456824 but RANSAC failed to provide valid frame to frame translation by reporting degeneracy.
11-05 15:07:31.245  3385  3385 E audit   : type=1400 audit(1541444851.243:5753): avc:  denied  { read } for  pid=20590 comm="Thread-2" name="stat" dev="proc" ino=4026532420 scontext=u:r:untrusted_app_25:s0:c512,c768 tcontext=u:object_r:proc_stat:s0 tclass=file permissive=0 SEPF_SM-G955F_8.0.0_0016 audit_filtered
11-05 15:07:31.303 20590 20895 W native  : vio_fault_detector.cc:213 VIO is moving fast with velocity (m/s):  0.23788 -3.54938 0.441576 but RANSAC failed to provide valid frame to frame translation by reporting degeneracy.
11-05 15:07:31.355  3800  5257 I EDMNativeHelperService: isCameraEnabled
11-05 15:07:31.358  3385  3385 E audit   : type=1400 audit(1541444851.355:5754): avc:  denied  { read } for  pid=20590 comm="Thread-2" name="stat" dev="proc" ino=4026532420 scontext=u:r:untrusted_app_25:s0:c512,c768 tcontext=u:object_r:proc_stat:s0 tclass=file permissive=0 SEPF_SM-G955F_8.0.0_0016 audit_filtered
11-05 15:07:31.452 20590 20897 W native  : vio_fault_detector.cc:213 VIO is moving fast with velocity (m/s): 0.239124 -3.58274  0.43721 but RANSAC failed to provide valid frame to frame translation by reporting degeneracy.
11-05 15:07:31.474  3385  3385 E audit   : type=1400 audit(1541444851.471:5755): avc:  denied  { read } for  pid=20590 comm="Thread-2" name="stat" dev="proc" ino=4026532420 scontext=u:r:untrusted_app_25:s0:c512,c768 tcontext=u:object_r:proc_stat:s0 tclass=file permissive=0 SEPF_SM-G955F_8.0.0_0016 audit_filtered
11-05 15:07:31.491 20590 20895 W native  : vio_fault_detector.cc:213 VIO is moving fast with velocity (m/s): 0.255253 -3.60563 0.426471 but RANSAC failed to provide valid frame to frame translation by reporting degeneracy.
11-05 15:07:31.592  3385  3385 E audit   : type=1400 audit(1541444851.587:5756): avc:  denied  { read } for  pid=20590 comm="Thread-2" name="stat" dev="proc" ino=4026532420 scontext=u:r:untrusted_app_25:s0:c512,c768 tcontext=u:object_r:proc_stat:s0 tclass=file permissive=0 SEPF_SM-G955F_8.0.0_0016 audit_filtered
11-05 15:07:31.708  3385  3385 I chatty  : uid=1999(audit) /system/bin/auditd identical 1 line
11-05 15:07:31.748  3800  3922 D SamsungAlarmManager: Expired : 8
11-05 15:07:31.748  3800  3922 I SamsungAlarmManager: setLocked to kernel - T:3 / 20181105T150800, SetElapsed=8985031, nowELAPSED=8956780
11-05 15:07:31.749  3800  3922 V SamsungAlarmManager: Sending to uid : 10023 action=com.google.android.gms.auth.authzen.cryptauth.DEVICE_STATE_CHECK_DELAY_COMPLETE alarm=Alarm{6ccc947 type 3 when 8956779 com.google.android.gms}
11-05 15:07:31.823  3800  5257 D ConnectivityService: filterNetworkStateForUid() uid: 10023 networkInfo: [type: WIFI[] - WIFI, state: CONNECTED/CONNECTED, reason: (unspecified), extra: "Labsoft", failover: false, available: true, roaming: false, metered: false]
11-05 15:07:31.825  3385  3385 E audit   : type=1400 audit(1541444851.823:5758): avc:  denied  { read } for  pid=20590 comm="Thread-2" name="stat" dev="proc" ino=4026532420 scontext=u:r:untrusted_app_25:s0:c512,c768 tcontext=u:object_r:proc_stat:s0 tclass=file permissive=0 SEPF_SM-G955F_8.0.0_0016 audit_filtered
11-05 15:07:31.825 20590 20895 W native  : vio_fault_detector.cc:213 VIO is moving fast with velocity (m/s): 0.215715 -3.68376 0.426868 but RANSAC failed to provide valid frame to frame translation by reporting degeneracy.
11-05 15:07:31.826  5784 21043 I Authzen : [DeviceStateSyncManager] The server is in sync with current state. Nothing to do
11-05 15:07:31.874  3244  3244 I android.hardware.wifi@1.0-service: getLinkLayerStats
11-05 15:07:31.891 20590 20898 I native  : viwls_optimization.cc:1210 Skip Lite-COM due to a significant calibration change.
11-05 15:07:31.896 20590 20894 W native  : vio_fault_detector.cc:213 VIO is moving fast with velocity (m/s): 0.199583 -3.81222 0.466288 but RANSAC failed to provide valid frame to frame translation by reporting degeneracy.
11-05 15:07:31.945  3385  3385 E audit   : type=1400 audit(1541444851.939:5759): avc:  denied  { read } for  pid=20590 comm="Thread-2" name="stat" dev="proc" ino=4026532420 scontext=u:r:untrusted_app_25:s0:c512,c768 tcontext=u:object_r:proc_stat:s0 tclass=file permissive=0 SEPF_SM-G955F_8.0.0_0016 audit_filtered
11-05 15:07:32.023 20590 20898 I native  : viwls_optimization.cc:1040 MAP SOLVE: NO_CONVERGENCE
11-05 15:07:32.023 20590 20898 I native  : viwls_optimization.cc:880 Skip Map State Update
11-05 15:07:32.025 20590 20898 I native  : visual_inertial_wls.cc:141 online_viwls_solve_time in seconds = 0.164831 solve_time_counter_ = 0
11-05 15:07:32.054  3385  3385 E audit   : type=1400 audit(1541444852.047:5760): avc:  denied  { read } for  pid=20590 comm="Thread-2" name="stat" dev="proc" ino=4026532420 scontext=u:r:untrusted_app_25:s0:c512,c768 tcontext=u:object_r:proc_stat:s0 tclass=file permissive=0 SEPF_SM-G955F_8.0.0_0016 audit_filtered
11-05 15:07:32.090 20590 20897 W native  : vio_fault_detector.cc:213 VIO is moving fast with velocity (m/s): 0.199122 -3.83386 0.445941 but RANSAC failed to provide valid frame to frame translation by reporting degeneracy.
11-05 15:07:32.105 20590 20894 W native  : vio_fault_detector.cc:213 VIO is moving fast with velocity (m/s): -0.0482893   -1.68779   0.232418 but RANSAC failed to provide valid frame to frame translation by reporting degeneracy.
11-05 15:07:32.159  3385  3385 E audit   : type=1400 audit(1541444852.155:5761): avc:  denied  { read } for  pid=20590 comm="Thread-2" name="stat" dev="proc" ino=4026532420 scontext=u:r:untrusted_app_25:s0:c512,c768 tcontext=u:object_r:proc_stat:s0 tclass=file permissive=0 SEPF_SM-G955F_8.0.0_0016 audit_filtered
11-05 15:07:32.229 20590 20896 W native  : vio_fault_detector.cc:213 VIO is moving fast with velocity (m/s): -0.111734  -1.02906  0.177516 but RANSAC failed to provide valid frame to frame translation by reporting degeneracy.
11-05 15:07:32.260  3385  3385 E audit   : type=1400 audit(1541444852.255:5762): avc:  denied  { read } for  pid=20590 comm="Thread-2" name="stat" dev="proc" ino=4026532420 scontext=u:r:untrusted_app_25:s0:c512,c768 tcontext=u:object_r:proc_stat:s0 tclass=file permissive=0 SEPF_SM-G955F_8.0.0_0016 audit_filtered
11-05 15:07:32.291  5027  5027 E adbd    : recv: OPEN 00002194 00000000 000c:73 68 65 6C 6C 2C 76 32 3A 70 73 00 
11-05 15:07:32.291  5027  5027 E adbd    : service_to_fd: shell,v2:ps
11-05 15:07:32.362  3800  5229 I EDMNativeHelperService: isCameraEnabled
11-05 15:07:32.377  3385  3385 E audit   : type=1400 audit(1541444852.375:5763): avc:  denied  { read } for  pid=20590 comm="Thread-2" name="stat" dev="proc" ino=4026532420 scontext=u:r:untrusted_app_25:s0:c512,c768 tcontext=u:object_r:proc_stat:s0 tclass=file permissive=0 SEPF_SM-G955F_8.0.0_0016 audit_filtered
11-05 15:07:33.027  3385  3385 I chatty  : uid=1999(audit) /system/bin/auditd identical 6 lines
11-05 15:07:33.143  3385  3385 E audit   : type=1400 audit(1541444853.139:5770): avc:  denied  { read } for  pid=20590 comm="Thread-2" name="stat" dev="proc" ino=4026532420 scontext=u:r:untrusted_app_25:s0:c512,c768 tcontext=u:object_r:proc_stat:s0 tclass=file permissive=0 SEPF_SM-G955F_8.0.0_0016 audit_filtered
11-05 15:07:33.203 20590 20892 I native  : performance_monitor.cc:115 Event: FeatureExtraction is taking too long, it took 199.784ms
11-05 15:07:33.246  3385  3385 E audit   : type=1400 audit(1541444853.243:5771): avc:  denied  { read } for  pid=20590 comm="Thread-2" name="stat" dev="proc" ino=4026532420 scontext=u:r:untrusted_app_25:s0:c512,c768 tcontext=u:object_r:proc_stat:s0 tclass=file permissive=0 SEPF_SM-G955F_8.0.0_0016 audit_filtered
11-05 15:07:33.365  3385  3385 E audit   : type=1400 audit(1541444853.363:5772): avc:  denied  { read } for  pid=20590 comm="Thread-2" name="stat" dev="proc" ino=4026532420 scontext=u:r:untrusted_app_25:s0:c512,c768 tcontext=u:object_r:proc_stat:s0 tclass=file permissive=0 SEPF_SM-G955F_8.0.0_0016 audit_filtered
11-05 15:07:33.371  3800  5229 I EDMNativeHelperService: isCameraEnabled
11-05 15:07:33.478  3385  3385 E audit   : type=1400 audit(1541444853.475:5773): avc:  denied  { read } for  pid=20590 comm="Thread-2" name="stat" dev="proc" ino=4026532420 scontext=u:r:untrusted_app_25:s0:c512,c768 tcontext=u:object_r:proc_stat:s0 tclass=file permissive=0 SEPF_SM-G955F_8.0.0_0016 audit_filtered
11-05 15:07:33.580  3385  3385 E audit   : type=1400 audit(1541444853.575:5774): avc:  denied  { read } for  pid=20590 comm="Thread-2" name="stat" dev="proc" ino=4026532420 scontext=u:r:untrusted_app_25:s0:c512,c768 tcontext=u:object_r:proc_stat:s0 tclass=file permissive=0 SEPF_SM-G955F_8.0.0_0016 audit_filtered
11-05 15:07:33.675  5027  5027 E adbd    : recv: OPEN 00002198 00000000 000c:73 68 65 6C 6C 2C 76 32 3A 70 73 00 
11-05 15:07:33.675  5027  5027 E adbd    : service_to_fd: shell,v2:ps
11-05 15:07:33.701  4234  4626 D NetworkController.MobileSignalController(0/-2): onSignalStrengthsChanged signalStrength=SignalStrength: 7 99 -7 -200 -7 -200 -1 99 2147483647 2147483647 2147483647 2147483647 0 2147483647 0x3 P gsm|lte level=3
11-05 15:07:33.702  4234  4626 D NetworkController.MobileSignalController(0/-2): getMobileIconGroup(): 0
11-05 15:07:33.706  3385  3385 E audit   : type=1400 audit(1541444853.703:5775): avc:  denied  { read } for  pid=20590 comm="Thread-2" name="stat" dev="proc" ino=4026532420 scontext=u:r:untrusted_app_25:s0:c512,c768 tcontext=u:object_r:proc_stat:s0 tclass=file permissive=0 SEPF_SM-G955F_8.0.0_0016 audit_filtered
11-05 15:07:34.146  3385  3385 I chatty  : uid=1999(audit) /system/bin/auditd identical 4 lines
11-05 15:07:34.246  3385  3385 E audit   : type=1400 audit(1541444854.243:5780): avc:  denied  { read } for  pid=20590 comm="Thread-2" name="stat" dev="proc" ino=4026532420 scontext=u:r:untrusted_app_25:s0:c512,c768 tcontext=u:object_r:proc_stat:s0 tclass=file permissive=0 SEPF_SM-G955F_8.0.0_0016 audit_filtered
11-05 15:07:34.269  3409 20946 D ExynosCameraBufferManager: [CAM_ID(0)][PREVIEW_CB_STREAM_BUF]-DEBUG(getIndexByHandle[3718]): assigned new buffer handle(0x0) Index(13)
11-05 15:07:34.347  3385  3385 E audit   : type=1400 audit(1541444854.343:5781): avc:  denied  { read } for  pid=20590 comm="Thread-2" name="stat" dev="proc" ino=4026532420 scontext=u:r:untrusted_app_25:s0:c512,c768 tcontext=u:object_r:proc_stat:s0 tclass=file permissive=0 SEPF_SM-G955F_8.0.0_0016 audit_filtered
11-05 15:07:34.375  3800  5229 I EDMNativeHelperService: isCameraEnabled
11-05 15:07:34.447  3385  3385 E audit   : type=1400 audit(1541444854.443:5782): avc:  denied  { read } for  pid=20590 comm="Thread-2" name="stat" dev="proc" ino=4026532420 scontext=u:r:untrusted_app_25:s0:c512,c768 tcontext=u:object_r:proc_stat:s0 tclass=file permissive=0 SEPF_SM-G955F_8.0.0_0016 audit_filtered
11-05 15:07:34.881  3385  3385 I chatty  : uid=1999(audit) /system/bin/auditd identical 4 lines
11-05 15:07:34.889  3244  3244 I android.hardware.wifi@1.0-service: getLinkLayerStats
11-05 15:07:34.982  3385  3385 E audit   : type=1400 audit(1541444854.979:5787): avc:  denied  { read } for  pid=20590 comm="Thread-2" name="stat" dev="proc" ino=4026532420 scontext=u:r:untrusted_app_25:s0:c512,c768 tcontext=u:object_r:proc_stat:s0 tclass=file permissive=0 SEPF_SM-G955F_8.0.0_0016 audit_filtered
11-05 15:07:35.052  5027  5027 E adbd    : recv: OPEN 0000219c 00000000 000c:73 68 65 6C 6C 2C 76 32 3A 70 73 00 
11-05 15:07:35.052  5027  5027 E adbd    : service_to_fd: shell,v2:ps
11-05 15:07:35.083  3385  3385 E audit   : type=1400 audit(1541444855.079:5788): avc:  denied  { read } for  pid=20590 comm="Thread-2" name="stat" dev="proc" ino=4026532420 scontext=u:r:untrusted_app_25:s0:c512,c768 tcontext=u:object_r:proc_stat:s0 tclass=file permissive=0 SEPF_SM-G955F_8.0.0_0016 audit_filtered
11-05 15:07:35.186  3385  3385 I chatty  : uid=1999(audit) /system/bin/auditd identical 1 line
11-05 15:07:35.300  3385  3385 E audit   : type=1400 audit(1541444855.295:5790): avc:  denied  { read } for  pid=20590 comm="Thread-2" name="stat" dev="proc" ino=4026532420 scontext=u:r:untrusted_app_25:s0:c512,c768 tcontext=u:object_r:proc_stat:s0 tclass=file permissive=0 SEPF_SM-G955F_8.0.0_0016 audit_filtered
11-05 15:07:35.385  3800  5229 I EDMNativeHelperService: isCameraEnabled
11-05 15:07:35.400  3385  3385 E audit   : type=1400 audit(1541444855.395:5791): avc:  denied  { read } for  pid=20590 comm="Thread-2" name="stat" dev="proc" ino=4026532420 scontext=u:r:untrusted_app_25:s0:c512,c768 tcontext=u:object_r:proc_stat:s0 tclass=file permissive=0 SEPF_SM-G955F_8.0.0_0016 audit_filtered
11-05 15:07:35.402 20590 20892 I native  : performance_monitor.cc:115 Event: FeatureExtraction is taking too long, it took 199.756ms
11-05 15:07:35.503  3385  3385 E audit   : type=1400 audit(1541444855.499:5792): avc:  denied  { read } for  pid=20590 comm="Thread-2" name="stat" dev="proc" ino=4026532420 scontext=u:r:untrusted_app_25:s0:c512,c768 tcontext=u:object_r:proc_stat:s0 tclass=file permissive=0 SEPF_SM-G955F_8.0.0_0016 audit_filtered
11-05 15:07:36.171  3385  3385 I chatty  : uid=1999(audit) /system/bin/auditd identical 6 lines
11-05 15:07:36.211  4963  4963 D io_stats: !@   8,0 r 320530 14721000 w 103299 4526216 d 8831 2275616 f 23234 24596 iot 174584 135661 th 235352 0 0 pt 0 inp 0 0 8961.241
