11-04 17:49:09.178 20093 20098 I zygote  : Increasing code cache capacity to 256KB
11-04 17:49:09.179 20093 20098 I zygote  : Method exceeds compiler instruction limit: 25337 in void org.ccil.cowan.tagsoup.HTMLSchema.<init>()
11-04 17:49:09.298 20093 20109 D OpenGLRenderer: HWUI GL Pipeline
11-04 17:49:09.332 20093 20109 I Adreno  : QUALCOMM build                   : 3273d9c, I0b59f3a7cf
11-04 17:49:09.332 20093 20109 I Adreno  : Build Date                       : 02/27/18
11-04 17:49:09.332 20093 20109 I Adreno  : OpenGL ES Shader Compiler Version: EV031.22.00.01
11-04 17:49:09.332 20093 20109 I Adreno  : Local Branch                     : 
11-04 17:49:09.332 20093 20109 I Adreno  : Remote Branch                    : refs/tags/AU_LINUX_ANDROID_LA.UM.6.5.R1.08.00.00.312.044
11-04 17:49:09.332 20093 20109 I Adreno  : Remote Branch                    : NONE
11-04 17:49:09.332 20093 20109 I Adreno  : Reconstruct Branch               : NOTHING
11-04 17:49:09.346 20093 20109 I Adreno  : PFP: 0x005ff087, ME: 0x005ff063
11-04 17:49:09.352 20093 20109 I OpenGLRenderer: Initialized EGL, version 1.4
11-04 17:49:09.352 20093 20109 D OpenGLRenderer: Swap behavior 2
11-04 17:49:09.554  2753  3004 I LaunchCheckinHandler: Displayed com.google.android.packageinstaller/com.android.packageinstaller.permission.ui.GrantPermissionsActivity,cp,ca,530
11-04 17:49:09.554  2753  3004 I ActivityManager: Displayed com.google.android.packageinstaller/com.android.packageinstaller.permission.ui.GrantPermissionsActivity: +524ms (total +30s26ms)
11-04 17:49:09.568 20039 20045 I zygote  : Do partial code cache collection, code=7KB, data=25KB
11-04 17:49:09.569 20039 20045 I zygote  : After code cache collection, code=7KB, data=25KB
11-04 17:49:09.569 20039 20045 I zygote  : Increasing code cache capacity to 128KB
11-04 17:49:09.755   594   892 I SFPerfTracer:      triggers: (rate: 0:0) (200874 sw vsyncs) (0 skipped) (117:101502 vsyncs) (119:313183)
11-04 17:49:09.864  4459 19997 I PBSessionCacheImpl: Deleted sessionId[4757057363106] from persistence.
11-04 17:49:09.874  4459  4459 W SearchServiceCore: Abort, client detached.
11-04 17:49:09.874  4459  4459 W SearchServiceCore: Abort, client detached.
11-04 17:49:09.876  4459  4459 I StreamController: cleanUpControllerScope(nowcards-15-f3ca96-ac2a)
11-04 17:49:09.883  4459  4459 W SearchServiceCore: Abort, client detached.
11-04 17:49:10.749  3796  3933 I QCNEJ   : |CORE| CNE received action RSSI/Link Changed events: android.net.wifi.RSSI_CHANGED
11-04 17:49:10.749  3796  3933 D QCNEJ   : |CORE| Updating RSSI: -69
11-04 17:49:10.758  6531  6564 I CarrierServices: [288] bwa.a: FiST: Wifi connectivity status true
11-04 17:49:10.760  6531  6564 I CarrierServices: [288] bwf.d: Connected state: [1], networkType: [WIFI]
11-04 17:49:10.760  6531  7314 I CarrierServices: [321] bdy.handleMessage: RCS is disabled, skipping config update request
11-04 17:49:10.762  6531  6666 I CarrierServices: [308] czn.a: CarrierServices.apk is not sim call manager. Not enabling MMTel.
11-04 17:49:10.762  6531  6666 I CarrierServices: [308] bcs.run: (MMTel): : Ignoring Network Change based on IMS preferences
11-04 17:49:10.834  2483  2483 E /system/bin/tombstoned: Tombstone written to: /data/tombstones//tombstone_00
11-04 17:49:10.844  2753  2998 I BootReceiver: Copying /data/tombstones/tombstone_00 to DropBox (SYSTEM_TOMBSTONE)
11-04 17:49:10.844  2753  2835 I ActivityManager: Showing crash dialog for package com.YourCompany.guia_ra u10
11-04 17:49:10.870  2753  3382 W InputDispatcher: channel '3689600 com.YourCompany.guia_ra/com.epicgames.ue4.GameActivity (server)' ~ Consumer closed input channel or an error occurred.  events=0x9
11-04 17:49:10.870  2753  3382 E InputDispatcher: channel '3689600 com.YourCompany.guia_ra/com.epicgames.ue4.GameActivity (server)' ~ Channel is unrecoverably broken and will be disposed!
11-04 17:49:10.870  2753  3382 W InputDispatcher: channel '65a50fb com.YourCompany.guia_ra/com.epicgames.ue4.GameActivity (server)' ~ Consumer closed input channel or an error occurred.  events=0x9
11-04 17:49:10.870  2753  3382 E InputDispatcher: channel '65a50fb com.YourCompany.guia_ra/com.epicgames.ue4.GameActivity (server)' ~ Channel is unrecoverably broken and will be disposed!
11-04 17:49:10.870  2753  9423 I WindowManager: WIN DEATH: Window{3689600 u10 com.YourCompany.guia_ra/com.epicgames.ue4.GameActivity}
11-04 17:49:10.871  2753  9423 W InputDispatcher: Attempted to unregister already unregistered input channel '3689600 com.YourCompany.guia_ra/com.epicgames.ue4.GameActivity (server)'
11-04 17:49:10.873  2378  2378 I Zygote  : Process 20018 exited due to signal (11)
11-04 17:49:10.877  2753 16129 I ActivityManager: Process com.YourCompany.guia_ra (pid 20018) has died: vis  TOP 
11-04 17:49:10.878  2753 16129 W ActivityManager: Force removing ActivityRecord{9baa3ce u10 com.YourCompany.guia_ra/com.epicgames.ue4.GameActivity t1000001}: app died, no saved state
11-04 17:49:10.894  2753  3604 I WindowManager: WIN DEATH: Window{65a50fb u10 com.YourCompany.guia_ra/com.epicgames.ue4.GameActivity}
11-04 17:49:10.894  2753  3604 W InputDispatcher: Attempted to unregister already unregistered input channel '65a50fb com.YourCompany.guia_ra/com.epicgames.ue4.GameActivity (server)'
11-04 17:49:10.929  2753 16129 I WindowManager: Keep hide if surface has never drawn Window{8183bf7 u0 Splash Screen com.YourCompany.guia_ra}
11-04 17:49:10.947  2753  3290 W WindowManager: Failed looking up window callers=com.android.server.wm.WindowManagerService.windowForClientLocked:5830 com.android.server.wm.WindowManagerService.removeWindow:1756 com.android.server.wm.Session.remove:216 
11-04 17:49:10.970  2753  3909 D VoldConnector: SND -> {13 volume remount_uid 1010023 read}
11-04 17:49:10.971  2753  2753 W MayaPerformanceService: getPackageActionStatus no packageName,ui:1000;type:2
11-04 17:49:10.971  2753  2753 I chatty  : uid=1000 system_server identical 2 lines
11-04 17:49:10.971  2753  2753 W MayaPerformanceService: getPackageActionStatus no packageName,ui:1000;type:2
11-04 17:49:10.971   457   460 D vold    : Remounting 1010023 as mode read
11-04 17:49:10.982  2753  3004 W ActivityManager: setHasOverlayUi called on unknown pid: 20018
11-04 17:49:10.983  2753  2835 W Looper  : Dispatch took 145ms on android.ui, h=Handler (com.android.server.am.ActivityManagerService$UiHandler) {853a9d3} cb=null msg=1
11-04 17:49:10.990 21734 21734 I AppLifecycleTracker: onActivityStarted: 
11-04 17:49:10.996  2753  3447 D VoldConnector: RCV <- {200 13 Command succeeded}
11-04 17:49:11.000  2753  2801 D VoldConnector: SND -> {14 volume remount_uid 1010023 write}
11-04 17:49:11.001  2753  2753 W MayaPerformanceService: getPackageActionStatus no packageName,ui:1000;type:2
11-04 17:49:11.001  2753  2753 I chatty  : uid=1000 system_server identical 2 lines
11-04 17:49:11.001  2753  2753 W MayaPerformanceService: getPackageActionStatus no packageName,ui:1000;type:2
11-04 17:49:11.001   457   460 D vold    : Remounting 1010023 as mode write
11-04 17:49:11.019  2753  3447 D VoldConnector: RCV <- {200 14 Command succeeded}
11-04 17:49:11.023  2691  2691 E adbd    : failed to connect to socket 'tcp:6666': Connection refused
11-04 17:49:11.028  2753  4594 I OpenGLRenderer: Initialized EGL, version 1.4
11-04 17:49:11.028  2753  4594 D OpenGLRenderer: Swap behavior 2
11-04 17:49:11.130 21734 21734 I AppLifecycleTracker: onActivityResumed: 
11-04 17:49:11.145 20093 20109 D OpenGLRenderer: endAllActiveAnimators on 0x980ac780 (RippleDrawable) with handle 0x977220b0
11-04 17:49:11.212  2753  9023 I ActivityManager: Killing 17054:com.motorola.moto/u0a48 (adj 906): empty #17
11-04 17:49:11.241  2753  2835 W Looper  : Dispatch took 210ms on android.ui, h=Handler (android.view.Choreographer$FrameHandler) {7b898fa} cb=android.view.Choreographer$FrameDisplayEventReceiver@3917eab msg=0
11-04 17:49:11.276  2753  9023 I ActivityManager: moveHomeStack, setupComplete:true
11-04 17:49:11.346  2753  2835 W Looper  : Dispatch took 104ms on android.ui, h=Handler (com.android.server.am.ActivityManagerService$UiHandler) {853a9d3} cb=null msg=31
11-04 17:49:11.347 21734 21734 I AppLifecycleTracker: onActivityPaused: 
11-04 17:49:11.441 21734 21734 I AppLifecycleTracker: onActivitySaveInstanceState: 
11-04 17:49:11.451  4459  4459 W SessionLifecycleManager: Handover failed. Creating new session controller.
11-04 17:49:11.451   594   594 D SurfaceFlinger: duplicate layer name: changing com.motorola.launcher3/com.android.launcher3.CustomizationPanelLauncher to com.motorola.launcher3/com.android.launcher3.CustomizationPanelLauncher#1
11-04 17:49:11.466 21734 21734 I AppLifecycleTracker: onActivityStopped: 
11-04 17:49:11.468  4459 19997 E sb.v.u.LiteSuggestSourc: On-device lite suggest model loading error.
11-04 17:49:11.480 21734 21734 I Finsky  : [2] com.google.android.finsky.cy.d.onTrimMemory(4): Memory trim requested to level 20
11-04 17:49:11.481 21734 21734 I Finsky  : [2] com.google.android.finsky.cy.d.onTrimMemory(9): Flushing in-memory image cache
11-04 17:49:11.481 21734 21734 V MediaPlayer: resetDrmState:  mDrmInfo=null mDrmProvisioningThread=null mPrepareDrmInProgress=false mActiveDrmScheme=false
11-04 17:49:11.481 21734 21734 V MediaPlayer: cleanDrmObj: mDrmObj=null mDrmSessionId=null
11-04 17:49:11.519  4459  4459 I StreamController: registerScope: nowcards-15-f3ca96-ac2a
11-04 17:49:11.523   578 20131 I Thermal-Lib: Thermal-Lib-Client: Client request sent
11-04 17:49:11.524  2375  2462 I ThermalEngine: Thermal-Server: Thermal received msg from  override
11-04 17:49:11.586  4459  4459 W TemplatedStringEvaluato: Got templated string with no display string
11-04 17:49:11.588  4459  4459 I ClusterController: Found empty cluster, or no children successfully created.
11-04 17:49:11.635  3779 18470 E NetworkScheduler: Invalid component specified.
11-04 17:49:11.638  2753  2819 W MayaPerformanceService: resetBlockRules no packageName,ui:99005
11-04 17:49:11.641  4459  4459 I MicroDetectionState: Keep running hotword in interactor process
11-04 17:49:11.649  4459  4459 W StaticLayout: maxLineHeight should not be -1.  maxLines:2 lineCount:2
11-04 17:49:11.653  4459  4459 I chatty  : uid=10071(u0_a71) com.google.android.googlequicksearchbox:search identical 2 lines
11-04 17:49:11.655  4459  4459 W StaticLayout: maxLineHeight should not be -1.  maxLines:2 lineCount:2
11-04 17:49:11.749  4459  4470 I zygote  : Background concurrent copying GC freed 94476(3MB) AllocSpace objects, 1(52KB) LOS objects, 50% free, 16MB/32MB, paused 434us total 191.490ms
11-04 17:49:12.002   594   594 I SFPerfTracer:      triggers: (rate: 66:5770) (compose: 0:0) (post: 0:0) (render: 0:2) (12:55423 frames) (13:61315)
11-04 17:49:12.002   594   594 D SFPerfTracer:        layers: (8:17) (StatusBar#0 (0xb0b4b000): 2:4886) (RoundedOverlay#0 (0xb0b35000): 0:149) (RoundedOverlay#1 (0xb0b38000): 0:163) (com.android.systemui.ImageWallpaper#0 (0xb0b44000): 0:157) (animation background stackId=1#0 (0xb0803000): 0:27)* (NavigationBar#0 (0xb0bd9000): 0:2256) (DimLayerController/Stack=0#0 (0xb0808000): 0:305) (com.motorola.launcher3/com.android.launcher3.CustomizationPanelLauncher#0 (0xb0be5000): 0:32)- (com.motorola.launcher3/com.android.launcher3.CustomizationPanelLauncher#1 (0xb081e000): 0:166)- (Splash Screen com.YourCompany.guia_ra#0 (0xb084a000): 0:27)- (com.YourCompany.guia_ra/com.epicgames.ue4.GameActivity#0 (0xb084e000): 0:32)- (com.YourCompany.guia_ra/com.epicgames.ue4.GameActivity#1 (0xb080e000): 0:31)- (com.google.android.packageinstaller/com.android.packageinstaller.permission.ui.GrantPermissionsActivity#0 (0xb0829000): 0:27)- (Application Error: com.YourCompany.guia_ra#0 (0xb0be5000): 0:19) (com.android.vending/com.android.vending.AssetBrowserActivity#0
11-04 17:49:12.011  4421  4475 W OpenGLRenderer: Incorrectly called buildLayer on View: ShortcutAndWidgetContainer, destroying layer...
11-04 17:49:12.011  4421  4475 W OpenGLRenderer: Incorrectly called buildLayer on View: ShortcutAndWidgetContainer, destroying layer...
11-04 17:49:12.083  5020  5891 I zygote  : Deoptimizing void X.0dd.B(com.fasterxml.jackson.databind.node.ObjectNode, X.0bI) due to JIT inline cache
11-04 17:49:12.143  2753  3517 E TaskPersister: File error accessing recents directory (directory doesn't exist?).
11-04 17:49:12.522  2753 20118 W ActivityManager: Ignoring remove of inactive process: ProcessRecord{cf11be4 0:com.YourCompany.guia_ra/u10a23}
11-04 17:49:12.718  2753  3290 W AppOps  : Finishing op nesting under-run: uid 1000 pkg android code 24 time=0 duration=0 nesting=0
11-04 17:49:13.028  2691  2691 E adbd    : failed to connect to socket 'tcp:6666': Connection refused
11-04 17:49:13.371 17874 17992 D ClClient: Not sending keepalive.  Current connection state=STOPPED
11-04 17:49:13.769  3796  3933 I QCNEJ   : |CORE| CNE received action RSSI/Link Changed events: android.net.wifi.RSSI_CHANGED
11-04 17:49:13.769  3796  3933 D QCNEJ   : |CORE| Updating RSSI: -63
11-04 17:49:13.782  6531  6564 I CarrierServices: [288] bwa.a: FiST: Wifi connectivity status true
11-04 17:49:13.783  6531  7314 I CarrierServices: [321] bdy.handleMessage: RCS is disabled, skipping config update request
11-04 17:49:13.784  6531  6564 I CarrierServices: [288] bwf.d: Connected state: [1], networkType: [WIFI]
11-04 17:49:13.786  6531  6666 I CarrierServices: [308] czn.a: CarrierServices.apk is not sim call manager. Not enabling MMTel.
11-04 17:49:13.787  6531  6666 I CarrierServices: [308] bcs.run: (MMTel): : Ignoring Network Change based on IMS preferences
11-04 17:49:13.897 13885 13885 E MSM-irqbalance: __set_smp_affinity: Unable to open /proc/irq/21/smp_affinity
11-04 17:49:13.897 13885 13885 E MSM-irqbalance: get_smp_affinity: Unable to open /proc/irq/21/smp_affinity
11-04 17:49:13.897 13885 13885 E MSM-irqbalance: Unable to set SMP affinity
11-04 17:49:14.272  2753  9023 I ActivityManager: START u10 {act=android.intent.action.MAIN cat=[android.intent.category.LAUNCHER] flg=0x10200000 pkg=com.YourCompany.guia_ra cmp=com.YourCompany.guia_ra/com.epicgames.ue4.SplashActivity bnds=[18,72][155,280]} from uid 1000
11-04 17:49:14.273   578 20142 I Thermal-Lib: Thermal-Lib-Client: Client request sent
11-04 17:49:14.273  2375  2462 I ThermalEngine: Thermal-Server: Thermal received msg from  override
11-04 17:49:14.296  2753  9023 I ActivityManager: Start proc 20143:com.YourCompany.guia_ra/u10a23 for activity com.YourCompany.guia_ra/com.epicgames.ue4.SplashActivity
11-04 17:49:14.301 20143 20143 I zygote  : Late-enabling -Xcheck:jni
11-04 17:49:14.655  2753 16129 I ActivityManager: START u10 {act=android.intent.action.MAIN flg=0x10000 cmp=com.YourCompany.guia_ra/com.epicgames.ue4.GameActivity (has extras)} from uid 1010023
11-04 17:49:14.756 20143 20143 D OVRPlugin: JNI_OnLoad
11-04 17:49:14.802 20143 20143 W Company.guia_ra: type=1400 audit(0.0:1954): avc: denied { read } for uid=1010023 name="stat" dev="proc" ino=4026532295 scontext=u:r:untrusted_app_25:s0:c522,c768 tcontext=u:object_r:proc_stat:s0 tclass=file permissive=0
11-04 17:49:15.016 20143 20143 D UE4     : In the JNI_OnLoad function
11-04 17:49:15.017 20143 20143 D UE4     : [JNI] - Failed to determine if app purchasing is enabled!
11-04 17:49:15.019 20143 20143 D UE4     : Path found as '/storage/emulated/10'
11-04 17:49:15.020 20143 20143 D UE4     : Font Path found as '/system/fonts/'
11-04 17:49:15.020 20143 20143 D UE4     : In the JNI_OnLoad function 5
11-04 17:49:15.035  2691  2691 E adbd    : failed to connect to socket 'tcp:6666': Connection refused
11-04 17:49:15.043 20143 20164 D UE4     : Entering native app glue main function
11-04 17:49:15.043 20143 20164 D UE4     : Created event thread
11-04 17:49:15.043 20143 20165 D UE4     : Entering event processing thread engine entry point
11-04 17:49:15.043 20143 20164 D UE4     : Entered AndroidMain()
11-04 17:49:15.044 20143 20165 D UE4     : Prepared looper for event thread
11-04 17:49:15.044 20143 20165 D UE4     : Passed callback initialization
11-04 17:49:15.044 20143 20165 D UE4     : Passed sensor initialization
11-04 17:49:15.045 20143 20164 D UE4     : Controller interface supported
11-04 17:49:15.077 20143 20166 D OpenGLRenderer: HWUI GL Pipeline
11-04 17:49:15.089 20143 20143 D UE4     : Target SDK is 24.  This may cause issues if permissions are denied by the user.
11-04 17:49:15.090 20143 20143 D PermissionFragment: Creating PlayGamesFragment
11-04 17:49:15.096  2753  9423 I ActivityManager: START u10 {act=android.content.pm.action.REQUEST_PERMISSIONS pkg=com.google.android.packageinstaller cmp=com.google.android.packageinstaller/com.android.packageinstaller.permission.ui.GrantPermissionsActivity (has extras)} from uid 1010023
11-04 17:49:15.110 20143 20143 D UE4     : Vulkan version: 1.0.3
11-04 17:49:15.110 20143 20143 D UE4     : Vulkan level: 0
11-04 17:49:15.113 20143 20143 D UE4     : Found DepthBufferPreference = 0
11-04 17:49:15.113 20143 20143 D UE4     : Found bPackageDataInsideApk = 0
11-04 17:49:15.114 20143 20143 D UE4     : Found ProjectName = guia_ra
11-04 17:49:15.114 20143 20143 D UE4     : Found bHasOBBFiles = 0
11-04 17:49:15.114 20143 20143 D UE4     : Found bVerifyOBBOnStartUp = false
11-04 17:49:15.114 20143 20143 D UE4     : UI hiding set to false
11-04 17:49:15.114 20143 20143 D UE4     : BuildConfiguration set to Development
11-04 17:49:15.114 20143 20143 D UE4     : UseExternalFilesDir set to false
11-04 17:49:15.114 20143 20143 D UE4     : No GearVR mode detected.
11-04 17:49:15.115 20143 20143 D UE4     : APK path: /data/app/com.YourCompany.guia_ra-mlHZwV7nf2ta98OpM-k3IA==/base.apk
11-04 17:49:15.115 20143 20143 D UE4     : OBB in APK: false
11-04 17:49:15.118 20143 20143 D UE4     : ExternalFilePath found as '/storage/emulated/10/Android/data/com.YourCompany.guia_ra/files'
11-04 17:49:15.119 20143 20143 D UE4     : App is running in Portrait
11-04 17:49:15.119 20143 20143 D UE4     : Android version is 8.0.0
11-04 17:49:15.119 20143 20143 D UE4     : Android manufacturer is motorola
11-04 17:49:15.119 20143 20143 D UE4     : Android model is moto g(6) play
11-04 17:49:15.119 20143 20143 D UE4     : OS language is set to pt_BR
11-04 17:49:15.161 20143 20148 I zygote  : Do partial code cache collection, code=24KB, data=29KB
11-04 17:49:15.163 20143 20148 I zygote  : After code cache collection, code=24KB, data=29KB
11-04 17:49:15.163 20143 20148 I zygote  : Increasing code cache capacity to 128KB
11-04 17:49:15.191 20143 20143 W PopupManager: You have not specified a View to use as content view for popups. Falling back to the Activity content view. Note that this may not work as expected in multi-screen environments
11-04 17:49:15.210 20143 20143 D UE4     : ==============> GameActive.onCreate complete!
11-04 17:49:15.211 20143 20143 D UE4     : Creating console command broadcast listener
11-04 17:49:15.211 20143 20165 D UE4     : LogAndroidEvents: EnqueueAppEvent : 9, 0, tid = 20165
11-04 17:49:15.214 20143 20143 D UE4     : ==================================> Inside onStart function in GameActivity
11-04 17:49:15.220 20143 20165 D UE4     : Case APP_CMD_RESUME
11-04 17:49:15.220 20143 20165 D UE4     : LogAndroidEvents: EnqueueAppEvent : 7, 0, tid = 20165
11-04 17:49:15.223 20143 20143 E SensorManager: sensor or listener is null
11-04 17:49:15.229 20143 20143 D UE4     : App is running in Portrait
11-04 17:49:15.229 20143 20143 D UE4     : ==============> Resuming main init
11-04 17:49:15.238 20143 20164 D UE4     : Final commandline: 
11-04 17:49:15.238 20143 20164 D UE4     : Created sync event
11-04 17:49:15.240 20143 20164 D UE4     : Project file not found: ../../../guia_ra/guia_ra.uproject
11-04 17:49:15.241 20143 20143 D UE4     : ==============> GameActive.onResume complete!
11-04 17:49:15.253 20143 20164 F libc    : Fatal signal 11 (SIGSEGV), code 1, fault addr 0x0 in tid 20164 (Thread-2)
11-04 17:49:15.284 20143 20166 I Adreno  : QUALCOMM build                   : 3273d9c, I0b59f3a7cf
11-04 17:49:15.284 20143 20166 I Adreno  : Build Date                       : 02/27/18
11-04 17:49:15.284 20143 20166 I Adreno  : OpenGL ES Shader Compiler Version: EV031.22.00.01
11-04 17:49:15.284 20143 20166 I Adreno  : Local Branch                     : 
11-04 17:49:15.284 20143 20166 I Adreno  : Remote Branch                    : refs/tags/AU_LINUX_ANDROID_LA.UM.6.5.R1.08.00.00.312.044
11-04 17:49:15.284 20143 20166 I Adreno  : Remote Branch                    : NONE
11-04 17:49:15.284 20143 20166 I Adreno  : Reconstruct Branch               : NOTHING
11-04 17:49:15.297 20143 20166 I Adreno  : PFP: 0x005ff087, ME: 0x005ff063
11-04 17:49:15.329 20171 20171 I crash_dump32: obtaining output fd from tombstoned
11-04 17:49:15.330  2483  2483 I /system/bin/tombstoned: received crash request for pid 20143
11-04 17:49:15.331 20171 20171 I crash_dump32: performing dump of process 20143 (target tid = 20164)
11-04 17:49:15.331 20171 20171 F DEBUG   : *** *** *** *** *** *** *** *** *** *** *** *** *** *** *** ***
11-04 17:49:15.331 20171 20171 F DEBUG   : Build fingerprint: 'motorola/aljeter/aljeter:8.0.0/OPP27.91-143/150:user/release-keys'
11-04 17:49:15.331 20171 20171 F DEBUG   : Revision: 'p400'
11-04 17:49:15.331 20171 20171 F DEBUG   : ABI: 'arm'
11-04 17:49:15.331 20171 20171 F DEBUG   : pid: 20143, tid: 20164, name: Thread-2  >>> com.YourCompany.guia_ra <<<
11-04 17:49:15.331 20171 20171 F DEBUG   : signal 11 (SIGSEGV), code 1 (SEGV_MAPERR), fault addr 0x0
11-04 17:49:15.331 20171 20171 F DEBUG   : Cause: null pointer dereference
11-04 17:49:15.331 20171 20171 F DEBUG   :     r0 00000000  r1 00000000  r2 c401b7ac  r3 b3436ca0
11-04 17:49:15.331 20171 20171 F DEBUG   :     r4 00000000  r5 00000000  r6 97a599d0  r7 97a599f8
11-04 17:49:15.331 20171 20171 F DEBUG   :     r8 97a599b8  r9 00000000  sl 95f1dfa8  fp 97a5a1f8
11-04 17:49:15.331 20171 20171 F DEBUG   :     ip 97a5a210  sp 97a599b8  lr 00000020  pc 9158b034  cpsr 00070010
11-04 17:49:15.349 20171 20171 F DEBUG   : 
11-04 17:49:15.349 20171 20171 F DEBUG   : backtrace:
11-04 17:49:15.349 20171 20171 F DEBUG   :     #00 pc 02306034  /data/app/com.YourCompany.guia_ra-mlHZwV7nf2ta98OpM-k3IA==/lib/arm/libUE4.so (_ZN13FOutputDevice8LogfImplEPKwz+1040)
11-04 17:49:15.349 20171 20171 F DEBUG   :     #01 pc 0229cb4c  /data/app/com.YourCompany.guia_ra-mlHZwV7nf2ta98OpM-k3IA==/lib/arm/libUE4.so (_ZN6FDebug12AssertFailedEPKcS1_iPKwz+620)
11-04 17:49:15.349 20171 20171 F DEBUG   :     #02 pc 021a2d30  /data/app/com.YourCompany.guia_ra-mlHZwV7nf2ta98OpM-k3IA==/lib/arm/libUE4.so (_ZN24FICUInternationalization10InitializeEv+784)
11-04 17:49:15.349 20171 20171 F DEBUG   :     #03 pc 0219aa94  /data/app/com.YourCompany.guia_ra-mlHZwV7nf2ta98OpM-k3IA==/lib/arm/libUE4.so (_ZN21FInternationalization3GetEv+164)
11-04 17:49:15.349 20171 20171 F DEBUG   :     #04 pc 0222ecbc  /data/app/com.YourCompany.guia_ra-mlHZwV7nf2ta98OpM-k3IA==/lib/arm/libUE4.so (_ZN14FTextFormatter9FormatStrERK11FTextFormatRK6TArrayI20FFormatArgumentValue17FDefaultAllocatorEbb+28)
11-04 17:49:15.349 20171 20171 F DEBUG   :     #05 pc 0222e968  /data/app/com.YourCompany.guia_ra-mlHZwV7nf2ta98OpM-k3IA==/lib/arm/libUE4.so (_ZN14FTextFormatter6FormatEO11FTextFormatO6TArrayI20FFormatArgumentValue17FDefaultAllocatorEbb+36)
11-04 17:49:15.349 20171 20171 F DEBUG   :     #06 pc 021cbe40  /data/app/com.YourCompany.guia_ra-mlHZwV7nf2ta98OpM-k3IA==/lib/arm/libUE4.so (_ZN5FText6FormatE11FTextFormat20FFormatArgumentValue+352)
11-04 17:49:15.349 20171 20171 F DEBUG   :     #07 pc 027c591c  /data/app/com.YourCompany.guia_ra-mlHZwV7nf2ta98OpM-k3IA==/lib/arm/libUE4.so (_ZN18FProjectDescriptor4LoadERK7FStringR5FText+512)
11-04 17:49:15.349 20171 20171 F DEBUG   :     #08 pc 027c8344  /data/app/com.YourCompany.guia_ra-mlHZwV7nf2ta98OpM-k3IA==/lib/arm/libUE4.so (_ZN15FProjectManager15LoadProjectFileERK7FString+236)
11-04 17:49:15.349 20171 20171 F DEBUG   :     #09 pc 0209a810  /data/app/com.YourCompany.guia_ra-mlHZwV7nf2ta98OpM-k3IA==/lib/arm/libUE4.so (_ZN11FEngineLoop7PreInitEPKw+6792)
11-04 17:49:15.349 20171 20171 F DEBUG   :     #10 pc 0208a4c0  /data/app/com.YourCompany.guia_ra-mlHZwV7nf2ta98OpM-k3IA==/lib/arm/libUE4.so (_ZN11FEngineLoop7PreInitEiPPwPKw+3928)
11-04 17:49:15.349 20171 20171 F DEBUG   :     #11 pc 02088e9c  /data/app/com.YourCompany.guia_ra-mlHZwV7nf2ta98OpM-k3IA==/lib/arm/libUE4.so (_Z11AndroidMainP11android_app+2780)
11-04 17:49:15.349 20171 20171 F DEBUG   :     #12 pc 02095d40  /data/app/com.YourCompany.guia_ra-mlHZwV7nf2ta98OpM-k3IA==/lib/arm/libUE4.so (android_main+204)
11-04 17:49:15.349 20171 20171 F DEBUG   :     #13 pc 020b55d0  /data/app/com.YourCompany.guia_ra-mlHZwV7nf2ta98OpM-k3IA==/lib/arm/libUE4.so
11-04 17:49:15.349 20171 20171 F DEBUG   :     #14 pc 00047db7  /system/lib/libc.so (_ZL15__pthread_startPv+22)
11-04 17:49:15.350 20171 20171 F DEBUG   :     #15 pc 0001b0a5  /system/lib/libc.so (__start_thread+32)
11-04 17:49:15.600  2753  2820 W ActivityManager: Activity pause timeout for ActivityRecord{dc54614 u10 com.YourCompany.guia_ra/com.epicgames.ue4.GameActivity t1000002}
11-04 17:49:16.570  2483  2483 E /system/bin/tombstoned: Tombstone written to: /data/tombstones//tombstone_01
11-04 17:49:16.572  2753 20175 W ActivityManager:   Force finishing activity com.YourCompany.guia_ra/com.epicgames.ue4.GameActivity
11-04 17:49:16.576  2753  2998 I BootReceiver: Copying /data/tombstones/tombstone_01 to DropBox (SYSTEM_TOMBSTONE)
11-04 17:49:16.580  2753  2835 I ActivityManager: Showing crash dialog for package com.YourCompany.guia_ra u10
11-04 17:49:16.589   594   892 I SFPerfTracer:      triggers: (rate: 0:0) (200874 sw vsyncs) (0 skipped) (125:101681 vsyncs) (127:313389)
11-04 17:49:16.618  2753 15587 I ActivityManager: Process com.YourCompany.guia_ra (pid 20143) has died: fore TOP 
11-04 17:49:16.620  2753  4594 I OpenGLRenderer: Initialized EGL, version 1.4
11-04 17:49:16.620  2753  4594 D OpenGLRenderer: Swap behavior 2
11-04 17:49:16.620  2753  3382 W InputDispatcher: channel 'd026875 com.YourCompany.guia_ra/com.epicgames.ue4.GameActivity (server)' ~ Consumer closed input channel or an error occurred.  events=0x9
11-04 17:49:16.620  2753  3382 E InputDispatcher: channel 'd026875 com.YourCompany.guia_ra/com.epicgames.ue4.GameActivity (server)' ~ Channel is unrecoverably broken and will be disposed!
11-04 17:49:16.621  2753  3604 I WindowManager: WIN DEATH: Window{d026875 u10 com.YourCompany.guia_ra/com.epicgames.ue4.GameActivity}
11-04 17:49:16.621  2753  3604 W InputDispatcher: Attempted to unregister already unregistered input channel 'd026875 com.YourCompany.guia_ra/com.epicgames.ue4.GameActivity (server)'
11-04 17:49:16.621  2753  3382 W InputDispatcher: channel 'ed05c44 com.YourCompany.guia_ra/com.epicgames.ue4.GameActivity (server)' ~ Consumer closed input channel or an error occurred.  events=0x9
11-04 17:49:16.621  2753  3382 E InputDispatcher: channel 'ed05c44 com.YourCompany.guia_ra/com.epicgames.ue4.GameActivity (server)' ~ Channel is unrecoverably broken and will be disposed!
11-04 17:49:16.624  2753  9626 I WindowManager: WIN DEATH: Window{ed05c44 u10 com.YourCompany.guia_ra/com.epicgames.ue4.GameActivity}
11-04 17:49:16.624  2753  9626 W InputDispatcher: Attempted to unregister already unregistered input channel 'ed05c44 com.YourCompany.guia_ra/com.epicgames.ue4.GameActivity (server)'
11-04 17:49:16.629  2378  2378 I Zygote  : Process 20143 exited due to signal (11)
11-04 17:49:16.633  2753 15587 I WindowManager: Keep hide if surface has never drawn Window{a1bae8b u0 Splash Screen com.YourCompany.guia_ra}
11-04 17:49:16.636  2753  3290 W WindowManager: Failed looking up window callers=com.android.server.wm.WindowManagerService.windowForClientLocked:5830 com.android.server.wm.WindowManagerService.removeWindow:1756 com.android.server.wm.Session.remove:216 
11-04 17:49:16.651  2753  3004 W ActivityManager: setHasOverlayUi called on unknown pid: 20143
11-04 17:49:16.660 21734 21734 I AppLifecycleTracker: onActivityStarted: 
11-04 17:49:16.669 21734 21734 I AppLifecycleTracker: onActivityResumed: 
11-04 17:49:17.041  2691  2691 E adbd    : failed to connect to socket 'tcp:6666': Connection refused
11-04 17:49:17.210  2753 15587 I ActivityManager: moveHomeStack, setupComplete:true
11-04 17:49:17.326  2753 15587 I ActivityManager: Activity reported stop, but no longer stopping: ActivityRecord{666cdd6 u0 com.motorola.launcher3/com.android.launcher3.CustomizationPanelLauncher t2676}
11-04 17:49:17.334  2753  2835 W Looper  : Dispatch took 219ms on android.ui, h=Handler (com.android.server.am.ActivityManagerService$UiHandler) {853a9d3} cb=null msg=53
11-04 17:49:17.334 21734 21734 I AppLifecycleTracker: onActivityPaused: 
11-04 17:49:17.340  4459 19776 I PBSessionCacheImpl: Deleted sessionId[4757057363107] from persistence.
11-04 17:49:17.350  4459  4459 W SearchServiceCore: Abort, client detached.
11-04 17:49:17.350  4459  4459 W SearchServiceCore: Abort, client detached.
11-04 17:49:17.350   594   594 I SFPerfTracer:      triggers: (rate: 66:5771) (compose: 0:0) (post: 0:0) (render: 0:2) (33:55507 frames) (34:61424)
11-04 17:49:17.350   594   594 D SFPerfTracer:        layers: (7:14) (StatusBar#0 (0xb0b4b000): 12:4915) (RoundedOverlay#0 (0xb0b35000): 0:149) (RoundedOverlay#1 (0xb0b38000): 0:163) (com.android.systemui.ImageWallpaper#0 (0xb0b44000): 1:159)* (animation background stackId=1#0 (0xb0803000): 0:27)* (NavigationBar#0 (0xb0bd9000): 12:2282) (DimLayerController/Stack=0#0 (0xb0808000): 8:327) (Application Error: com.YourCompany.guia_ra#0 (0xb0be5000): 0:33)- (com.motorola.launcher3/com.android.launcher3.CustomizationPanelLauncher#0 (0xb0821000): 2:11)* (com.motorola.launcher3/com.android.launcher3.CustomizationPanelLauncher#1 (0xb0829000): 1:16)* (Splash Screen com.YourCompany.guia_ra#0 (0xb0be5000): 0:28)- (com.YourCompany.guia_ra/com.epicgames.ue4.GameActivity#0 (0xb080e000): 0:5)- (Application Error: com.YourCompany.guia_ra#0 (0xb081e000): 6:15) (com.android.vending/com.android.vending.AssetBrowserActivity#0 (0xb0be5000): 14:19) 
11-04 17:49:17.352  4459  4459 I StreamController: cleanUpControllerScope(nowcards-15-f3ca96-ac2a)
11-04 17:49:17.355  4459  4459 W SearchServiceCore: Abort, client detached.
11-04 17:49:17.389  4459  4459 W SessionLifecycleManager: Handover failed. Creating new session controller.
11-04 17:49:17.406  4459 19997 E sb.v.u.LiteSuggestSourc: On-device lite suggest model loading error.
11-04 17:49:17.424 21734 21734 I AppLifecycleTracker: onActivitySaveInstanceState: 
11-04 17:49:17.436 21734 21734 I AppLifecycleTracker: onActivityStopped: 
11-04 17:49:17.447 21734 21734 I Finsky  : [2] com.google.android.finsky.cy.d.onTrimMemory(4): Memory trim requested to level 20
11-04 17:49:17.447 21734 21734 I Finsky  : [2] com.google.android.finsky.cy.d.onTrimMemory(9): Flushing in-memory image cache
11-04 17:49:17.447 21734 21734 V MediaPlayer: resetDrmState:  mDrmInfo=null mDrmProvisioningThread=null mPrepareDrmInProgress=false mActiveDrmScheme=false
11-04 17:49:17.447 21734 21734 V MediaPlayer: cleanDrmObj: mDrmObj=null mDrmSessionId=null
11-04 17:49:17.452  4459  4459 I StreamController: registerScope: nowcards-15-f3ca96-ac2a
11-04 17:49:17.484  2753  2819 W MayaPerformanceService: resetBlockRules no packageName,ui:99005
11-04 17:49:17.508  4459  4459 W TemplatedStringEvaluato: Got templated string with no display string
11-04 17:49:17.510  4459  4459 I ClusterController: Found empty cluster, or no children successfully created.
11-04 17:49:17.534  4459  4459 I MicroDetectionState: Keep running hotword in interactor process
11-04 17:49:17.882  2753  3294 D BatteryService: uevent={POWER_SUPPLY_VOLTAGE_NOW=4018226, POWER_SUPPLY_CHARGE_RATE=Normal, POWER_SUPPLY_HEALTH=Good, POWER_SUPPLY_CURRENT_NOW=221098, POWER_SUPPLY_PRESENT=1, SUBSYSTEM=power_supply, POWER_SUPPLY_TEMP=285, SEQNUM=8152, ACTION=change, POWER_SUPPLY_NAME=battery, POWER_SUPPLY_STATUS=Charging, POWER_SUPPLY_CHARGE_COUNTER=2714783, POWER_SUPPLY_CAPACITY=71, DEVPATH=/devices/soc/qpnp-smbcharger-17/power_supply/battery}
11-04 17:49:17.926  4421  4475 W OpenGLRenderer: Incorrectly called buildLayer on View: ShortcutAndWidgetContainer, destroying layer...
11-04 17:49:17.927  4421  4475 W OpenGLRenderer: Incorrectly called buildLayer on View: ShortcutAndWidgetContainer, destroying layer...
11-04 17:49:18.096   578 20186 I Thermal-Lib: Thermal-Lib-Client: Client request sent
11-04 17:49:18.097  2375  2462 I ThermalEngine: Thermal-Server: Thermal received msg from  override
11-04 17:49:18.789  2753  2762 I zygote  : NativeAllocBackground concurrent copying GC freed 72487(4MB) AllocSpace objects, 36(7MB) LOS objects, 42% free, 24MB/42MB, paused 947us total 341.079ms
11-04 17:49:18.988  3877  3877 D QtiCarrierConfigHelper: WARNING, no carrier configs on phone Id: 0
11-04 17:49:18.991 17874 17874 D HxBatteryStatusReceiver: onReceiveandroid.intent.action.BATTERY_CHANGED
11-04 17:49:18.991  2753 20175 W ActivityManager: Ignoring remove of inactive process: ProcessRecord{feb522 0:com.YourCompany.guia_ra/u10a23}
11-04 17:49:19.015  2753  2835 W Looper  : Dispatch took 1080ms on android.ui, h=Handler (com.android.server.am.AppErrorDialog$1) {df7016e} cb=null msg=1
11-04 17:49:19.015  2753  2835 I Choreographer: Skipped 64 frames!  The application may be doing too much work on its main thread.
11-04 17:49:19.046  2691  2691 E adbd    : failed to connect to socket 'tcp:6666': Connection refused
11-04 17:49:19.200  2753  3290 W AppOps  : Finishing op nesting under-run: uid 1000 pkg android code 24 time=0 duration=0 nesting=0
11-04 17:49:20.201  2753  3517 E TaskPersister: File error accessing recents directory (directory doesn't exist?).
11-04 17:49:20.553  2753  3909 I ActivityManager: START u10 {act=android.intent.action.MAIN cat=[android.intent.category.LAUNCHER] flg=0x10200000 pkg=com.YourCompany.guia_ra cmp=com.YourCompany.guia_ra/com.epicgames.ue4.SplashActivity bnds=[18,72][155,280]} from uid 1000
11-04 17:49:20.553   578 20197 I Thermal-Lib: Thermal-Lib-Client: Client request sent
11-04 17:49:20.553  2375  2462 I ThermalEngine: Thermal-Server: Thermal received msg from  override
11-04 17:49:20.578  2753  3884 I ActivityManager: Start proc 20198:com.YourCompany.guia_ra/u10a23 for activity com.YourCompany.guia_ra/com.epicgames.ue4.SplashActivity
11-04 17:49:20.582 20198 20198 I zygote  : Late-enabling -Xcheck:jni
11-04 17:49:20.929  2753  3909 I ActivityManager: START u10 {act=android.intent.action.MAIN flg=0x10000 cmp=com.YourCompany.guia_ra/com.epicgames.ue4.GameActivity (has extras)} from uid 1010023
11-04 17:49:21.028 20198 20198 D OVRPlugin: JNI_OnLoad
11-04 17:49:21.051  2691  2691 E adbd    : failed to connect to socket 'tcp:6666': Connection refused
11-04 17:49:21.076 20198 20198 W Company.guia_ra: type=1400 audit(0.0:1955): avc: denied { read } for uid=1010023 name="stat" dev="proc" ino=4026532295 scontext=u:r:untrusted_app_25:s0:c522,c768 tcontext=u:object_r:proc_stat:s0 tclass=file permissive=0
11-04 17:49:21.289 20198 20198 D UE4     : In the JNI_OnLoad function
11-04 17:49:21.290 20198 20198 D UE4     : [JNI] - Failed to determine if app purchasing is enabled!
11-04 17:49:21.293 20198 20198 D UE4     : Path found as '/storage/emulated/10'
11-04 17:49:21.293 20198 20198 D UE4     : Font Path found as '/system/fonts/'
11-04 17:49:21.293 20198 20198 D UE4     : In the JNI_OnLoad function 5
11-04 17:49:21.314 20198 20216 D UE4     : Entering native app glue main function
11-04 17:49:21.314 20198 20216 D UE4     : Created event thread
11-04 17:49:21.315 20198 20217 D UE4     : Entering event processing thread engine entry point
11-04 17:49:21.315 20198 20216 D UE4     : Entered AndroidMain()
11-04 17:49:21.315 20198 20217 D UE4     : Prepared looper for event thread
11-04 17:49:21.315 20198 20217 D UE4     : Passed callback initialization
11-04 17:49:21.315 20198 20217 D UE4     : Passed sensor initialization
11-04 17:49:21.316 20198 20216 D UE4     : Controller interface supported
11-04 17:49:21.346 20198 20218 D OpenGLRenderer: HWUI GL Pipeline
11-04 17:49:21.356 20198 20198 D UE4     : Target SDK is 24.  This may cause issues if permissions are denied by the user.
11-04 17:49:21.358 20198 20198 D PermissionFragment: Creating PlayGamesFragment
11-04 17:49:21.362  2753  3884 I ActivityManager: START u10 {act=android.content.pm.action.REQUEST_PERMISSIONS pkg=com.google.android.packageinstaller cmp=com.google.android.packageinstaller/com.android.packageinstaller.permission.ui.GrantPermissionsActivity (has extras)} from uid 1010023
11-04 17:49:21.376 20198 20198 D UE4     : Vulkan version: 1.0.3
11-04 17:49:21.376 20198 20198 D UE4     : Vulkan level: 0
11-04 17:49:21.379 20198 20198 D UE4     : Found DepthBufferPreference = 0
11-04 17:49:21.379 20198 20198 D UE4     : Found bPackageDataInsideApk = 0
11-04 17:49:21.379 20198 20198 D UE4     : Found ProjectName = guia_ra
11-04 17:49:21.379 20198 20198 D UE4     : Found bHasOBBFiles = 0
11-04 17:49:21.380 20198 20198 D UE4     : Found bVerifyOBBOnStartUp = false
11-04 17:49:21.380 20198 20198 D UE4     : UI hiding set to false
11-04 17:49:21.380 20198 20198 D UE4     : BuildConfiguration set to Development
11-04 17:49:21.380 20198 20198 D UE4     : UseExternalFilesDir set to false
11-04 17:49:21.380 20198 20198 D UE4     : No GearVR mode detected.
11-04 17:49:21.380 20198 20198 D UE4     : APK path: /data/app/com.YourCompany.guia_ra-mlHZwV7nf2ta98OpM-k3IA==/base.apk
11-04 17:49:21.381 20198 20198 D UE4     : OBB in APK: false
11-04 17:49:21.383 20198 20198 D UE4     : ExternalFilePath found as '/storage/emulated/10/Android/data/com.YourCompany.guia_ra/files'
11-04 17:49:21.384 20198 20198 D UE4     : App is running in Portrait
11-04 17:49:21.384 20198 20198 D UE4     : Android version is 8.0.0
11-04 17:49:21.384 20198 20198 D UE4     : Android manufacturer is motorola
11-04 17:49:21.384 20198 20198 D UE4     : Android model is moto g(6) play
11-04 17:49:21.384 20198 20198 D UE4     : OS language is set to pt_BR
11-04 17:49:21.424 20198 20203 I zygote  : Do partial code cache collection, code=24KB, data=29KB
11-04 17:49:21.426 20198 20203 I zygote  : After code cache collection, code=24KB, data=29KB
11-04 17:49:21.426 20198 20203 I zygote  : Increasing code cache capacity to 128KB
11-04 17:49:21.452 20198 20198 W PopupManager: You have not specified a View to use as content view for popups. Falling back to the Activity content view. Note that this may not work as expected in multi-screen environments
11-04 17:49:21.470 20198 20198 D UE4     : ==============> GameActive.onCreate complete!
11-04 17:49:21.472 20198 20198 D UE4     : Creating console command broadcast listener
11-04 17:49:21.472 20198 20217 D UE4     : LogAndroidEvents: EnqueueAppEvent : 9, 0, tid = 20217
11-04 17:49:21.475 20198 20198 D UE4     : ==================================> Inside onStart function in GameActivity
11-04 17:49:21.480 20198 20217 D UE4     : Case APP_CMD_RESUME
11-04 17:49:21.480 20198 20217 D UE4     : LogAndroidEvents: EnqueueAppEvent : 7, 0, tid = 20217
11-04 17:49:21.482 20198 20198 E SensorManager: sensor or listener is null
11-04 17:49:21.491 20198 20198 D UE4     : App is running in Portrait
11-04 17:49:21.491 20198 20198 D UE4     : ==============> Resuming main init
11-04 17:49:21.499 20198 20216 D UE4     : Final commandline: 
11-04 17:49:21.499 20198 20216 D UE4     : Created sync event
11-04 17:49:21.500 20198 20216 D UE4     : Project file not found: ../../../guia_ra/guia_ra.uproject
11-04 17:49:21.503 20198 20198 D UE4     : ==============> GameActive.onResume complete!
11-04 17:49:21.513 20198 20216 F libc    : Fatal signal 11 (SIGSEGV), code 1, fault addr 0x0 in tid 20216 (Thread-2)
11-04 17:49:21.543 20198 20218 I Adreno  : QUALCOMM build                   : 3273d9c, I0b59f3a7cf
11-04 17:49:21.543 20198 20218 I Adreno  : Build Date                       : 02/27/18
11-04 17:49:21.543 20198 20218 I Adreno  : OpenGL ES Shader Compiler Version: EV031.22.00.01
11-04 17:49:21.543 20198 20218 I Adreno  : Local Branch                     : 
11-04 17:49:21.543 20198 20218 I Adreno  : Remote Branch                    : refs/tags/AU_LINUX_ANDROID_LA.UM.6.5.R1.08.00.00.312.044
11-04 17:49:21.543 20198 20218 I Adreno  : Remote Branch                    : NONE
11-04 17:49:21.543 20198 20218 I Adreno  : Reconstruct Branch               : NOTHING
11-04 17:49:21.552 20198 20218 I Adreno  : PFP: 0x005ff087, ME: 0x005ff063
11-04 17:49:21.559 20198 20218 I OpenGLRenderer: Initialized EGL, version 1.4
11-04 17:49:21.559 20198 20218 D OpenGLRenderer: Swap behavior 2
11-04 17:49:21.588 20223 20223 I crash_dump32: obtaining output fd from tombstoned
11-04 17:49:21.588  2483  2483 I /system/bin/tombstoned: received crash request for pid 20198
11-04 17:49:21.589 20223 20223 I crash_dump32: performing dump of process 20198 (target tid = 20216)
11-04 17:49:21.589 20223 20223 F DEBUG   : *** *** *** *** *** *** *** *** *** *** *** *** *** *** *** ***
11-04 17:49:21.589 20223 20223 F DEBUG   : Build fingerprint: 'motorola/aljeter/aljeter:8.0.0/OPP27.91-143/150:user/release-keys'
11-04 17:49:21.589 20223 20223 F DEBUG   : Revision: 'p400'
11-04 17:49:21.589 20223 20223 F DEBUG   : ABI: 'arm'
11-04 17:49:21.589 20223 20223 F DEBUG   : pid: 20198, tid: 20216, name: Thread-2  >>> com.YourCompany.guia_ra <<<
11-04 17:49:21.589 20223 20223 F DEBUG   : signal 11 (SIGSEGV), code 1 (SEGV_MAPERR), fault addr 0x0
11-04 17:49:21.589 20223 20223 F DEBUG   : Cause: null pointer dereference
11-04 17:49:21.590 20223 20223 F DEBUG   :     r0 00000000  r1 00000000  r2 c401b7ac  r3 b3436ca0
11-04 17:49:21.590 20223 20223 F DEBUG   :     r4 00000000  r5 00000000  r6 97a5f9d0  r7 97a5f9f8
11-04 17:49:21.590 20223 20223 F DEBUG   :     r8 97a5f9b8  r9 00000000  sl 95e9cfa8  fp 97a601f8
11-04 17:49:21.590 20223 20223 F DEBUG   :     ip 97a60210  sp 97a5f9b8  lr 00000020  pc 9150a034  cpsr 00070010
11-04 17:49:21.607 20223 20223 F DEBUG   : 
11-04 17:49:21.607 20223 20223 F DEBUG   : backtrace:
11-04 17:49:21.607 20223 20223 F DEBUG   :     #00 pc 02306034  /data/app/com.YourCompany.guia_ra-mlHZwV7nf2ta98OpM-k3IA==/lib/arm/libUE4.so (_ZN13FOutputDevice8LogfImplEPKwz+1040)
11-04 17:49:21.607 20223 20223 F DEBUG   :     #01 pc 0229cb4c  /data/app/com.YourCompany.guia_ra-mlHZwV7nf2ta98OpM-k3IA==/lib/arm/libUE4.so (_ZN6FDebug12AssertFailedEPKcS1_iPKwz+620)
11-04 17:49:21.607 20223 20223 F DEBUG   :     #02 pc 021a2d30  /data/app/com.YourCompany.guia_ra-mlHZwV7nf2ta98OpM-k3IA==/lib/arm/libUE4.so (_ZN24FICUInternationalization10InitializeEv+784)
11-04 17:49:21.607 20223 20223 F DEBUG   :     #03 pc 0219aa94  /data/app/com.YourCompany.guia_ra-mlHZwV7nf2ta98OpM-k3IA==/lib/arm/libUE4.so (_ZN21FInternationalization3GetEv+164)
11-04 17:49:21.607 20223 20223 F DEBUG   :     #04 pc 0222ecbc  /data/app/com.YourCompany.guia_ra-mlHZwV7nf2ta98OpM-k3IA==/lib/arm/libUE4.so (_ZN14FTextFormatter9FormatStrERK11FTextFormatRK6TArrayI20FFormatArgumentValue17FDefaultAllocatorEbb+28)
11-04 17:49:21.607 20223 20223 F DEBUG   :     #05 pc 0222e968  /data/app/com.YourCompany.guia_ra-mlHZwV7nf2ta98OpM-k3IA==/lib/arm/libUE4.so (_ZN14FTextFormatter6FormatEO11FTextFormatO6TArrayI20FFormatArgumentValue17FDefaultAllocatorEbb+36)
11-04 17:49:21.607 20223 20223 F DEBUG   :     #06 pc 021cbe40  /data/app/com.YourCompany.guia_ra-mlHZwV7nf2ta98OpM-k3IA==/lib/arm/libUE4.so (_ZN5FText6FormatE11FTextFormat20FFormatArgumentValue+352)
11-04 17:49:21.607 20223 20223 F DEBUG   :     #07 pc 027c591c  /data/app/com.YourCompany.guia_ra-mlHZwV7nf2ta98OpM-k3IA==/lib/arm/libUE4.so (_ZN18FProjectDescriptor4LoadERK7FStringR5FText+512)
11-04 17:49:21.607 20223 20223 F DEBUG   :     #08 pc 027c8344  /data/app/com.YourCompany.guia_ra-mlHZwV7nf2ta98OpM-k3IA==/lib/arm/libUE4.so (_ZN15FProjectManager15LoadProjectFileERK7FString+236)
11-04 17:49:21.607 20223 20223 F DEBUG   :     #09 pc 0209a810  /data/app/com.YourCompany.guia_ra-mlHZwV7nf2ta98OpM-k3IA==/lib/arm/libUE4.so (_ZN11FEngineLoop7PreInitEPKw+6792)
11-04 17:49:21.608 20223 20223 F DEBUG   :     #10 pc 0208a4c0  /data/app/com.YourCompany.guia_ra-mlHZwV7nf2ta98OpM-k3IA==/lib/arm/libUE4.so (_ZN11FEngineLoop7PreInitEiPPwPKw+3928)
11-04 17:49:21.608 20223 20223 F DEBUG   :     #11 pc 02088e9c  /data/app/com.YourCompany.guia_ra-mlHZwV7nf2ta98OpM-k3IA==/lib/arm/libUE4.so (_Z11AndroidMainP11android_app+2780)
11-04 17:49:21.608 20223 20223 F DEBUG   :     #12 pc 02095d40  /data/app/com.YourCompany.guia_ra-mlHZwV7nf2ta98OpM-k3IA==/lib/arm/libUE4.so (android_main+204)
11-04 17:49:21.608 20223 20223 F DEBUG   :     #13 pc 020b55d0  /data/app/com.YourCompany.guia_ra-mlHZwV7nf2ta98OpM-k3IA==/lib/arm/libUE4.so
11-04 17:49:21.608 20223 20223 F DEBUG   :     #14 pc 00047db7  /system/lib/libc.so (_ZL15__pthread_startPv+22)
11-04 17:49:21.608 20223 20223 F DEBUG   :     #15 pc 0001b0a5  /system/lib/libc.so (__start_thread+32)
11-04 17:49:21.703  2753  9626 I ActivityManager: Killing 18306:com.motorola.invisiblenet/u10a41 (adj 906): empty #17
11-04 17:49:21.866  2753  2820 W ActivityManager: Activity pause timeout for ActivityRecord{75ca21e u10 com.YourCompany.guia_ra/com.epicgames.ue4.GameActivity t1000003}
11-04 17:49:22.721   594   892 I SFPerfTracer:      triggers: (rate: 0:0) (200874 sw vsyncs) (0 skipped) (126:101857 vsyncs) (128:313591)
11-04 17:49:22.834  2483  2483 E /system/bin/tombstoned: Tombstone written to: /data/tombstones//tombstone_02
11-04 17:49:22.836  2753 20228 W ActivityManager:   Force finishing activity com.YourCompany.guia_ra/com.epicgames.ue4.GameActivity
11-04 17:49:22.840  2753  2998 I BootReceiver: Copying /data/tombstones/tombstone_02 to DropBox (SYSTEM_TOMBSTONE)
11-04 17:49:22.844  2753  2835 I ActivityManager: Showing crash dialog for package com.YourCompany.guia_ra u10
11-04 17:49:22.881  2753  3909 I ActivityManager: Process com.YourCompany.guia_ra (pid 20198) has died: fore TOP 
11-04 17:49:22.882  2753  4594 I OpenGLRenderer: Initialized EGL, version 1.4
11-04 17:49:22.882  2753  4594 D OpenGLRenderer: Swap behavior 2
11-04 17:49:22.883  2753  3910 I WindowManager: WIN DEATH: Window{fdaaaf7 u10 com.YourCompany.guia_ra/com.epicgames.ue4.GameActivity}
11-04 17:49:22.883  2753  3382 W InputDispatcher: channel '583cece com.YourCompany.guia_ra/com.epicgames.ue4.GameActivity (server)' ~ Consumer closed input channel or an error occurred.  events=0x9
11-04 17:49:22.883  2753  3382 E InputDispatcher: channel '583cece com.YourCompany.guia_ra/com.epicgames.ue4.GameActivity (server)' ~ Channel is unrecoverably broken and will be disposed!
11-04 17:49:22.889  2378  2378 I Zygote  : Process 20198 exited due to signal (11)
11-04 17:49:22.890  2753 10334 I WindowManager: WIN DEATH: Window{583cece u10 com.YourCompany.guia_ra/com.epicgames.ue4.GameActivity}
11-04 17:49:22.890  2753 10334 W InputDispatcher: Attempted to unregister already unregistered input channel '583cece com.YourCompany.guia_ra/com.epicgames.ue4.GameActivity (server)'
11-04 17:49:22.897  2753  3909 I WindowManager: Keep hide if surface has never drawn Window{23ae7a3 u0 Splash Screen com.YourCompany.guia_ra}
11-04 17:49:22.901  2753  3290 W WindowManager: Failed looking up window callers=com.android.server.wm.WindowManagerService.windowForClientLocked:5830 com.android.server.wm.WindowManagerService.removeWindow:1756 com.android.server.wm.Session.remove:216 
11-04 17:49:22.914  2753  3004 W ActivityManager: setHasOverlayUi called on unknown pid: 20198
11-04 17:49:22.923 21734 21734 I AppLifecycleTracker: onActivityStarted: 
11-04 17:49:22.935 21734 21734 I AppLifecycleTracker: onActivityResumed: 
11-04 17:49:23.044   594   594 I SFPerfTracer:      triggers: (rate: 66:5772) (compose: 0:0) (post: 0:0) (render: 0:2) (1:55583 frames) (2:61525)
11-04 17:49:23.044   594   594 D SFPerfTracer:        layers: (5:15) (StatusBar#0 (0xb0b4b000): 0:4931)* (RoundedOverlay#0 (0xb0b35000): 0:149) (RoundedOverlay#1 (0xb0b38000): 0:163) (com.android.systemui.ImageWallpaper#0 (0xb0b44000): 0:160)* (animation background stackId=1#0 (0xb0803000): 0:27)* (NavigationBar#0 (0xb0bd9000): 0:2295) (DimLayerController/Stack=0#0 (0xb0808000): 1:340) (com.motorola.launcher3/com.android.launcher3.CustomizationPanelLauncher#0 (0xb0821000): 0:17)* (com.motorola.launcher3/com.android.launcher3.CustomizationPanelLauncher#1 (0xb0829000): 0:30)* (Application Error: com.YourCompany.guia_ra#0 (0xb081e000): 0:31)- (com.android.vending/com.android.vending.AssetBrowserActivity#0 (0xb0be5000): 0:40)- (Splash Screen com.YourCompany.guia_ra#0 (0xb0be5000): 0:28)- (com.YourCompany.guia_ra/com.epicgames.ue4.GameActivity#0 (0xb080e000): 0:6)- (Application Error: com.YourCompany.guia_ra#0 (0xb081e000): 1:8) (com.android.vending/com.android.vending.AssetBrowserActivity#0 (0xb0be5000): 1:3)* 
11-04 17:49:23.059  2691  2691 E adbd    : failed to connect to socket 'tcp:6666': Connection refused
11-04 17:49:23.371 17874 17992 D ClClient: Not sending keepalive.  Current connection state=STOPPED
11-04 17:49:23.525  2753  3696 I ActivityManager: moveHomeStack, setupComplete:true
11-04 17:49:23.649  2753  2835 W Looper  : Dispatch took 218ms on android.ui, h=Handler (com.android.server.am.ActivityManagerService$UiHandler) {853a9d3} cb=null msg=53
11-04 17:49:23.650 21734 21734 I AppLifecycleTracker: onActivityPaused: 
11-04 17:49:23.704  4459  4459 I MicroDetectionState: Keep running hotword in interactor process
11-04 17:49:23.718  2753  3852 I ActivityManager: Activity reported stop, but no longer stopping: ActivityRecord{666cdd6 u0 com.motorola.launcher3/com.android.launcher3.CustomizationPanelLauncher t2676}
11-04 17:49:23.732 21734 21734 I AppLifecycleTracker: onActivitySaveInstanceState: 
11-04 17:49:23.736 21734 21734 I AppLifecycleTracker: onActivityStopped: 
11-04 17:49:23.742 21734 21734 I Finsky  : [2] com.google.android.finsky.cy.d.onTrimMemory(4): Memory trim requested to level 20
