11-05 15:07:21.152  3409 27340 D ExynosCamera3: [CAM_ID(0)][]-DEBUG(initilizeDevice[906]):
11-05 15:07:21.152  3409 27340 D ExynosCameraFrameSelector: [CAM_ID(0)][]-DEBUG(setFrameHoldCount[814]):holdCount : 1
11-05 15:07:21.152  3409 27340 D ExynosCameraFrameSelector: [CAM_ID(0)][]-DEBUG(setFrameHoldCount[814]):holdCount : 1
11-05 15:07:21.153  3409 20929 D ExynosCamera3: [CAM_ID(0)][]-DEBUG(m_frameFactoryCreateThreadFunc[3745]):framefactory create
11-05 15:07:21.153  3409 20929 I ExynosCamera3FrameFactoryPreview: [CAM_ID(0)][FactoryBack]-INFO(create[37]):
11-05 15:07:21.153  3409 20929 I ExynosCamera3FrameFactoryPreview: [CAM_ID(0)][FactoryBack]-INFO(m_setupConfig[1158]):
11-05 15:07:21.155  3409 20929 I ExynosCamera3FrameFactoryPreview: [CAM_ID(0)][FactoryBack]-INFO(m_setDeviceInfo[1274]):
11-05 15:07:21.155  3409 20929 I ExynosCamera3FrameFactoryPreview: [CAM_ID(0)][FactoryBack]-INFO(m_constructMainPipes[1204]):
11-05 15:07:21.155  3409 20932 I ExynosCamera3: [CAM_ID(0)][]-INFO(m_setReprocessingBuffer[7741]):Max Picture size 4032x3024 format 56595559
11-05 15:07:21.155  3409 20932 I ExynosCamera3: [CAM_ID(0)][]-INFO(m_setReprocessingBuffer[7743]):MAX Thumbnail size 504x376
11-05 15:07:21.155  3409 20932 I ExynosCamera3: [CAM_ID(0)][]-INFO(m_allocBuffers[7160]):setInfo(planeCount=2, minBufCount=1, maxBufCount=32, type=4, allocMode=0)
11-05 15:07:21.156  3409 20929 D ExynosCameraMCPipe: [CAM_ID(0)][]-DEBUG(setPipeId[841]):nodeType(0), id(0)
11-05 15:07:21.156  3409 20929 D ExynosCameraMCPipe: [CAM_ID(0)][]-DEBUG(setPipeName[864]):
11-05 15:07:21.157  3409 20929 D ExynosCameraMCPipe: [CAM_ID(0)][]-DEBUG(setPipeId[841]):nodeType(0), id(5)
11-05 15:07:21.157  3409 20929 D ExynosCameraMCPipe: [CAM_ID(0)][]-DEBUG(setPipeName[864]):
11-05 15:07:21.157  3409 20929 D ExynosCameraMCPipe: [CAM_ID(0)][]-DEBUG(setPipeId[841]):nodeType(0), id(8)
11-05 15:07:21.157  3409 20929 D ExynosCameraMCPipe: [CAM_ID(0)][]-DEBUG(setPipeName[864]):
11-05 15:07:21.157  3409 20929 D ExynosCameraMCPipe: [CAM_ID(0)][]-DEBUG(setPipeId[841]):nodeType(0), id(11)
11-05 15:07:21.157  3409 20929 D ExynosCameraMCPipe: [CAM_ID(0)][]-DEBUG(setPipeName[864]):
11-05 15:07:21.157  3409 20929 D ExynosCameraMCPipe: [CAM_ID(0)][]-DEBUG(setPipeId[841]):nodeType(0), id(13)
11-05 15:07:21.157  3409 20929 D ExynosCameraMCPipe: [CAM_ID(0)][]-DEBUG(setPipeName[864]):
11-05 15:07:21.158  3409 20929 D exynos-libhwjpeg: CHWJpegV4L2Compressor Created: 0xdc82c80c, FD 20
11-05 15:07:21.158  3409 20932 D ExynosCameraBufferManager: [CAM_ID(0)][YUV_CAPTURE_BUF]-DEBUG(m_defaultAlloc[1329]):Duration time of buffer(Plane:1) allocation(    0 msec)
11-05 15:07:21.158  3409 20932 D ExynosCameraBufferManager: SYNC_FORCE_CACHED
11-05 15:07:21.158  3409 20929 D exynos-libhwjpeg: CHWJpegV4L2Compressor Created: 0xd8c91500, FD 21
11-05 15:07:21.162  3409 20932 D ExynosCameraBufferManager: [CAM_ID(0)][YUV_CAPTURE_BUF]-DEBUG(m_defaultAlloc[1329]):Duration time of buffer(Plane:0) allocation(    3 msec)
11-05 15:07:21.162  3409 20929 D exynos-libhwjpeg: ExynosJpegEncoderForCamera Created: 0xdc82c808, ION 22
11-05 15:07:21.162  3409 20932 D ExynosCameraBufferManager: [CAM_ID(0)][YUV_CAPTURE_BUF]-DEBUG(alloc[241]):Allocate the buffer succeeded (allowed(32), requested(1), allocated(1))
11-05 15:07:21.162  3409 20932 I ExynosCameraBufferManager: [CAM_ID(0)][YUV_CAPTURE_BUF]-INFO(dumpBufferInfo[1817]):[m_buffer[0].fd[0]=23] .addr=0x0 .size=24385536 .position=0 .permission=1]
11-05 15:07:21.162  3409 20932 I ExynosCameraBufferManager: [CAM_ID(0)][YUV_CAPTURE_BUF]-INFO(dumpBufferInfo[1817]):[m_buffer[0].fd[1]=19] .addr=0xe8e59000 .size=36864 .position=0 .permission=1]
11-05 15:07:21.162  3409 20932 D ExynosCameraBufferManager: DEBUG:duration time(    6 msec):(alloc)
11-05 15:07:21.162  3409 20929 I ExynosCamera3FrameFactoryPreview: [CAM_ID(0)][FactoryBack]-INFO(m_constructMainPipes[1262]):pipe ids for preview
11-05 15:07:21.162  3409 20932 I ExynosCamera3: [CAM_ID(0)][]-INFO(m_allocBuffers[7160]):setInfo(planeCount=2, minBufCount=1, maxBufCount=32, type=1, allocMode=0)
11-05 15:07:21.162  3409 20929 I ExynosCamera3FrameFactoryPreview: [CAM_ID(0)][FactoryBack]-INFO(m_constructMainPipes[1265]):-> m_pipes[0] : PipeId(0)
11-05 15:07:21.162  3409 20929 I ExynosCamera3FrameFactoryPreview: [CAM_ID(0)][FactoryBack]-INFO(m_constructMainPipes[1265]):-> m_pipes[5] : PipeId(5)
11-05 15:07:21.162  3409 20929 I ExynosCamera3FrameFactoryPreview: [CAM_ID(0)][FactoryBack]-INFO(m_constructMainPipes[1265]):-> m_pipes[8] : PipeId(8)
11-05 15:07:21.162  3409 20929 I ExynosCamera3FrameFactoryPreview: [CAM_ID(0)][FactoryBack]-INFO(m_constructMainPipes[1265]):-> m_pipes[11] : PipeId(11)
11-05 15:07:21.162  3409 20929 I ExynosCamera3FrameFactoryPreview: [CAM_ID(0)][FactoryBack]-INFO(m_constructMainPipes[1265]):-> m_pipes[13] : PipeId(13)
11-05 15:07:21.162  3409 20929 I ExynosCamera3FrameFactoryPreview: [CAM_ID(0)][FactoryBack]-INFO(m_constructMainPipes[1265]):-> m_pipes[22] : PipeId(22)
11-05 15:07:21.162  3409 20932 D ExynosCameraBufferManager: [CAM_ID(0)][THUMBNAIL_BUF]-DEBUG(m_defaultAlloc[1329]):Duration time of buffer(Plane:1) allocation(    0 msec)
11-05 15:07:21.162  3409 20929 I ExynosCamera3FrameFactoryPreview: [CAM_ID(0)][FactoryBack]-INFO(m_constructMainPipes[1265]):-> m_pipes[23] : PipeId(23)
11-05 15:07:21.162  3409 20929 I ExynosCamera3FrameFactoryPreview: [CAM_ID(0)][FactoryBack]-INFO(m_constructMainPipes[1265]):-> m_pipes[24] : PipeId(24)
11-05 15:07:21.162  3409 20929 I ExynosCamera3FrameFactoryPreview: [CAM_ID(0)][FactoryBack]-INFO(m_constructMainPipes[1265]):-> m_pipes[25] : PipeId(25)
11-05 15:07:21.162  3409 20929 D ExynosCameraMCPipe: [CAM_ID(0)]-DEBUG(m_createNode[104]): new g_node[1]
11-05 15:07:21.162  3409 20932 D ExynosCameraBufferManager: [CAM_ID(0)][THUMBNAIL_BUF]-DEBUG(m_defaultAlloc[1329]):Duration time of buffer(Plane:0) allocation(    0 msec)
11-05 15:07:21.162  3409 20932 D ExynosCameraBufferManager: [CAM_ID(0)][THUMBNAIL_BUF]-DEBUG(alloc[241]):Allocate the buffer succeeded (allowed(32), requested(1), allocated(1))
11-05 15:07:21.162  3409 20932 I ExynosCameraBufferManager: [CAM_ID(0)][THUMBNAIL_BUF]-INFO(dumpBufferInfo[1817]):[m_buffer[0].fd[0]=25] .addr=0x0 .size=379008 .position=0 .permission=1]
11-05 15:07:21.162  3409 20932 I ExynosCameraBufferManager: [CAM_ID(0)][THUMBNAIL_BUF]-INFO(dumpBufferInfo[1817]):[m_buffer[0].fd[1]=24] .addr=0xe8e50000 .size=36864 .position=0 .permission=1]
11-05 15:07:21.162  3409 20932 D ExynosCameraBufferManager: DEBUG:duration time(    0 msec):(alloc)
11-05 15:07:21.166  5027  5027 E adbd    : recv: OPEN 00002172 00000000 000c:73 68 65 6C 6C 2C 76 32 3A 70 73 00 
11-05 15:07:21.166  5027  5027 E adbd    : service_to_fd: shell,v2:ps
11-05 15:07:21.182  3409 20929 D ExynosCameraNode: [CAM_ID(0)][FLITE]-DEBUG(open[262]): Node(101)(/dev/video101) opened. m_fd(26)
11-05 15:07:21.182  3409 20929 D ExynosCameraMCPipe: [CAM_ID(0)][PIPE_3AA]-DEBUG(m_createSensorNode[3679]): i( 0) 	 setInput(sensorIds : 2097409) [src nodeNum : 101][nodeNums : 101][otf : 0][leader : 1][reprocessing : 0][unique sensorId : 32]
11-05 15:07:21.196  4963  4963 D io_stats: !@   8,0 r 320191 14710884 w 103201 4524956 d 8817 2275432 f 23229 24587 iot 174436 135568 th 306440 0 0 pt 0 inp 0 0 8946.227
11-05 15:07:21.205  3800  4178 D WifiConnectivityMonitor:  [|217]
11-05 15:07:21.216  3409 20929 D ExynosCameraMCPipe: [CAM_ID(0)][PIPE_3AA]-DEBUG(m_preCreate[1127]):
11-05 15:07:21.217  3409 20929 D ExynosCameraNode: [CAM_ID(0)][BAYER]-DEBUG(open[262]): Node(210)(/dev/video210) opened. m_fd(27)
11-05 15:07:21.217  3409 20929 D ExynosCameraNode: [CAM_ID(0)][3AA_CAPTURE]-DEBUG(open[262]): Node(111)(/dev/video111) opened. m_fd(28)
11-05 15:07:21.217  3409 20929 D ExynosCameraNode: [CAM_ID(0)][3AA_PREVIEW]-DEBUG(open[262]): Node(112)(/dev/video112) opened. m_fd(29)
11-05 15:07:21.218  3409 20929 D ExynosCameraNode: [CAM_ID(0)][3AA_OUTPUT]-DEBUG(open[262]): Node(110)(/dev/video110) opened. m_fd(30)
11-05 15:07:21.218  3409 20929 I ExynosCameraMCPipe: [CAM_ID(0)][PIPE_3AA]-INFO(m_preCreate[1277]):m_preCreate() is succeed, Pipe(5), prepare(0)
11-05 15:07:21.218  3409 20929 D ExynosCameraMCPipe: [CAM_ID(0)][PIPE_3AA]-DEBUG(m_postCreate[1284]):
11-05 15:07:21.218  3409 20929 I ExynosCameraMCPipe: [CAM_ID(0)][PIPE_3AA]-INFO(m_postCreate[1308]):m_postCreate() is succeed, Pipe(5)
11-05 15:07:21.218  3409 20929 D ExynosCamera3FrameFactoryPreview: [CAM_ID(0)][FactoryBack]-DEBUG(create[52]):PIPE_3AA(5) created
11-05 15:07:21.218  3409 20929 D ExynosCameraMCPipe: [CAM_ID(0)][PIPE_ISP]-DEBUG(m_preCreate[1127]):
11-05 15:07:21.219  3409 20929 D ExynosCameraNode: [CAM_ID(0)][ISP_OUTPUT]-DEBUG(open[262]): Node(130)(/dev/video130) opened. m_fd(31)
11-05 15:07:21.219  3409 20929 D ExynosCameraNode: [CAM_ID(0)][ISP_CAPTURE]-DEBUG(open[262]): Node(131)(/dev/video131) opened. m_fd(32)
11-05 15:07:21.219  3409 20929 D ExynosCameraNode: [CAM_ID(0)][MCSC_PREVIEW]-DEBUG(open[262]): Node(170)(/dev/video170) opened. m_fd(33)
11-05 15:07:21.220  3409 20929 D ExynosCameraNode: [CAM_ID(0)][MCSC_PREVIEW_CALLBACK]-DEBUG(open[262]): Node(171)(/dev/video171) opened. m_fd(34)
11-05 15:07:21.220  3409 20929 D ExynosCameraNode: [CAM_ID(0)][MCSC_RECORDING]-DEBUG(open[262]): Node(172)(/dev/video172) opened. m_fd(35)
11-05 15:07:21.220  3409 20929 D ExynosCameraNode: [CAM_ID(0)][ISP_PREVIEW]-DEBUG(open[262]): Node(132)(/dev/video132) opened. m_fd(36)
11-05 15:07:21.221  3409 20929 D ExynosCameraNode: [CAM_ID(0)][MCSC_OUTPUT]-DEBUG(open[262]): Node(160)(/dev/video160) opened. m_fd(37)
11-05 15:07:21.221  3409 20929 I ExynosCameraMCPipe: [CAM_ID(0)][PIPE_ISP]-INFO(m_preCreate[1277]):m_preCreate() is succeed, Pipe(8), prepare(0)
11-05 15:07:21.221  3409 20929 D ExynosCameraMCPipe: [CAM_ID(0)][PIPE_ISP]-DEBUG(m_postCreate[1284]):
11-05 15:07:21.222  3409 20929 I ExynosCameraMCPipe: [CAM_ID(0)][PIPE_ISP]-INFO(m_postCreate[1308]):m_postCreate() is succeed, Pipe(8)
11-05 15:07:21.222  3409 20929 D ExynosCameraMCPipe: [CAM_ID(0)][PIPE_TPU]-DEBUG(m_preCreate[1127]):
11-05 15:07:21.222  3409 20929 I ExynosCameraMCPipe: [CAM_ID(0)][PIPE_TPU]-INFO(m_preCreate[1277]):m_preCreate() is succeed, Pipe(11), prepare(0)
11-05 15:07:21.222  3409 20929 D ExynosCameraMCPipe: [CAM_ID(0)][PIPE_TPU]-DEBUG(m_postCreate[1284]):
11-05 15:07:21.222  3409 20929 I ExynosCameraMCPipe: [CAM_ID(0)][PIPE_TPU]-INFO(m_postCreate[1308]):m_postCreate() is succeed, Pipe(11)
11-05 15:07:21.222  3409 20929 D ExynosCameraMCPipe: [CAM_ID(0)][PIPE_MCSC]-DEBUG(m_preCreate[1127]):
11-05 15:07:21.222  3409 20929 I ExynosCameraMCPipe: [CAM_ID(0)][PIPE_MCSC]-INFO(m_preCreate[1277]):m_preCreate() is succeed, Pipe(13), prepare(0)
11-05 15:07:21.222  3409 20929 D ExynosCameraMCPipe: [CAM_ID(0)][PIPE_MCSC]-DEBUG(m_postCreate[1284]):
11-05 15:07:21.222  3409 20929 I ExynosCameraMCPipe: [CAM_ID(0)][PIPE_MCSC]-INFO(m_postCreate[1308]):m_postCreate() is succeed, Pipe(13)
11-05 15:07:21.222  3409 20929 I ExynosCameraSWPipe: [CAM_ID(0)][PIPE_GSC]-INFO(create[41]):create() is succeed (22)
11-05 15:07:21.222  3409 20929 I ExynosCameraSWPipe: [CAM_ID(0)][PIPE_GSC_VIDEO]-INFO(create[41]):create() is succeed (23)
11-05 15:07:21.222  3409 20929 D ExynosCameraMCPipe: [CAM_ID(0)][PIPE_3AA]-DEBUG(setControl[483]):
11-05 15:07:21.253  3409 20929 I ExynosCameraMCPipe: [CAM_ID(0)][PIPE_3AA]-INFO(setControl[494]):setControl() is succeed, Pipe(5)
11-05 15:07:21.253  3409 20929 D ExynosCameraMCPipe: [CAM_ID(0)][PIPE_3AA]-DEBUG(setControl[483]):
11-05 15:07:21.253  3409 20929 I ExynosCameraMCPipe: [CAM_ID(0)][PIPE_3AA]-INFO(setControl[494]):setControl() is succeed, Pipe(5)
11-05 15:07:21.253  3409 20929 D ExynosCamera3: [CAM_ID(0)][]-DEBUG(m_frameFactoryCreateThreadFunc[3748]):framefactory already create
11-05 15:07:21.253  3409 20929 D ExynosCamera3: [CAM_ID(0)][]-DEBUG(m_frameFactoryCreateThreadFunc[3748]):framefactory already create
11-05 15:07:21.253  3409 20929 D ExynosCamera3: [CAM_ID(0)][]-DEBUG(m_frameFactoryCreateThreadFunc[3745]):framefactory create
11-05 15:07:21.253  3409 20929 I ExynosCamera3FrameReprocessingFactory: [CAM_ID(0)][ReprocessingFactory]-INFO(create[37]):
11-05 15:07:21.253  3409 20929 I ExynosCamera3FrameReprocessingFactory: [CAM_ID(0)][ReprocessingFactory]-INFO(m_setupConfig[832]):
11-05 15:07:21.253  3409 20929 I ExynosCamera3FrameReprocessingFactory: [CAM_ID(0)][ReprocessingFactory]-INFO(m_constructReprocessingPipes[1058]):
11-05 15:07:21.253  3409 20929 D ExynosCameraMCPipe: [CAM_ID(0)][]-DEBUG(setPipeId[841]):nodeType(0), id(202)
11-05 15:07:21.253  3409 20929 D ExynosCameraMCPipe: [CAM_ID(0)][]-DEBUG(setPipeName[864]):
11-05 15:07:21.253  3409 20929 D ExynosCameraMCPipe: [CAM_ID(0)][]-DEBUG(setPipeId[841]):nodeType(0), id(205)
11-05 15:07:21.253  3409 20929 D ExynosCameraMCPipe: [CAM_ID(0)][]-DEBUG(setPipeName[864]):
11-05 15:07:21.254  3409 20929 D ExynosCameraMCPipe: [CAM_ID(0)][]-DEBUG(setPipeId[841]):nodeType(0), id(210)
11-05 15:07:21.254  3409 20929 D ExynosCameraMCPipe: [CAM_ID(0)][]-DEBUG(setPipeName[864]):
11-05 15:07:21.254  3409 20929 I ExynosCamera3FrameReprocessingFactory: [CAM_ID(0)][ReprocessingFactory]-INFO(m_constructReprocessingPipes[1094]):pipe ids for reprocessing
11-05 15:07:21.254  3409 20929 I ExynosCamera3FrameReprocessingFactory: [CAM_ID(0)][ReprocessingFactory]-INFO(m_constructReprocessingPipes[1097]):-> m_pipes[2] : PipeId(202)
11-05 15:07:21.254  3409 20929 I ExynosCamera3FrameReprocessingFactory: [CAM_ID(0)][ReprocessingFactory]-INFO(m_constructReprocessingPipes[1097]):-> m_pipes[5] : PipeId(205)
11-05 15:07:21.254  3409 20929 I ExynosCamera3FrameReprocessingFactory: [CAM_ID(0)][ReprocessingFactory]-INFO(m_constructReprocessingPipes[1097]):-> m_pipes[10] : PipeId(210)
11-05 15:07:21.254  3409 20929 I ExynosCamera3FrameReprocessingFactory: [CAM_ID(0)][ReprocessingFactory]-INFO(m_constructReprocessingPipes[1097]):-> m_pipes[18] : PipeId(218)
11-05 15:07:21.254  3409 20929 D ExynosCameraMCPipe: [CAM_ID(0)][PIPE_3AA_REPROCESSING]-DEBUG(m_preCreate[1127]):
11-05 15:07:21.254  3409 20929 D ExynosCameraNode: [CAM_ID(0)][REPROCESSING_3AA_OUTPUT]-DEBUG(open[262]): Node(120)(/dev/video120) opened. m_fd(38)
11-05 15:07:21.254  3409 20929 D ExynosCameraNode: [CAM_ID(0)][REPROCESSING_ISP_CAPTURE_M2M]-DEBUG(open[262]): Node(141)(/dev/video141) opened. m_fd(39)
11-05 15:07:21.254  3800  5229 D ConnectivityService: filterNetworkStateForUid() uid: 10023 networkInfo: [type: WIFI[] - WIFI, state: CONNECTED/CONNECTED, reason: (unspecified), extra: "Labsoft", failover: false, available: true, roaming: false, metered: false]
11-05 15:07:21.255  3409 20929 D ExynosCameraNode: [CAM_ID(0)][MCSC_CAPTURE_YUV_0]-DEBUG(open[262]): Node(170)(/dev/video170) opened. m_fd(40)
11-05 15:07:21.255  3409 20929 D ExynosCameraNode: [CAM_ID(0)][MCSC_CAPTURE_YUV_1]-DEBUG(open[262]): Node(171)(/dev/video171) opened. m_fd(41)
11-05 15:07:21.255  3409 20929 D ExynosCameraNode: [CAM_ID(0)][MCSC_CAPTURE_YUV_2]-DEBUG(open[262]): Node(172)(/dev/video172) opened. m_fd(42)
11-05 15:07:21.255  3409 20929 D ExynosCameraNode: [CAM_ID(0)][MCSC_CAPTURE_MAIN]-DEBUG(open[262]): Node(173)(/dev/video173) opened. m_fd(43)
11-05 15:07:21.255  3409 20929 D ExynosCameraNode: [CAM_ID(0)][MCSC_CAPTURE_THUMBNAIL]-DEBUG(open[262]): Node(174)(/dev/video174) opened. m_fd(44)
11-05 15:07:21.256  3409 20929 D exynos-libhwjpeg: CHWJpegV4L2Compressor Created: 0xd8c91a04, FD 45
11-05 15:07:21.256  3409 20929 D exynos-libhwjpeg: CHWJpegV4L2Compressor Created: 0xd8c95600, FD 46
11-05 15:07:21.256  3409 20929 D exynos-libhwjpeg: ExynosJpegEncoderForCamera Created: 0xd8c91a00, ION 47
11-05 15:07:21.256  3409 20929 D ExynosCameraNodeJpegHAL: [CAM_ID(0)][HWFC_JPEG_DST]-DEBUG(open[179]):Node(200)(/dev/video200) opened.
11-05 15:07:21.256  3409 20929 D ExynosCameraMCPipe: [CAM_ID(0)][PIPE_3AA_REPROCESSING]-DEBUG(m_preCreate[1181]):JpegHAL Node(200) opened
11-05 15:07:21.256  3409 20929 D ExynosCameraMCPipe: [CAM_ID(0)][PIPE_3AA_REPROCESSING]-DEBUG(m_preCreate[1181]):JpegHAL Node(201) opened
11-05 15:07:21.256  3409 20929 D ExynosCameraMCPipe: [CAM_ID(0)][PIPE_3AA_REPROCESSING]-DEBUG(m_preCreate[1181]):JpegHAL Node(201) opened
11-05 15:07:21.257  3409 20929 D ExynosCameraNode: [CAM_ID(0)][REPROCESSING_3AA_CAPTURE_MAIN]-DEBUG(open[262]): Node(122)(/dev/video122) opened. m_fd(48)
11-05 15:07:21.257  3409 20929 D ExynosCameraNode: [CAM_ID(0)][REPROCESSING_ISP_OUTPUT]-DEBUG(open[262]): Node(140)(/dev/video140) opened. m_fd(49)
11-05 15:07:21.257  3409 20929 D ExynosCameraNode: [CAM_ID(0)][REPROCESSING_ISP_CAPTURE_OTF]-DEBUG(open[262]): Node(142)(/dev/video142) opened. m_fd(50)
11-05 15:07:21.257  3409 20929 D ExynosCameraNode: [CAM_ID(0)][MCSC_OUTPUT]-DEBUG(open[262]): Node(161)(/dev/video161) opened. m_fd(51)
11-05 15:07:21.258  3409 20929 I ExynosCameraMCPipe: [CAM_ID(0)][PIPE_3AA_REPROCESSING]-INFO(m_preCreate[1277]):m_preCreate() is succeed, Pipe(202), prepare(0)
11-05 15:07:21.258  3409 20929 D ExynosCameraMCPipe: [CAM_ID(0)][PIPE_3AA_REPROCESSING]-DEBUG(m_postCreate[1284]):
11-05 15:07:21.258  3409 20929 I ExynosCameraMCPipe: [CAM_ID(0)][PIPE_3AA_REPROCESSING]-INFO(m_postCreate[1308]):m_postCreate() is succeed, Pipe(202)
11-05 15:07:21.258  3409 20929 D ExynosCameraMCPipe: [CAM_ID(0)][PIPE_ISP_REPROCESSING]-DEBUG(m_preCreate[1127]):
11-05 15:07:21.258  3409 20929 I ExynosCameraMCPipe: [CAM_ID(0)][PIPE_ISP_REPROCESSING]-INFO(m_preCreate[1277]):m_preCreate() is succeed, Pipe(205), prepare(0)
11-05 15:07:21.258  3409 20929 D ExynosCameraMCPipe: [CAM_ID(0)][PIPE_ISP_REPROCESSING]-DEBUG(m_postCreate[1284]):
11-05 15:07:21.258  3409 20929 I ExynosCameraMCPipe: [CAM_ID(0)][PIPE_ISP_REPROCESSING]-INFO(m_postCreate[1308]):m_postCreate() is succeed, Pipe(205)
11-05 15:07:21.258  3409 20929 D ExynosCameraMCPipe: [CAM_ID(0)][PIPE_MCSC_REPROCESSING]-DEBUG(m_preCreate[1127]):
11-05 15:07:21.258  3409 20929 I ExynosCameraMCPipe: [CAM_ID(0)][PIPE_MCSC_REPROCESSING]-INFO(m_preCreate[1277]):m_preCreate() is succeed, Pipe(210), prepare(0)
11-05 15:07:21.258  3409 20929 D ExynosCameraMCPipe: [CAM_ID(0)][PIPE_MCSC_REPROCESSING]-DEBUG(m_postCreate[1284]):
11-05 15:07:21.258  3409 20929 I ExynosCameraMCPipe: [CAM_ID(0)][PIPE_MCSC_REPROCESSING]-INFO(m_postCreate[1308]):m_postCreate() is succeed, Pipe(210)
11-05 15:07:21.258  3409 20929 I ExynosCameraSWPipe: [CAM_ID(0)][PIPE_GSC_REPROCESSING]-INFO(create[41]):create() is succeed (218)
11-05 15:07:21.258  3409 20929 D ExynosCameraMCPipe: [CAM_ID(0)][PIPE_3AA_REPROCESSING]-DEBUG(setControl[483]):
11-05 15:07:21.258  3409 20929 I ExynosCameraMCPipe: [CAM_ID(0)][PIPE_3AA_REPROCESSING]-INFO(setControl[494]):setControl() is succeed, Pipe(202)
11-05 15:07:21.258  3409 27340 I ExynosCamera3Interface: INFO(HAL3_camera_device_initialize[251]):out =====
11-05 15:07:21.258  3409 27340 D ExynosCamera3Interface: DEBUG:duration time(  106 msec):(HAL3_camera_device_initialize)
11-05 15:07:21.259  3409 27340 D Camera3-Device: initialize: mInterfaceLock.unlock()
11-05 15:07:21.261  3409 27340 I CameraService: wouldEvictLocked:getCurrentCostLocked()=0, cost=51, totalCost=51, MaxCost=100
11-05 15:07:21.261  3409 27340 I CameraService: wouldEvictLocked: owner=20590 priority-score=0, highestPriorityOwner=20590, highestPriority-score=0
11-05 15:07:21.264  3409 27340 I ExynosCamera3Interface: INFO(HAL3_camera_device_construct_default_request_settings[302]):in =====
11-05 15:07:21.264  3409 27340 D ExynosCamera3: [CAM_ID(0)][]-DEBUG(construct_default_request_settings[972]):Type 3
11-05 15:07:21.264  3409 27340 D ExynosCameraRequestManager: [CAM_ID(0)][]-DEBUG(constructDefaultRequestSettings[1884]):Type = 3
11-05 15:07:21.264  3409 27340 D ExynosCameraMetadataConverter: DEBUG(constructDefaultRequestSettings[68]):Type(3), cameraId(0)
11-05 15:07:21.264  3409 27340 D ExynosCameraMetadataConverter: DEBUG(constructDefaultRequestSettings[106]):type is CAMERA3_TEMPLATE_VIDEO_RECORD
11-05 15:07:21.264  3409 27340 D ExynosCameraMetadataConverter: DEBUG(constructDefaultRequestSettings[395]):Registered default request template(3)
11-05 15:07:21.264  3409 27340 D ExynosCameraRequestManager: [CAM_ID(0)][]-DEBUG(constructDefaultRequestSettings[1898]):Registered default request template(3)
11-05 15:07:21.265  3409 27340 I ExynosCamera3: [CAM_ID(0)][]-INFO(construct_default_request_settings[980]):out
11-05 15:07:21.265  3409 27340 I ExynosCamera3Interface: INFO(HAL3_camera_device_construct_default_request_settings[311]):out =====
11-05 15:07:21.265  3409 27340 D ExynosCamera3Interface: DEBUG:duration time(    1 msec):(HAL3_camera_device_construct_default_request_settings)
11-05 15:07:21.265  3409 27340 D Camera3-Device: waitUntilDrained: mInterfaceLock.lock()
11-05 15:07:21.265  3409 27340 D Camera3-Device: waitUntilDrained: mInterfaceLock.unlock()
11-05 15:07:21.267  3800  5229 I PermissionMonitor: App is not in hidden status (background/etc). Ignore
11-05 15:07:21.267  3409 27340 V Surface : sf_framedrop debug : 0x4f4c, game : false, logging : 0
11-05 15:07:21.268  3409 27340 D Camera3-Device: createStream: mInterfaceLock.lock()
11-05 15:07:21.268  3409 27340 D Camera3-Device: createStream: mInterfaceLock.unlock()
11-05 15:07:21.268  3409 27340 D Camera3-Device: setStreamTransform: mInterfaceLock.lock()
11-05 15:07:21.268  3409 27340 D Camera3-Device: setStreamTransform: mInterfaceLock.unlock()
11-05 15:07:21.269  3409 12273 W CameraDeviceClient: createSurfaceFromGbp: Camera 0 with consumer usage flag: 0x100: Forcing asynchronous mode for stream
11-05 15:07:21.269  3409 12273 V Surface : sf_framedrop debug : 0x4f4c, game : false, logging : 0
11-05 15:07:21.270  3409 12273 W CameraDeviceClient: createSurfaceFromGbp: Camera 0: Overriding format 0x1 to IMPLEMENTATION_DEFINED
11-05 15:07:21.270  3409 12273 D Camera3-Device: createStream: mInterfaceLock.lock()
11-05 15:07:21.270  3409 12273 D Camera3-Device: createStream: mInterfaceLock.unlock()
11-05 15:07:21.270  3409 12273 D Camera3-Device: setStreamTransform: mInterfaceLock.lock()
11-05 15:07:21.270  3409 12273 D Camera3-Device: setStreamTransform: mInterfaceLock.unlock()
11-05 15:07:21.271  3409 12273 I ExynosCamera3Interface: INFO(HAL3_camera_device_configure_streams[262]):in =====
11-05 15:07:21.271  3409 12273 D ExynosCamera3: [CAM_ID(0)][]-DEBUG(configureStreams[1005]):In
11-05 15:07:21.271  3409 12273 D ExynosCameraStreamManager: DEBUG(setConfig[424]):preview(32), raw(25), jpeg(32), recording(32), yuvCallback(32)
11-05 15:07:21.271  3409 12273 D ExynosCamera3: [CAM_ID(0)][]-DEBUG(m_setStreamInfo[354]):In
11-05 15:07:21.271  3409 12273 D ExynosCamera3: [CAM_ID(0)][]-DEBUG(m_setStreamInfo[383]):Stream(0xde0e1e78), ID(0), type(0), usage(0x3) format(0x23) w(640),h(480)
11-05 15:07:21.271  3409 12273 D ExynosCamera3: [CAM_ID(0)][]-DEBUG(m_setStreamInfo[383]):Stream(0xde0e1dd8), ID(1), type(0), usage(0x100) format(0x22) w(1920),h(1080)
11-05 15:07:21.271  3409 12273 D ExynosCamera3: [CAM_ID(0)][]-DEBUG(m_enumStreamInfo[463]):In
11-05 15:07:21.271  3409 12273 D ExynosCamera3: [CAM_ID(0)][]-DEBUG(m_enumStreamInfo[551]):HAL_PIXEL_FORMAT_YCbCr_420_888 format(0x23) usage(0x20067) stream_type(0)
11-05 15:07:21.271  3409 12273 I ExynosCameraStreamManager: INFO(m_insert[615]):inserted stream and id is (4)
11-05 15:07:21.272  3409 12273 D ExynosCamera3: [CAM_ID(0)][]-DEBUG(m_enumStreamInfo[629]):Out
11-05 15:07:21.272  3409 12273 D ExynosCamera3: [CAM_ID(0)][]-DEBUG(m_enumStreamInfo[463]):In
11-05 15:07:21.272  3409 12273 D ExynosCamera3: [CAM_ID(0)][]-DEBUG(m_enumStreamInfo[519]):GRALLOC1_CONSUMER_USAGE_GPU_TEXTURE|HWCOMPOSER foramt(0x22) usage(0x20166) stream_type(0)
11-05 15:07:21.272  3409 12273 I ExynosCameraStreamManager: INFO(m_insert[615]):inserted stream and id is (1)
11-05 15:07:21.272  3409 12273 D ExynosCamera3: [CAM_ID(0)][]-DEBUG(m_enumStreamInfo[629]):Out
11-05 15:07:21.272  3409 12273 D ExynosCamera3: [CAM_ID(0)][]-DEBUG(m_setStreamInfo[457]):out
11-05 15:07:21.272  3409 12273 E ExynosCameraRequestManager: [CAM_ID(0)][]-ERR(m_deleteStreamThread[3894]):failed, StreamThreadMap size is ZERO, size(0)
11-05 15:07:21.272  3409 12273 I ExynosCamera3Parameters: [CAM_ID(0)][ParametersBack]-INFO(m_setParamCropRegion[1958]):size0(4032, 3024, 4032, 3024)
11-05 15:07:21.272  3409 12273 I ExynosCamera3Parameters: [CAM_ID(0)][ParametersBack]-INFO(m_setParamCropRegion[1960]):size(0, 0, 4032, 3024), level(0)
11-05 15:07:21.272  3409 12273 I ExynosCamera3: [CAM_ID(0)][]-INFO(configureStreams[1132]):list_index 0 streamId 4
11-05 15:07:21.272  3409 12273 D ExynosCamera3: [CAM_ID(0)][]-DEBUG(configureStreams[1133]):stream_type 0
11-05 15:07:21.272  3409 12273 D ExynosCamera3: [CAM_ID(0)][]-DEBUG(configureStreams[1134]):size 640x480
11-05 15:07:21.272  3409 12273 D ExynosCamera3: [CAM_ID(0)][]-DEBUG(configureStreams[1135]):format 23
11-05 15:07:21.272  3409 12273 D ExynosCamera3: [CAM_ID(0)][]-DEBUG(configureStreams[1136]):usage 20067
11-05 15:07:21.272  3409 12273 D ExynosCamera3: [CAM_ID(0)][]-DEBUG(configureStreams[1137]):max_buffers 9
11-05 15:07:21.272  3409 12273 D ExynosCamera3: [CAM_ID(0)][]-DEBUG(configureStreams[1156]):registerStream 2 registerbuffer 17
11-05 15:07:21.272  3409 12273 I ExynosCamera3Parameters: [CAM_ID(0)][ParametersBack]-INFO(checkYuvSize[757]):curYuvSize 4032x3024 newYuvSize 640x480 outputPortId 0
11-05 15:07:21.272  3409 12273 I ExynosCamera3Parameters: [CAM_ID(0)][ParametersBack]-INFO(checkYuvSize[757]):curYuvSize 4032x3024 newYuvSize 640x480 outputPortId 3
11-05 15:07:21.272  3409 12273 D ExynosCamera3: [CAM_ID(0)][]-DEBUG(configureStreams[1418]):Create buffer manager(PREVIEW_CB)
11-05 15:07:21.281  3409 12273 D ExynosCameraBufferManager: [CAM_ID(0)][none]-DEBUG(ServiceExynosCameraBufferManager[3611]):
11-05 15:07:21.282  3409 12273 D ExynosCamera3: [CAM_ID(0)][]-DEBUG(m_createBufferManager[4892]):BufferManager(PREVIEW_CB_STREAM_BUF) created
11-05 15:07:21.282  3409 12273 D ExynosCamera3: [CAM_ID(0)][]-DEBUG(configureStreams[1429]):planeCount 1+1, planeSize[0] 460800, bytesPerLine[0] 0
11-05 15:07:21.283  3409 12273 D ExynosCameraBufferManager: [CAM_ID(0)][PREVIEW_CB_STREAM_BUF]-DEBUG(m_defaultAlloc[1329]):Duration time of buffer(Plane:1) allocation(    0 msec)
11-05 15:07:21.283  3409 12273 D ExynosCameraBufferManager: [CAM_ID(0)][PREVIEW_CB_STREAM_BUF]-DEBUG(m_alloc[3862]):
11-05 15:07:21.283  3409 12273 D ExynosCameraBufferManager: [CAM_ID(0)][PREVIEW_CB_STREAM_BUF]-DEBUG(alloc[241]):Allocate the buffer succeeded (allowed(32), requested(32), allocated(32))
11-05 15:07:21.283  3409 12273 I ExynosCameraBufferManager: [CAM_ID(0)][PREVIEW_CB_STREAM_BUF]-INFO(dumpBufferInfo[1817]):[m_buffer[0].fd[0]=-1] .addr=0x0 .size=460800 .position=3 .permission=0]
11-05 15:07:21.283  3409 12273 I ExynosCameraBufferManager: [CAM_ID(0)][PREVIEW_CB_STREAM_BUF]-INFO(dumpBufferInfo[1817]):[m_buffer[0].fd[1]=56] .addr=0xe8dce000 .size=36864 .position=3 .permission=0]
11-05 15:07:21.283  3409 12273 I ExynosCameraBufferManager: [CAM_ID(0)][PREVIEW_CB_STREAM_BUF]-INFO(dumpBufferInfo[1817]):[m_buffer[1].fd[0]=-1] .addr=0x0 .size=460800 .position=3 .permission=0]
11-05 15:07:21.283  3409 12273 I ExynosCameraBufferManager: [CAM_ID(0)][PREVIEW_CB_STREAM_BUF]-INFO(dumpBufferInfo[1817]):[m_buffer[1].fd[1]=58] .addr=0xe8dc5000 .size=36864 .position=3 .permission=0]
11-05 15:07:21.283  3409 12273 I ExynosCameraBufferManager: [CAM_ID(0)][PREVIEW_CB_STREAM_BUF]-INFO(dumpBufferInfo[1817]):[m_buffer[2].fd[0]=-1] .addr=0x0 .size=460800 .position=3 .permission=0]
11-05 15:07:21.283  3409 12273 I ExynosCameraBufferManager: [CAM_ID(0)][PREVIEW_CB_STREAM_BUF]-INFO(dumpBufferInfo[1817]):[m_buffer[2].fd[1]=59] .addr=0xe8db5000 .size=36864 .position=3 .permission=0]
11-05 15:07:21.283  3409 12273 I ExynosCameraBufferManager: [CAM_ID(0)][PREVIEW_CB_STREAM_BUF]-INFO(dumpBufferInfo[1817]):[m_buffer[3].fd[0]=-1] .addr=0x0 .size=460800 .position=3 .permission=0]
11-05 15:07:21.283  3409 12273 I ExynosCameraBufferManager: [CAM_ID(0)][PREVIEW_CB_STREAM_BUF]-INFO(dumpBufferInfo[1817]):[m_buffer[3].fd[1]=60] .addr=0xe8dac000 .size=36864 .position=3 .permission=0]
11-05 15:07:21.283  3409 12273 I ExynosCameraBufferManager: [CAM_ID(0)][PREVIEW_CB_STREAM_BUF]-INFO(dumpBufferInfo[1817]):[m_buffer[4].fd[0]=-1] .addr=0x0 .size=460800 .position=3 .permission=0]
11-05 15:07:21.283  3409 12273 I ExynosCameraBufferManager: [CAM_ID(0)][PREVIEW_CB_STREAM_BUF]-INFO(dumpBufferInfo[1817]):[m_buffer[4].fd[1]=61] .addr=0xe8d9c000 .size=36864 .position=3 .permission=0]
11-05 15:07:21.283  3409 12273 I ExynosCameraBufferManager: [CAM_ID(0)][PREVIEW_CB_STREAM_BUF]-INFO(dumpBufferInfo[1817]):[m_buffer[5].fd[0]=-1] .addr=0x0 .size=460800 .position=3 .permission=0]
11-05 15:07:21.283  3409 12273 I ExynosCameraBufferManager: [CAM_ID(0)][PREVIEW_CB_STREAM_BUF]-INFO(dumpBufferInfo[1817]):[m_buffer[5].fd[1]=62] .addr=0xe8d93000 .size=36864 .position=3 .permission=0]
11-05 15:07:21.283  3409 12273 I ExynosCameraBufferManager: [CAM_ID(0)][PREVIEW_CB_STREAM_BUF]-INFO(dumpBufferInfo[1817]):[m_buffer[6].fd[0]=-1] .addr=0x0 .size=460800 .position=3 .permission=0]
11-05 15:07:21.283  3409 12273 I ExynosCameraBufferManager: [CAM_ID(0)][PREVIEW_CB_STREAM_BUF]-INFO(dumpBufferInfo[1817]):[m_buffer[6].fd[1]=63] .addr=0xe8d8a000 .size=36864 .position=3 .permission=0]
11-05 15:07:21.283  3409 12273 I ExynosCameraBufferManager: [CAM_ID(0)][PREVIEW_CB_STREAM_BUF]-INFO(dumpBufferInfo[1817]):[m_buffer[7].fd[0]=-1] .addr=0x0 .size=460800 .position=3 .permission=0]
11-05 15:07:21.284  3409 12273 I ExynosCameraBufferManager: [CAM_ID(0)][PREVIEW_CB_STREAM_BUF]-INFO(dumpBufferInfo[1817]):[m_buffer[7].fd[1]=64] .addr=0xe8d81000 .size=36864 .position=3 .permission=0]
11-05 15:07:21.284  3409 12273 I ExynosCameraBufferManager: [CAM_ID(0)][PREVIEW_CB_STREAM_BUF]-INFO(dumpBufferInfo[1817]):[m_buffer[8].fd[0]=-1] .addr=0x0 .size=460800 .position=3 .permission=0]
11-05 15:07:21.284  3409 12273 I ExynosCameraBufferManager: [CAM_ID(0)][PREVIEW_CB_STREAM_BUF]-INFO(dumpBufferInfo[1817]):[m_buffer[8].fd[1]=65] .addr=0xe8d78000 .size=36864 .position=3 .permission=0]
11-05 15:07:21.284  3409 12273 I ExynosCameraBufferManager: [CAM_ID(0)][PREVIEW_CB_STREAM_BUF]-INFO(dumpBufferInfo[1817]):[m_buffer[9].fd[0]=-1] .addr=0x0 .size=460800 .position=3 .permission=0]
11-05 15:07:21.284  3409 12273 I ExynosCameraBufferManager: [CAM_ID(0)][PREVIEW_CB_STREAM_BUF]-INFO(dumpBufferInfo[1817]):[m_buffer[9].fd[1]=66] .addr=0xe8d6f000 .size=36864 .position=3 .permission=0]
11-05 15:07:21.284  3409 12273 I ExynosCameraBufferManager: [CAM_ID(0)][PREVIEW_CB_STREAM_BUF]-INFO(dumpBufferInfo[1817]):[m_buffer[10].fd[0]=-1] .addr=0x0 .size=460800 .position=3 .permission=0]
11-05 15:07:21.284  3409 12273 I ExynosCameraBufferManager: [CAM_ID(0)][PREVIEW_CB_STREAM_BUF]-INFO(dumpBufferInfo[1817]):[m_buffer[10].fd[1]=67] .addr=0xe8d54000 .size=36864 .position=3 .permission=0]
11-05 15:07:21.284  3409 12273 I ExynosCameraBufferManager: [CAM_ID(0)][PREVIEW_CB_STREAM_BUF]-INFO(dumpBufferInfo[1817]):[m_buffer[11].fd[0]=-1] .addr=0x0 .size=460800 .position=3 .permission=0]
11-05 15:07:21.284  3409 12273 I ExynosCameraBufferManager: [CAM_ID(0)][PREVIEW_CB_STREAM_BUF]-INFO(dumpBufferInfo[1817]):[m_buffer[11].fd[1]=68] .addr=0xe8d4b000 .size=36864 .position=3 .permission=0]
11-05 15:07:21.284  3409 12273 I ExynosCameraBufferManager: [CAM_ID(0)][PREVIEW_CB_STREAM_BUF]-INFO(dumpBufferInfo[1817]):[m_buffer[12].fd[0]=-1] .addr=0x0 .size=460800 .position=3 .permission=0]
11-05 15:07:21.284  3409 12273 I ExynosCameraBufferManager: [CAM_ID(0)][PREVIEW_CB_STREAM_BUF]-INFO(dumpBufferInfo[1817]):[m_buffer[12].fd[1]=69] .addr=0xe8d42000 .size=36864 .position=3 .permission=0]
11-05 15:07:21.284  3409 12273 I ExynosCameraBufferManager: [CAM_ID(0)][PREVIEW_CB_STREAM_BUF]-INFO(dumpBufferInfo[1817]):[m_buffer[13].fd[0]=-1] .addr=0x0 .size=460800 .position=3 .permission=0]
11-05 15:07:21.284  3409 12273 I ExynosCameraBufferManager: [CAM_ID(0)][PREVIEW_CB_STREAM_BUF]-INFO(dumpBufferInfo[1817]):[m_buffer[13].fd[1]=70] .addr=0xe8d39000 .size=36864 .position=3 .permission=0]
11-05 15:07:21.284  3409 12273 I ExynosCameraBufferManager: [CAM_ID(0)][PREVIEW_CB_STREAM_BUF]-INFO(dumpBufferInfo[1817]):[m_buffer[14].fd[0]=-1] .addr=0x0 .size=460800 .position=3 .permission=0]
11-05 15:07:21.284  3409 12273 I ExynosCameraBufferManager: [CAM_ID(0)][PREVIEW_CB_STREAM_BUF]-INFO(dumpBufferInfo[1817]):[m_buffer[14].fd[1]=71] .addr=0xe8d30000 .size=36864 .position=3 .permission=0]
11-05 15:07:21.284  3409 12273 I ExynosCameraBufferManager: [CAM_ID(0)][PREVIEW_CB_STREAM_BUF]-INFO(dumpBufferInfo[1817]):[m_buffer[15].fd[0]=-1] .addr=0x0 .size=460800 .position=3 .permission=0]
11-05 15:07:21.284  3409 12273 I ExynosCameraBufferManager: [CAM_ID(0)][PREVIEW_CB_STREAM_BUF]-INFO(dumpBufferInfo[1817]):[m_buffer[15].fd[1]=72] .addr=0xe8d27000 .size=36864 .position=3 .permission=0]
11-05 15:07:21.284  3409 12273 I ExynosCameraBufferManager: [CAM_ID(0)][PREVIEW_CB_STREAM_BUF]-INFO(dumpBufferInfo[1817]):[m_buffer[16].fd[0]=-1] .addr=0x0 .size=460800 .position=3 .permission=0]
11-05 15:07:21.284  3409 12273 I ExynosCameraBufferManager: [CAM_ID(0)][PREVIEW_CB_STREAM_BUF]-INFO(dumpBufferInfo[1817]):[m_buffer[16].fd[1]=73] .addr=0xe8d1e000 .size=36864 .position=3 .permission=0]
11-05 15:07:21.284  3409 12273 I ExynosCameraBufferManager: [CAM_ID(0)][PREVIEW_CB_STREAM_BUF]-INFO(dumpBufferInfo[1817]):[m_buffer[17].fd[0]=-1] .addr=0x0 .size=460800 .position=3 .permission=0]
11-05 15:07:21.284  3409 12273 I ExynosCameraBufferManager: [CAM_ID(0)][PREVIEW_CB_STREAM_BUF]-INFO(dumpBufferInfo[1817]):[m_buffer[17].fd[1]=74] .addr=0xe8d15000 .size=36864 .position=3 .permission=0]
11-05 15:07:21.284  3409 12273 I ExynosCameraBufferManager: [CAM_ID(0)][PREVIEW_CB_STREAM_BUF]-INFO(dumpBufferInfo[1817]):[m_buffer[18].fd[0]=-1] .addr=0x0 .size=460800 .position=3 .permission=0]
11-05 15:07:21.284  3409 12273 I ExynosCameraBufferManager: [CAM_ID(0)][PREVIEW_CB_STREAM_BUF]-INFO(dumpBufferInfo[1817]):[m_buffer[18].fd[1]=75] .addr=0xe8d02000 .size=36864 .position=3 .permission=0]
11-05 15:07:21.284  3409 12273 I ExynosCameraBufferManager: [CAM_ID(0)][PREVIEW_CB_STREAM_BUF]-INFO(dumpBufferInfo[1817]):[m_buffer[19].fd[0]=-1] .addr=0x0 .size=460800 .position=3 .permission=0]
11-05 15:07:21.284  3409 12273 I ExynosCameraBufferManager: [CAM_ID(0)][PREVIEW_CB_STREAM_BUF]-INFO(dumpBufferInfo[1817]):[m_buffer[19].fd[1]=76] .addr=0xe8c4e000 .size=36864 .position=3 .permission=0]
11-05 15:07:21.284  3409 12273 I ExynosCameraBufferManager: [CAM_ID(0)][PREVIEW_CB_STREAM_BUF]-INFO(dumpBufferInfo[1817]):[m_buffer[20].fd[0]=-1] .addr=0x0 .size=460800 .position=3 .permission=0]
11-05 15:07:21.284  3409 12273 I ExynosCameraBufferManager: [CAM_ID(0)][PREVIEW_CB_STREAM_BUF]-INFO(dumpBufferInfo[1817]):[m_buffer[20].fd[1]=77] .addr=0xe8c45000 .size=36864 .position=3 .permission=0]
11-05 15:07:21.284  3409 12273 I ExynosCameraBufferManager: [CAM_ID(0)][PREVIEW_CB_STREAM_BUF]-INFO(dumpBufferInfo[1817]):[m_buffer[21].fd[0]=-1] .addr=0x0 .size=460800 .position=3 .permission=0]
11-05 15:07:21.284  3409 12273 I ExynosCameraBufferManager: [CAM_ID(0)][PREVIEW_CB_STREAM_BUF]-INFO(dumpBufferInfo[1817]):[m_buffer[21].fd[1]=78] .addr=0xe8c3c000 .size=36864 .position=3 .permission=0]
11-05 15:07:21.284  3409 12273 I ExynosCameraBufferManager: [CAM_ID(0)][PREVIEW_CB_STREAM_BUF]-INFO(dumpBufferInfo[1817]):[m_buffer[22].fd[0]=-1] .addr=0x0 .size=460800 .position=3 .permission=0]
11-05 15:07:21.284  3409 12273 I ExynosCameraBufferManager: [CAM_ID(0)][PREVIEW_CB_STREAM_BUF]-INFO(dumpBufferInfo[1817]):[m_buffer[22].fd[1]=79] .addr=0xe8c33000 .size=36864 .position=3 .permission=0]
11-05 15:07:21.284  3409 12273 I ExynosCameraBufferManager: [CAM_ID(0)][PREVIEW_CB_STREAM_BUF]-INFO(dumpBufferInfo[1817]):[m_buffer[23].fd[0]=-1] .addr=0x0 .size=460800 .position=3 .permission=0]
11-05 15:07:21.284  3409 12273 I ExynosCameraBufferManager: [CAM_ID(0)][PREVIEW_CB_STREAM_BUF]-INFO(dumpBufferInfo[1817]):[m_buffer[23].fd[1]=80] .addr=0xe8c2a000 .size=36864 .position=3 .permission=0]
11-05 15:07:21.285  3409 12273 I ExynosCameraBufferManager: [CAM_ID(0)][PREVIEW_CB_STREAM_BUF]-INFO(dumpBufferInfo[1817]):[m_buffer[24].fd[0]=-1] .addr=0x0 .size=460800 .position=3 .permission=0]
11-05 15:07:21.285  3409 12273 I ExynosCameraBufferManager: [CAM_ID(0)][PREVIEW_CB_STREAM_BUF]-INFO(dumpBufferInfo[1817]):[m_buffer[24].fd[1]=81] .addr=0xe8c21000 .size=36864 .position=3 .permission=0]
11-05 15:07:21.285  3409 12273 I ExynosCameraBufferManager: [CAM_ID(0)][PREVIEW_CB_STREAM_BUF]-INFO(dumpBufferInfo[1817]):[m_buffer[25].fd[0]=-1] .addr=0x0 .size=460800 .position=3 .permission=0]
11-05 15:07:21.285  3409 12273 I ExynosCameraBufferManager: [CAM_ID(0)][PREVIEW_CB_STREAM_BUF]-INFO(dumpBufferInfo[1817]):[m_buffer[25].fd[1]=82] .addr=0xe8c18000 .size=36864 .position=3 .permission=0]
11-05 15:07:21.285  3409 12273 I ExynosCameraBufferManager: [CAM_ID(0)][PREVIEW_CB_STREAM_BUF]-INFO(dumpBufferInfo[1817]):[m_buffer[26].fd[0]=-1] .addr=0x0 .size=460800 .position=3 .permission=0]
11-05 15:07:21.285  3409 12273 I ExynosCameraBufferManager: [CAM_ID(0)][PREVIEW_CB_STREAM_BUF]-INFO(dumpBufferInfo[1817]):[m_buffer[26].fd[1]=83] .addr=0xe8c0f000 .size=36864 .position=3 .permission=0]
11-05 15:07:21.285  3409 12273 I ExynosCameraBufferManager: [CAM_ID(0)][PREVIEW_CB_STREAM_BUF]-INFO(dumpBufferInfo[1817]):[m_buffer[27].fd[0]=-1] .addr=0x0 .size=460800 .position=3 .permission=0]
11-05 15:07:21.285  3409 12273 I ExynosCameraBufferManager: [CAM_ID(0)][PREVIEW_CB_STREAM_BUF]-INFO(dumpBufferInfo[1817]):[m_buffer[27].fd[1]=84] .addr=0xe8c06000 .size=36864 .position=3 .permission=0]
11-05 15:07:21.285  3409 12273 I ExynosCameraBufferManager: [CAM_ID(0)][PREVIEW_CB_STREAM_BUF]-INFO(dumpBufferInfo[1817]):[m_buffer[28].fd[0]=-1] .addr=0x0 .size=460800 .position=3 .permission=0]
11-05 15:07:21.285  3409 12273 I ExynosCameraBufferManager: [CAM_ID(0)][PREVIEW_CB_STREAM_BUF]-INFO(dumpBufferInfo[1817]):[m_buffer[28].fd[1]=85] .addr=0xe8bfd000 .size=36864 .position=3 .permission=0]
11-05 15:07:21.285  3409 12273 I ExynosCameraBufferManager: [CAM_ID(0)][PREVIEW_CB_STREAM_BUF]-INFO(dumpBufferInfo[1817]):[m_buffer[29].fd[0]=-1] .addr=0x0 .size=460800 .position=3 .permission=0]
11-05 15:07:21.285  3409 12273 I ExynosCameraBufferManager: [CAM_ID(0)][PREVIEW_CB_STREAM_BUF]-INFO(dumpBufferInfo[1817]):[m_buffer[29].fd[1]=86] .addr=0xe8bf4000 .size=36864 .position=3 .permission=0]
11-05 15:07:21.285  3409 12273 I ExynosCameraBufferManager: [CAM_ID(0)][PREVIEW_CB_STREAM_BUF]-INFO(dumpBufferInfo[1817]):[m_buffer[30].fd[0]=-1] .addr=0x0 .size=460800 .position=3 .permission=0]
11-05 15:07:21.285  3409 12273 I ExynosCameraBufferManager: [CAM_ID(0)][PREVIEW_CB_STREAM_BUF]-INFO(dumpBufferInfo[1817]):[m_buffer[30].fd[1]=87] .addr=0xe8beb000 .size=36864 .position=3 .permission=0]
11-05 15:07:21.285  3409 12273 I ExynosCameraBufferManager: [CAM_ID(0)][PREVIEW_CB_STREAM_BUF]-INFO(dumpBufferInfo[1817]):[m_buffer[31].fd[0]=-1] .addr=0x0 .size=460800 .position=3 .permission=0]
11-05 15:07:21.285  3409 12273 I ExynosCameraBufferManager: [CAM_ID(0)][PREVIEW_CB_STREAM_BUF]-INFO(dumpBufferInfo[1817]):[m_buffer[31].fd[1]=88] .addr=0xe8be2000 .size=36864 .position=3 .permission=0]
11-05 15:07:21.285  3409 12273 D ExynosCameraBufferManager: DEBUG:duration time(    3 msec):(alloc)
11-05 15:07:21.285  3409 12273 D ExynosCameraStreamManager: DEBUG(setBufferManager[306]):m_bufferManager(0xdac41000)
11-05 15:07:21.285  3409 12273 D ExynosCamera3: [CAM_ID(0)][]-DEBUG(configureStreams[1436]):preivewCallbackBufferMgr - 0xdac41000
11-05 15:07:21.285  3409 12273 I ExynosCamera3: [CAM_ID(0)][]-INFO(configureStreams[1132]):list_index 1 streamId 1
11-05 15:07:21.285  3409 12273 D ExynosCamera3: [CAM_ID(0)][]-DEBUG(configureStreams[1133]):stream_type 0
11-05 15:07:21.285  3409 12273 D ExynosCamera3: [CAM_ID(0)][]-DEBUG(configureStreams[1134]):size 1920x1080
11-05 15:07:21.285  3409 12273 D ExynosCamera3: [CAM_ID(0)][]-DEBUG(configureStreams[1135]):format 22
11-05 15:07:21.285  3409 12273 D ExynosCamera3: [CAM_ID(0)][]-DEBUG(configureStreams[1136]):usage 20166
11-05 15:07:21.285  3409 12273 D ExynosCamera3: [CAM_ID(0)][]-DEBUG(configureStreams[1137]):max_buffers 9
11-05 15:07:21.285  3409 12273 D ExynosCamera3: [CAM_ID(0)][]-DEBUG(configureStreams[1156]):registerStream 2 registerbuffer 17
11-05 15:07:21.285  3409 12273 I ExynosCamera3Parameters: [CAM_ID(0)][ParametersBack]-INFO(checkYuvSize[757]):curYuvSize 4032x3024 newYuvSize 1920x1080 outputPortId 1
11-05 15:07:21.285  3409 12273 I ExynosCamera3Parameters: [CAM_ID(0)][ParametersBack]-INFO(checkYuvFormat[1110]):curYuvFormat NV21 newYuvFormat NM21 outputPortId 1
11-05 15:07:21.285  3409 12273 D ExynosCamera3: [CAM_ID(0)][]-DEBUG(configureStreams[1258]):Create buffer manager(PREVIEW)
11-05 15:07:21.290  3409 12273 D ExynosCameraBufferManager: [CAM_ID(0)][none]-DEBUG(ServiceExynosCameraBufferManager[3611]):
11-05 15:07:21.290  3409 12273 D ExynosCamera3: [CAM_ID(0)][]-DEBUG(m_createBufferManager[4892]):BufferManager(PREVIEW_STREAM_BUF) created
11-05 15:07:21.290  3409 12273 D ExynosCamera3: [CAM_ID(0)][]-DEBUG(configureStreams[1270]):planeCount 2+1, planeSize[0] 2073600, bytesPerLine[0] 0
11-05 15:07:21.291  3409 12273 D ExynosCameraBufferManager: [CAM_ID(0)][PREVIEW_STREAM_BUF]-DEBUG(m_defaultAlloc[1329]):Duration time of buffer(Plane:2) allocation(    0 msec)
11-05 15:07:21.291  3409 12273 D ExynosCameraBufferManager: [CAM_ID(0)][PREVIEW_STREAM_BUF]-DEBUG(m_alloc[3862]):
11-05 15:07:21.291  3409 12273 D ExynosCameraBufferManager: [CAM_ID(0)][PREVIEW_STREAM_BUF]-DEBUG(alloc[241]):Allocate the buffer succeeded (allowed(32), requested(32), allocated(32))
11-05 15:07:21.291  3409 12273 I ExynosCameraBufferManager: [CAM_ID(0)][PREVIEW_STREAM_BUF]-INFO(dumpBufferInfo[1817]):[m_buffer[0].fd[0]=-1] .addr=0x0 .size=2073600 .position=3 .permission=0]
11-05 15:07:21.291  3409 12273 I ExynosCameraBufferManager: [CAM_ID(0)][PREVIEW_STREAM_BUF]-INFO(dumpBufferInfo[1817]):[m_buffer[0].fd[1]=-1] .addr=0x0 .size=1036800 .position=3 .permission=0]
11-05 15:07:21.291  3409 12273 I ExynosCameraBufferManager: [CAM_ID(0)][PREVIEW_STREAM_BUF]-INFO(dumpBufferInfo[1817]):[m_buffer[0].fd[2]=89] .addr=0xe8bd4000 .size=36864 .position=3 .permission=0]
11-05 15:07:21.291  3409 12273 I ExynosCameraBufferManager: [CAM_ID(0)][PREVIEW_STREAM_BUF]-INFO(dumpBufferInfo[1817]):[m_buffer[1].fd[0]=-1] .addr=0x0 .size=2073600 .position=3 .permission=0]
11-05 15:07:21.291  3409 12273 I ExynosCameraBufferManager: [CAM_ID(0)][PREVIEW_STREAM_BUF]-INFO(dumpBufferInfo[1817]):[m_buffer[1].fd[1]=-1] .addr=0x0 .size=1036800 .position=3 .permission=0]
11-05 15:07:21.292  3409 12273 I ExynosCameraBufferManager: [CAM_ID(0)][PREVIEW_STREAM_BUF]-INFO(dumpBufferInfo[1817]):[m_buffer[1].fd[2]=90] .addr=0xe8bcb000 .size=36864 .position=3 .permission=0]
11-05 15:07:21.292  3409 12273 I ExynosCameraBufferManager: [CAM_ID(0)][PREVIEW_STREAM_BUF]-INFO(dumpBufferInfo[1817]):[m_buffer[2].fd[0]=-1] .addr=0x0 .size=2073600 .position=3 .permission=0]
11-05 15:07:21.292  3409 12273 I ExynosCameraBufferManager: [CAM_ID(0)][PREVIEW_STREAM_BUF]-INFO(dumpBufferInfo[1817]):[m_buffer[2].fd[1]=-1] .addr=0x0 .size=1036800 .position=3 .permission=0]
11-05 15:07:21.292  3409 12273 I ExynosCameraBufferManager: [CAM_ID(0)][PREVIEW_STREAM_BUF]-INFO(dumpBufferInfo[1817]):[m_buffer[2].fd[2]=91] .addr=0xe8bbd000 .size=36864 .position=3 .permission=0]
11-05 15:07:21.292  3409 12273 I ExynosCameraBufferManager: [CAM_ID(0)][PREVIEW_STREAM_BUF]-INFO(dumpBufferInfo[1817]):[m_buffer[3].fd[0]=-1] .addr=0x0 .size=2073600 .position=3 .permission=0]
11-05 15:07:21.292  3409 12273 I ExynosCameraBufferManager: [CAM_ID(0)][PREVIEW_STREAM_BUF]-INFO(dumpBufferInfo[1817]):[m_buffer[3].fd[1]=-1] .addr=0x0 .size=1036800 .position=3 .permission=0]
11-05 15:07:21.292  3409 12273 I ExynosCameraBufferManager: [CAM_ID(0)][PREVIEW_STREAM_BUF]-INFO(dumpBufferInfo[1817]):[m_buffer[3].fd[2]=92] .addr=0xe8bb4000 .size=36864 .position=3 .permission=0]
11-05 15:07:21.292  3409 12273 I ExynosCameraBufferManager: [CAM_ID(0)][PREVIEW_STREAM_BUF]-INFO(dumpBufferInfo[1817]):[m_buffer[4].fd[0]=-1] .addr=0x0 .size=2073600 .position=3 .permission=0]
11-05 15:07:21.292  3409 12273 I ExynosCameraBufferManager: [CAM_ID(0)][PREVIEW_STREAM_BUF]-INFO(dumpBufferInfo[1817]):[m_buffer[4].fd[1]=-1] .addr=0x0 .size=1036800 .position=3 .permission=0]
11-05 15:07:21.292  3409 12273 I ExynosCameraBufferManager: [CAM_ID(0)][PREVIEW_STREAM_BUF]-INFO(dumpBufferInfo[1817]):[m_buffer[4].fd[2]=93] .addr=0xe8bab000 .size=36864 .position=3 .permission=0]
11-05 15:07:21.292  3409 12273 I ExynosCameraBufferManager: [CAM_ID(0)][PREVIEW_STREAM_BUF]-INFO(dumpBufferInfo[1817]):[m_buffer[5].fd[0]=-1] .addr=0x0 .size=2073600 .position=3 .permission=0]
11-05 15:07:21.292  3409 12273 I ExynosCameraBufferManager: [CAM_ID(0)][PREVIEW_STREAM_BUF]-INFO(dumpBufferInfo[1817]):[m_buffer[5].fd[1]=-1] .addr=0x0 .size=1036800 .position=3 .permission=0]
11-05 15:07:21.292  3409 12273 I ExynosCameraBufferManager: [CAM_ID(0)][PREVIEW_STREAM_BUF]-INFO(dumpBufferInfo[1817]):[m_buffer[5].fd[2]=94] .addr=0xe8ba2000 .size=36864 .position=3 .permission=0]
11-05 15:07:21.292  3409 12273 I ExynosCameraBufferManager: [CAM_ID(0)][PREVIEW_STREAM_BUF]-INFO(dumpBufferInfo[1817]):[m_buffer[6].fd[0]=-1] .addr=0x0 .size=2073600 .position=3 .permission=0]
11-05 15:07:21.292  3409 12273 I ExynosCameraBufferManager: [CAM_ID(0)][PREVIEW_STREAM_BUF]-INFO(dumpBufferInfo[1817]):[m_buffer[6].fd[1]=-1] .addr=0x0 .size=1036800 .position=3 .permission=0]
11-05 15:07:21.292  3409 12273 I ExynosCameraBufferManager: [CAM_ID(0)][PREVIEW_STREAM_BUF]-INFO(dumpBufferInfo[1817]):[m_buffer[6].fd[2]=95] .addr=0xe8b99000 .size=36864 .position=3 .permission=0]
11-05 15:07:21.292  3409 12273 I ExynosCameraBufferManager: [CAM_ID(0)][PREVIEW_STREAM_BUF]-INFO(dumpBufferInfo[1817]):[m_buffer[7].fd[0]=-1] .addr=0x0 .size=2073600 .position=3 .permission=0]
11-05 15:07:21.292  3409 12273 I ExynosCameraBufferManager: [CAM_ID(0)][PREVIEW_STREAM_BUF]-INFO(dumpBufferInfo[1817]):[m_buffer[7].fd[1]=-1] .addr=0x0 .size=1036800 .position=3 .permission=0]
11-05 15:07:21.292  3409 12273 I ExynosCameraBufferManager: [CAM_ID(0)][PREVIEW_STREAM_BUF]-INFO(dumpBufferInfo[1817]):[m_buffer[7].fd[2]=96] .addr=0xe8b90000 .size=36864 .position=3 .permission=0]
11-05 15:07:21.292  3409 12273 I ExynosCameraBufferManager: [CAM_ID(0)][PREVIEW_STREAM_BUF]-INFO(dumpBufferInfo[1817]):[m_buffer[8].fd[0]=-1] .addr=0x0 .size=2073600 .position=3 .permission=0]
11-05 15:07:21.292  3409 12273 I ExynosCameraBufferManager: [CAM_ID(0)][PREVIEW_STREAM_BUF]-INFO(dumpBufferInfo[1817]):[m_buffer[8].fd[1]=-1] .addr=0x0 .size=1036800 .position=3 .permission=0]
11-05 15:07:21.292  3409 12273 I ExynosCameraBufferManager: [CAM_ID(0)][PREVIEW_STREAM_BUF]-INFO(dumpBufferInfo[1817]):[m_buffer[8].fd[2]=97] .addr=0xe8b85000 .size=36864 .position=3 .permission=0]
11-05 15:07:21.292  3409 12273 I ExynosCameraBufferManager: [CAM_ID(0)][PREVIEW_STREAM_BUF]-INFO(dumpBufferInfo[1817]):[m_buffer[9].fd[0]=-1] .addr=0x0 .size=2073600 .position=3 .permission=0]
11-05 15:07:21.292  3409 12273 I ExynosCameraBufferManager: [CAM_ID(0)][PREVIEW_STREAM_BUF]-INFO(dumpBufferInfo[1817]):[m_buffer[9].fd[1]=-1] .addr=0x0 .size=1036800 .position=3 .permission=0]
11-05 15:07:21.293  3409 12273 I ExynosCameraBufferManager: [CAM_ID(0)][PREVIEW_STREAM_BUF]-INFO(dumpBufferInfo[1817]):[m_buffer[9].fd[2]=98] .addr=0xe8b7c000 .size=36864 .position=3 .permission=0]
11-05 15:07:21.293  3409 12273 I ExynosCameraBufferManager: [CAM_ID(0)][PREVIEW_STREAM_BUF]-INFO(dumpBufferInfo[1817]):[m_buffer[10].fd[0]=-1] .addr=0x0 .size=2073600 .position=3 .permission=0]
11-05 15:07:21.293  3409 12273 I ExynosCameraBufferManager: [CAM_ID(0)][PREVIEW_STREAM_BUF]-INFO(dumpBufferInfo[1817]):[m_buffer[10].fd[1]=-1] .addr=0x0 .size=1036800 .position=3 .permission=0]
11-05 15:07:21.293  3409 12273 I ExynosCameraBufferManager: [CAM_ID(0)][PREVIEW_STREAM_BUF]-INFO(dumpBufferInfo[1817]):[m_buffer[10].fd[2]=99] .addr=0xe8b73000 .size=36864 .position=3 .permission=0]
11-05 15:07:21.293  3409 12273 I ExynosCameraBufferManager: [CAM_ID(0)][PREVIEW_STREAM_BUF]-INFO(dumpBufferInfo[1817]):[m_buffer[11].fd[0]=-1] .addr=0x0 .size=2073600 .position=3 .permission=0]
11-05 15:07:21.293  3409 12273 I ExynosCameraBufferManager: [CAM_ID(0)][PREVIEW_STREAM_BUF]-INFO(dumpBufferInfo[1817]):[m_buffer[11].fd[1]=-1] .addr=0x0 .size=1036800 .position=3 .permission=0]
11-05 15:07:21.293  3409 12273 I ExynosCameraBufferManager: [CAM_ID(0)][PREVIEW_STREAM_BUF]-INFO(dumpBufferInfo[1817]):[m_buffer[11].fd[2]=100] .addr=0xe8b6a000 .size=36864 .position=3 .permission=0]
11-05 15:07:21.293  3409 12273 I ExynosCameraBufferManager: [CAM_ID(0)][PREVIEW_STREAM_BUF]-INFO(dumpBufferInfo[1817]):[m_buffer[12].fd[0]=-1] .addr=0x0 .size=2073600 .position=3 .permission=0]
11-05 15:07:21.293  3409 12273 I ExynosCameraBufferManager: [CAM_ID(0)][PREVIEW_STREAM_BUF]-INFO(dumpBufferInfo[1817]):[m_buffer[12].fd[1]=-1] .addr=0x0 .size=1036800 .position=3 .permission=0]
11-05 15:07:21.293  3409 12273 I ExynosCameraBufferManager: [CAM_ID(0)][PREVIEW_STREAM_BUF]-INFO(dumpBufferInfo[1817]):[m_buffer[12].fd[2]=101] .addr=0xe8b61000 .size=36864 .position=3 .permission=0]
11-05 15:07:21.293  3409 12273 I ExynosCameraBufferManager: [CAM_ID(0)][PREVIEW_STREAM_BUF]-INFO(dumpBufferInfo[1817]):[m_buffer[13].fd[0]=-1] .addr=0x0 .size=2073600 .position=3 .permission=0]
11-05 15:07:21.293  3409 12273 I ExynosCameraBufferManager: [CAM_ID(0)][PREVIEW_STREAM_BUF]-INFO(dumpBufferInfo[1817]):[m_buffer[13].fd[1]=-1] .addr=0x0 .size=1036800 .position=3 .permission=0]
11-05 15:07:21.293  3409 12273 I ExynosCameraBufferManager: [CAM_ID(0)][PREVIEW_STREAM_BUF]-INFO(dumpBufferInfo[1817]):[m_buffer[13].fd[2]=102] .addr=0xe8b58000 .size=36864 .position=3 .permission=0]
11-05 15:07:21.293  3409 12273 I ExynosCameraBufferManager: [CAM_ID(0)][PREVIEW_STREAM_BUF]-INFO(dumpBufferInfo[1817]):[m_buffer[14].fd[0]=-1] .addr=0x0 .size=2073600 .position=3 .permission=0]
