--------- beginning of main
11-04 17:42:09.396  2691  2691 I chatty  : uid=2000(shell) /sbin/adbd expire 2 lines
11-04 17:42:11.403  2691  2691 E adbd    : failed to connect to socket 'tcp:6666': Connection refused
--------- beginning of system
11-04 17:42:12.418  2753  3883 I ActivityManager: START u0 {flg=0x10000000 cmp=com.YourCompany.guia_ra/com.epicgames.ue4.SplashActivity} from uid 2000
11-04 17:42:12.419   578 18540 I Thermal-Lib: Thermal-Lib-Client: Client request sent
11-04 17:42:12.419  2375  2462 I ThermalEngine: Thermal-Server: Thermal received msg from  override
11-04 17:42:12.442  2753  3883 I ActivityManager: Start proc 18541:com.YourCompany.guia_ra/u0a23 for activity com.YourCompany.guia_ra/com.epicgames.ue4.SplashActivity
11-04 17:42:12.446 18541 18541 I zygote  : Late-enabling -Xcheck:jni
11-04 17:42:12.555  2753  3383 I InputReader: Reconfiguring input devices.  changes=0x00000004
11-04 17:42:13.061  2753  2820 W ActivityManager: Activity pause timeout for ActivityRecord{6522756 u0 com.YourCompany.guia_ra/com.epicgames.ue4.SplashActivity t2701}
11-04 17:42:13.371 17874 17992 D ClClient: Not sending keepalive.  Current connection state=STOPPED
11-04 17:42:13.407  2691  2691 E adbd    : failed to connect to socket 'tcp:6666': Connection refused
11-04 17:42:14.186  2753  3883 I ActivityManager: START u0 {flg=0x10000 cmp=com.YourCompany.guia_ra/com.epicgames.ue4.GameActivity (has extras)} from uid 10023
11-04 17:42:14.350 26535 18556 D DatabaseIndexingManager: Indexing locale 'pt_BR' took 810 millis
11-04 17:42:14.694  2753  2820 W ActivityManager: Activity pause timeout for ActivityRecord{9642673 u0 com.YourCompany.guia_ra/com.epicgames.ue4.GameActivity t2701}
11-04 17:42:14.887 18541 18541 D OVRPlugin: JNI_OnLoad
11-04 17:42:14.939 18541 18541 W Company.guia_ra: type=1400 audit(0.0:1924): avc: denied { read } for uid=10023 name="stat" dev="proc" ino=4026532295 scontext=u:r:untrusted_app_25:s0:c512,c768 tcontext=u:object_r:proc_stat:s0 tclass=file permissive=0
11-04 17:42:15.157 18541 18541 D UE4     : In the JNI_OnLoad function
11-04 17:42:15.158 18541 18541 D UE4     : [JNI] - Failed to determine if app purchasing is enabled!
11-04 17:42:15.160 18541 18541 D UE4     : Path found as '/storage/emulated/0'
11-04 17:42:15.161 18541 18541 D UE4     : Font Path found as '/system/fonts/'
11-04 17:42:15.161 18541 18541 D UE4     : In the JNI_OnLoad function 5
11-04 17:42:16.762  2753  3294 D BatteryService: uevent={POWER_SUPPLY_VOLTAGE_NOW=4080328, POWER_SUPPLY_CHARGE_RATE=Normal, POWER_SUPPLY_HEALTH=Good, POWER_SUPPLY_CURRENT_NOW=-345151, POWER_SUPPLY_PRESENT=1, SUBSYSTEM=power_supply, POWER_SUPPLY_TEMP=280, SEQNUM=8109, ACTION=change, POWER_SUPPLY_NAME=battery, POWER_SUPPLY_STATUS=Charging, POWER_SUPPLY_CHARGE_COUNTER=2676878, POWER_SUPPLY_CAPACITY=70, DEVPATH=/devices/soc/qpnp-smbcharger-17/power_supply/battery}
11-04 17:42:16.766  3877  3877 D QtiCarrierConfigHelper: WARNING, no carrier configs on phone Id: 0
11-04 17:42:16.768 17874 17874 D HxBatteryStatusReceiver: onReceiveandroid.intent.action.BATTERY_CHANGED
11-04 17:42:17.187   578 18571 I Thermal-Lib: Thermal-Lib-Client: Client request sent
11-04 17:42:17.187  2375  2462 I ThermalEngine: Thermal-Server: Thermal received msg from  override
11-04 17:42:17.415  2691  2691 E adbd    : failed to connect to socket 'tcp:6666': Connection refused
11-04 17:42:19.403 18541 18577 D UE4     : Entering native app glue main function
11-04 17:42:19.404 18541 18577 D UE4     : Created event thread
11-04 17:42:19.404 18541 18577 D UE4     : Entered AndroidMain()
11-04 17:42:19.404 18541 18578 D UE4     : Entering event processing thread engine entry point
11-04 17:42:19.404 18541 18578 D UE4     : Prepared looper for event thread
11-04 17:42:19.404 18541 18578 D UE4     : Passed callback initialization
11-04 17:42:19.404 18541 18578 D UE4     : Passed sensor initialization
11-04 17:42:19.406 18541 18577 D UE4     : Controller interface supported
11-04 17:42:19.423  2691  2691 E adbd    : failed to connect to socket 'tcp:6666': Connection refused
11-04 17:42:19.470 18541 18580 D OpenGLRenderer: HWUI GL Pipeline
11-04 17:42:19.487 18541 18541 D UE4     : Target SDK is 24.  This may cause issues if permissions are denied by the user.
11-04 17:42:19.490 18541 18541 D PermissionFragment: Creating PlayGamesFragment
11-04 17:42:19.500  2753  5079 I ActivityManager: START u0 {act=android.content.pm.action.REQUEST_PERMISSIONS pkg=com.google.android.packageinstaller cmp=com.google.android.packageinstaller/com.android.packageinstaller.permission.ui.GrantPermissionsActivity (has extras)} from uid 10023
11-04 17:42:19.501   578 18582 I Thermal-Lib: Thermal-Lib-Client: Client request sent
11-04 17:42:19.501  2375  2462 I ThermalEngine: Thermal-Server: Thermal received msg from  override
11-04 17:42:19.536  2753  5079 I ActivityManager: Start proc 18585:com.google.android.packageinstaller/u0a35 for activity com.google.android.packageinstaller/com.android.packageinstaller.permission.ui.GrantPermissionsActivity
11-04 17:42:19.548 18541 18541 D UE4     : Vulkan version: 1.0.3
11-04 17:42:19.549 18541 18541 D UE4     : Vulkan level: 0
11-04 17:42:19.552 18541 18541 D UE4     : Found DepthBufferPreference = 0
11-04 17:42:19.552 18541 18541 D UE4     : Found bPackageDataInsideApk = 0
11-04 17:42:19.552 18541 18541 D UE4     : Found ProjectName = guia_ra
11-04 17:42:19.553 18541 18541 D UE4     : Found bHasOBBFiles = 0
11-04 17:42:19.553 18541 18541 D UE4     : Found bVerifyOBBOnStartUp = false
11-04 17:42:19.553 18541 18541 D UE4     : UI hiding set to false
11-04 17:42:19.553 18541 18541 D UE4     : BuildConfiguration set to Development
11-04 17:42:19.553 18541 18541 D UE4     : UseExternalFilesDir set to false
11-04 17:42:19.553 18541 18541 D UE4     : No GearVR mode detected.
11-04 17:42:19.553 18541 18541 D UE4     : APK path: /data/app/com.YourCompany.guia_ra-mlHZwV7nf2ta98OpM-k3IA==/base.apk
11-04 17:42:19.553 18541 18541 D UE4     : OBB in APK: false
11-04 17:42:19.557 18541 18541 D UE4     : ExternalFilePath found as '/storage/emulated/0/Android/data/com.YourCompany.guia_ra/files'
11-04 17:42:19.558 18541 18541 D UE4     : App is running in Portrait
11-04 17:42:19.558 18541 18541 D UE4     : Android version is 8.0.0
11-04 17:42:19.558 18541 18541 D UE4     : Android manufacturer is motorola
11-04 17:42:19.558 18541 18541 D UE4     : Android model is moto g(6) play
11-04 17:42:19.558 18541 18541 D UE4     : OS language is set to pt_BR
11-04 17:42:19.601 18541 18546 I zygote  : Do partial code cache collection, code=24KB, data=28KB
11-04 17:42:19.603 18541 18546 I zygote  : After code cache collection, code=24KB, data=28KB
11-04 17:42:19.603 18541 18546 I zygote  : Increasing code cache capacity to 128KB
11-04 17:42:19.648 18541 18541 W PopupManager: You have not specified a View to use as content view for popups. Falling back to the Activity content view. Note that this may not work as expected in multi-screen environments
11-04 17:42:19.667 18541 18541 D UE4     : ==============> GameActive.onCreate complete!
11-04 17:42:19.670 18541 18541 D UE4     : Creating console command broadcast listener
11-04 17:42:19.670 18541 18578 D UE4     : LogAndroidEvents: EnqueueAppEvent : 9, 0, tid = 18578
11-04 17:42:19.672 18541 18541 D UE4     : ==================================> Inside onStart function in GameActivity
11-04 17:42:19.675 18585 18590 I zygote  : Do partial code cache collection, code=0B, data=0B
11-04 17:42:19.676 18585 18590 I zygote  : After code cache collection, code=0B, data=0B
11-04 17:42:19.676 18585 18590 I zygote  : Increasing code cache capacity to 128KB
11-04 17:42:19.678 18585 18590 I zygote  : Do partial code cache collection, code=0B, data=0B
11-04 17:42:19.679 18585 18590 I zygote  : After code cache collection, code=0B, data=0B
11-04 17:42:19.679 18585 18590 I zygote  : Increasing code cache capacity to 256KB
11-04 17:42:19.680 18585 18590 I zygote  : Method exceeds compiler instruction limit: 25337 in void org.ccil.cowan.tagsoup.HTMLSchema.<init>()
11-04 17:42:19.680 18541 18578 D UE4     : Case APP_CMD_RESUME
11-04 17:42:19.680 18541 18578 D UE4     : LogAndroidEvents: EnqueueAppEvent : 7, 0, tid = 18578
11-04 17:42:19.684 18541 18541 E SensorManager: sensor or listener is null
11-04 17:42:19.688 18541 18541 D UE4     : App is running in Portrait
11-04 17:42:19.688 18541 18541 D UE4     : ==============> Resuming main init
11-04 17:42:19.691 18541 18577 D UE4     : Final commandline: ../../../guia_ra/guia_ra.uproject  /Game/HandheldARBP/Maps/HandheldARBlankMap -Messaging -SessionId=8CF589C744DDC05BAD7D18B4F3269DB3 -SessionOwner="plnch" -SessionName="Launch On Device" -iterative
11-04 17:42:19.691 18541 18577 D UE4     : Created sync event
11-04 17:42:19.699 18541 18541 D UE4     : ==============> GameActive.onResume complete!
11-04 17:42:19.717 18541 18578 D UE4     : Case APP_CMD_PAUSE
11-04 17:42:19.717 18541 18578 D UE4     : LogAndroidEvents: EnqueueAppEvent : 6, 0, tid = 18578
11-04 17:42:19.721 18541 18541 D UE4     : ==============> GameActive.onPause complete!
11-04 17:42:19.727 18541 18578 D UE4     : LogAndroidEvents: EnqueueAppEvent : 12, 0, tid = 18578
11-04 17:42:19.732 18541 18578 D UE4     : LogAndroidEvents: EnqueueAppEvent : 8, 0, tid = 18578
11-04 17:42:19.733 18541 18541 D UE4     : ==============> GameActive.onStop complete!
11-04 17:42:19.824  2753  2820 I ActivityManager: Killing 17583:com.facebook.katana:notification/u0a182 (adj 906): empty #17
11-04 17:42:19.837 18541 18577 D UE4     : LogICUInternationalization: Display: ICU TimeZone Detection - Raw Offset: -3:00, Platform Override: ''
11-04 17:42:19.837 18541 18577 D UE4     : 
11-04 17:42:19.846 18541 18541 D PermissionFragment: permission granted for android.permission.WRITE_EXTERNAL_STORAGE
11-04 17:42:19.848 18541 18578 D UE4     : LogAndroidEvents: EnqueueAppEvent : 9, 0, tid = 18578
11-04 17:42:19.848 18541 18541 D UE4     : Creating console command broadcast listener
11-04 17:42:19.850 18541 18541 D UE4     : ==================================> Inside onStart function in GameActivity
11-04 17:42:19.851 18541 18577 D UE4     : Testing for Vulkan availability:
11-04 17:42:19.851 18541 18577 D UE4     : Vulkan library detected, checking for available driver
11-04 17:42:19.851 18541 18578 D UE4     : Case APP_CMD_RESUME
11-04 17:42:19.851 18541 18578 D UE4     : LogAndroidEvents: EnqueueAppEvent : 7, 0, tid = 18578
11-04 17:42:19.855 18541 18541 E SensorManager: sensor or listener is null
11-04 17:42:19.858 18541 18541 D UE4     : App is running in Portrait
11-04 17:42:19.858 18541 18541 D UE4     : ==============> Resuming main init
11-04 17:42:19.859 18541 18541 D UE4     : ==============> GameActive.onResume complete!
11-04 17:42:19.861 18541 18578 D UE4     : Case APP_CMD_PAUSE
11-04 17:42:19.861 18541 18578 D UE4     : LogAndroidEvents: EnqueueAppEvent : 6, 0, tid = 18578
11-04 17:42:19.864 18541 18541 D UE4     : ==============> GameActive.onPause complete!
11-04 17:42:19.884 18541 18578 D UE4     : LogAndroidEvents: EnqueueAppEvent : 12, 0, tid = 18578
11-04 17:42:19.885 18541 18578 D UE4     : LogAndroidEvents: EnqueueAppEvent : 8, 0, tid = 18578
11-04 17:42:19.886 18541 18541 D UE4     : ==============> GameActive.onStop complete!
11-04 17:42:19.913 18541 18577 D vulkan  : searching for layers in '/data/app/com.YourCompany.guia_ra-mlHZwV7nf2ta98OpM-k3IA==/lib/arm'
11-04 17:42:19.914 18541 18577 D vulkan  : searching for layers in '/data/app/com.YourCompany.guia_ra-mlHZwV7nf2ta98OpM-k3IA==/base.apk!/lib/armeabi-v7a'
11-04 17:42:19.914 18541 18577 I Adreno  : QUALCOMM build          : 3273d9c, I0b59f3a7cf
11-04 17:42:19.914 18541 18577 I Adreno  : Build Date              : 02/27/18
11-04 17:42:19.914 18541 18577 I Adreno  : Shader Compiler Version : EV031.22.00.01
11-04 17:42:19.914 18541 18577 I Adreno  : Local Branch            : 
11-04 17:42:19.914 18541 18577 I Adreno  : Remote Branch           : refs/tags/AU_LINUX_ANDROID_LA.UM.6.5.R1.08.00.00.312.044
11-04 17:42:19.914 18541 18577 I Adreno  : Remote Branch           : NONE
11-04 17:42:19.914 18541 18577 I Adreno  : Reconstruct Branch      : NOTHING
11-04 17:42:19.931 18541 18577 D UE4     : VulkanRHI is available, Vulkan capable device detected.
11-04 17:42:19.931 18541 18577 I Adreno  : QUALCOMM build                   : 3273d9c, I0b59f3a7cf
11-04 17:42:19.931 18541 18577 I Adreno  : Build Date                       : 02/27/18
11-04 17:42:19.931 18541 18577 I Adreno  : OpenGL ES Shader Compiler Version: EV031.22.00.01
11-04 17:42:19.931 18541 18577 I Adreno  : Local Branch                     : 
11-04 17:42:19.931 18541 18577 I Adreno  : Remote Branch                    : refs/tags/AU_LINUX_ANDROID_LA.UM.6.5.R1.08.00.00.312.044
11-04 17:42:19.931 18541 18577 I Adreno  : Remote Branch                    : NONE
11-04 17:42:19.931 18541 18577 I Adreno  : Reconstruct Branch               : NOTHING
11-04 17:42:19.935 18541 18577 I Adreno  : PFP: 0x005ff087, ME: 0x005ff063
11-04 17:42:19.964 18541 18577 D UE4     : EGL Extensions: 
11-04 17:42:19.964 18541 18577 D UE4     : EGL_KHR_get_all_proc_addresses EGL_ANDROID_presentation_time EGL_KHR_swap_buffers_with_damage EGL_ANDROID_get_native_client_buffer EGL_ANDROID_front_buffer_auto_refresh EGL_ANDROID_get_frame_timestamps EGL_KHR_image EGL_KHR_image_base EGL_KHR_lock_surface EGL_KHR_gl_colorspace EGL_KHR_gl_texture_2D_image EGL_KHR_gl_texture_3D_image EGL_KHR_gl_texture_cubemap_image EGL_KHR_gl_renderbuffer_image EGL_KHR_reusable_sync EGL_KHR_fence_sync EGL_KHR_create_context EGL_KHR_surfaceless_context EGL_EXT_create_context_robustness EGL_ANDROID_image_native_buffer EGL_KHR_wait_sync EGL_ANDROID_recordable EGL_KHR_partial_update EGL_EXT_pixel_format_float EGL_KHR_create_context_no_error EGL_KHR_mutable_render_buffer EGL_EXT_yuv_surface EGL_IMG_context_priority EGL_KHR_no_config_context 
11-04 17:42:20.426 18541 18577 D UE4     : LogStreaming: Display: Took  0.147s to configure plugins.
11-04 17:42:20.426 18541 18577 D UE4     : 
11-04 17:42:20.500  2753  3517 E TaskPersister: File error accessing recents directory (directory doesn't exist?).
11-04 17:42:20.655 18541 18577 D UE4     : LogOnline: Display: OnlineSubsystemGooglePlayModule::StartupModule()
11-04 17:42:20.655 18541 18577 D UE4     : 
11-04 17:42:20.656 18541 18577 D UE4     : LogOnline: Warning: FOnlineSubsystemGooglePlayModule was disabled
11-04 17:42:20.656 18541 18577 D UE4     : 
11-04 17:42:20.657 18541 18577 D UE4     : LogOnline: Warning: FOnlineSubsystemGooglePlayModule was disabled
11-04 17:42:20.657 18541 18577 D UE4     : 
11-04 17:42:20.658 18541 18577 D UE4     : LogStreaming: Display: Took  0.000s to delete old logs.
11-04 17:42:20.658 18541 18577 D UE4     : 
11-04 17:42:20.758 18541 18577 D UE4     : LogStreaming: Display: Async Loading initialized: Event Driven Loader: true, Async Loading Thread: false
11-04 17:42:20.758 18541 18577 D UE4     : 
11-04 17:42:20.809 18541 18577 D UE4     : FAndroidGPUInfo
11-04 17:42:20.809 18541 18577 D UE4     : AndroidEGL::InitSurface 1, 1
11-04 17:42:20.809 18541 18577 D UE4     : Waiting for Native window in AndroidEGL::InitSurface
11-04 17:42:21.430  2691  2691 E adbd    : failed to connect to socket 'tcp:6666': Connection refused
11-04 17:42:22.501   578 18627 I Thermal-Lib: Thermal-Lib-Client: Client request sent
11-04 17:42:22.501  2375  2462 I ThermalEngine: Thermal-Server: Thermal received msg from  override
11-04 17:42:23.371 17874 17992 D ClClient: Not sending keepalive.  Current connection state=STOPPED
11-04 17:42:23.436  2691  2691 E adbd    : failed to connect to socket 'tcp:6666': Connection refused
11-04 17:42:23.439 15495 12696 I zygote  : IncrementDisableThreadFlip blocked for 6.055ms
11-04 17:42:23.579 15495 15505 I zygote  : Background concurrent copying GC freed 46409(2MB) AllocSpace objects, 1(20KB) LOS objects, 50% free, 7MB/14MB, paused 5.867ms total 146.116ms
11-04 17:42:25.442  2691  2691 E adbd    : failed to connect to socket 'tcp:6666': Connection refused
11-04 17:42:29.453  2691  2691 I chatty  : uid=2000(shell) /sbin/adbd identical 2 lines
11-04 17:42:31.465  2691  2691 E adbd    : failed to connect to socket 'tcp:6666': Connection refused
11-04 17:42:33.371 17874 17992 D ClClient: Not sending keepalive.  Current connection state=STOPPED
11-04 17:42:33.469  2691  2691 E adbd    : failed to connect to socket 'tcp:6666': Connection refused
11-04 17:42:34.922 16689 16689 V FlowsenseSDK: Wifi detector already running
11-04 17:42:34.929 16689 16689 V FlowsenseSDK: Starting Periodic Location Request
11-04 17:42:34.929 16689 16689 V FlowsenseSDK: BackGroundLocationAlarm, checking Android version before starting
11-04 17:42:34.929 16689 16689 V FlowsenseSDK: Android Version is >= Lollipop
11-04 17:42:34.929 16689 16689 V FlowsenseSDK: Trying to start Periodic Location Request
11-04 17:42:34.952 16689 18656 E FlowsenseSDK: Should call Intent { cmp=ws.hanzo.Vrrh/com.flowsense.flowsensesdk.LocationService.LocationIntent }
11-04 17:42:34.952 16689 18656 V FlowsenseSDK: Service onStartCommand
11-04 17:42:34.952 16689 18656 V FlowsenseSDK: PersonaUUID aeae40698856446495717c71033c8e5c
11-04 17:42:34.952 16689 18656 V FlowsenseSDK: getLocation aeae40698856446495717c71033c8e5c
11-04 17:42:34.952 16689 18656 V FlowsenseSDK: SO >= M
11-04 17:42:34.953 16689 18656 V FlowsenseSDK: Permission False
11-04 17:42:34.953 16689 18656 V FlowsenseSDK: GpsLocation + last_know_gps_location null
11-04 17:42:34.954 16689 18656 V FlowsenseSDK: SO >= M
11-04 17:42:34.954 16689 18656 V FlowsenseSDK: Permission False
11-04 17:42:34.955 16689 18656 V FlowsenseSDK: NetworkLocation + last_know_gps_location null
11-04 17:42:34.955 16689 18656 V FlowsenseSDK: NetworkLocation + last_know_gps_location time 21:00:00
11-04 17:42:34.955 16689 18656 V FlowsenseSDK: SO >= M
11-04 17:42:34.956 16689 18656 V FlowsenseSDK: SO >= M
11-04 17:42:34.958 16689 18656 V FlowsenseSDK: Localizacao null
11-04 17:42:34.958 16689 18656 V FlowsenseSDK: Não foi encontrada nenhuma localização
11-04 17:42:34.970 17874 18657 D EventNotificationJob: Running EventNotificationJob, isDetail=true
11-04 17:42:34.972 17874 18657 D EventNotificationJob:   finished processing events.
11-04 17:42:35.476  2691  2691 E adbd    : failed to connect to socket 'tcp:6666': Connection refused
11-04 17:42:37.482  2691  2691 I chatty  : uid=2000(shell) /sbin/adbd identical 1 line
11-04 17:42:39.488  2691  2691 E adbd    : failed to connect to socket 'tcp:6666': Connection refused
11-04 17:42:39.554  5020  8805 E memtrack: Couldn't load memtrack module
11-04 17:42:39.555  5020  8805 W android.os.Debug: failed to get memory consumption info: -1
11-04 17:42:41.493  2691  2691 E adbd    : failed to connect to socket 'tcp:6666': Connection refused
11-04 17:42:43.371 17874 17992 D ClClient: Not sending keepalive.  Current connection state=STOPPED
11-04 17:42:43.498  2691  2691 E adbd    : failed to connect to socket 'tcp:6666': Connection refused
11-04 17:42:44.652  2753  2753 I NotificationService: Cannot find enqueued record for key: 0|com.whatsapp|12|null|10139
11-04 17:42:44.656 27684 27684 I MotoDisplay: Acquiring wakelock MotoDisplayWakeLock for 500
11-04 17:42:44.730 27684 27684 I MotoDisplay: Acquiring wakelock MotoDisplayWakeLock for 500
11-04 17:42:44.731 27684 27684 E MotoDisplay: Notification not found: [Key: 1893774157, groupKey: 1893774157]
11-04 17:42:44.731 27684 27684 I MotoDisplay: Releasing wakelock: MotoDisplayWakeLock
11-04 17:42:44.760  3609  3609 W StaticLayout: maxLineHeight should not be -1.  maxLines:1 lineCount:1
11-04 17:42:44.760  3609  3609 W StaticLayout: maxLineHeight should not be -1.  maxLines:1 lineCount:1
11-04 17:42:45.504  2691  2691 E adbd    : failed to connect to socket 'tcp:6666': Connection refused
11-04 17:42:45.654 27684 27684 I MotoDisplay: Acquiring wakelock MotoDisplayWakeLock for 500
11-04 17:42:45.657 27684 27684 I MotoDisplay: Acquiring wakelock MotoDisplayWakeLock for 500
11-04 17:42:45.658 27684 27684 E MotoDisplay: Notification not found: [Key: -1529027347, groupKey: -1529027347]
11-04 17:42:45.658 27684 27684 I MotoDisplay: Releasing wakelock: MotoDisplayWakeLock
11-04 17:42:47.509  2691  2691 E adbd    : failed to connect to socket 'tcp:6666': Connection refused
11-04 17:42:49.514  2691  2691 I chatty  : uid=2000(shell) /sbin/adbd identical 1 line
11-04 17:42:51.519  2691  2691 E adbd    : failed to connect to socket 'tcp:6666': Connection refused
11-04 17:42:53.371 17874 17992 D ClClient: Not sending keepalive.  Current connection state=STOPPED
11-04 17:42:53.525  2691  2691 E adbd    : failed to connect to socket 'tcp:6666': Connection refused
11-04 17:42:54.156  2391  2768 D NetlinkEvent: Unknown ND option type 31
11-04 17:42:55.531  2691  2691 I chatty  : uid=2000(shell) /sbin/adbd identical 1 line
11-04 17:42:57.535  2691  2691 E adbd    : failed to connect to socket 'tcp:6666': Connection refused
11-04 17:42:58.454 16689 16689 V FlowsenseSDK: Broadcast Wifi Called
11-04 17:42:58.455 16689 16689 V FlowsenseSDK: Connected to Wifi and Internet
11-04 17:42:58.638 21734 21755 I Finsky  : [1420] com.google.android.finsky.bn.an.run(6): Stats for Executor: BlockingExecutor com.google.android.finsky.bn.ao@c884017[Running, pool size = 0, active threads = 0, queued tasks = 0, completed tasks = 7]
11-04 17:42:58.638 21734 21755 I Finsky  : [1420] com.google.android.finsky.bn.an.run(6): Stats for Executor: LightweightExecutor com.google.android.finsky.bn.ao@2547c04[Running, pool size = 4, active threads = 0, queued tasks = 0, completed tasks = 42]
11-04 17:42:58.856 21734 21755 I Finsky  : [1420] com.google.android.finsky.bn.an.run(6): Stats for Executor: bgExecutor com.google.android.finsky.bn.ao@ada35ed[Running, pool size = 4, active threads = 0, queued tasks = 0, completed tasks = 7]
11-04 17:42:59.296 21734 21755 I Finsky  : [1420] com.google.android.finsky.bn.an.run(6): Stats for Executor: StorageAwareDownloadServiceManagerSpaceChecker com.google.android.finsky.bn.ao@da55c22[Running, pool size = 0, active threads = 0, queued tasks = 0, completed tasks = 0]
11-04 17:42:59.540  2691  2691 E adbd    : failed to connect to socket 'tcp:6666': Connection refused
11-04 17:43:01.546  2691  2691 E adbd    : failed to connect to socket 'tcp:6666': Connection refused
11-04 17:43:01.581  3877  3877 D QtiCarrierConfigHelper: WARNING, no carrier configs on phone Id: 0
11-04 17:43:01.586 17874 17874 D HxBatteryStatusReceiver: onReceiveandroid.intent.action.BATTERY_CHANGED
11-04 17:43:03.371 17874 17992 D ClClient: Not sending keepalive.  Current connection state=STOPPED
11-04 17:43:03.551  2691  2691 E adbd    : failed to connect to socket 'tcp:6666': Connection refused
11-04 17:43:09.568  2691  2691 I chatty  : uid=2000(shell) /sbin/adbd identical 3 lines
11-04 17:43:11.573  2691  2691 E adbd    : failed to connect to socket 'tcp:6666': Connection refused
11-04 17:43:13.371 17874 17992 D ClClient: Not sending keepalive.  Current connection state=STOPPED
11-04 17:43:13.581  2691  2691 E adbd    : failed to connect to socket 'tcp:6666': Connection refused
11-04 17:43:15.585  2691  2691 E adbd    : failed to connect to socket 'tcp:6666': Connection refused
11-04 17:43:16.922  2753  3294 D BatteryService: uevent={POWER_SUPPLY_VOLTAGE_NOW=4087347, POWER_SUPPLY_CHARGE_RATE=Normal, POWER_SUPPLY_HEALTH=Good, POWER_SUPPLY_CURRENT_NOW=-384671, POWER_SUPPLY_PRESENT=1, SUBSYSTEM=power_supply, POWER_SUPPLY_TEMP=280, SEQNUM=8112, ACTION=change, POWER_SUPPLY_NAME=battery, POWER_SUPPLY_STATUS=Charging, POWER_SUPPLY_CHARGE_COUNTER=2683336, POWER_SUPPLY_CAPACITY=70, DEVPATH=/devices/soc/qpnp-smbcharger-17/power_supply/battery}
11-04 17:43:16.929  3877  3877 D QtiCarrierConfigHelper: WARNING, no carrier configs on phone Id: 0
11-04 17:43:16.935 17874 17874 D HxBatteryStatusReceiver: onReceiveandroid.intent.action.BATTERY_CHANGED
11-04 17:43:17.590  2691  2691 E adbd    : failed to connect to socket 'tcp:6666': Connection refused
11-04 17:43:18.274  2753  3294 D BatteryService: uevent={POWER_SUPPLY_VOLTAGE_NOW=4087347, POWER_SUPPLY_CHARGE_RATE=Normal, POWER_SUPPLY_HEALTH=Good, POWER_SUPPLY_CURRENT_NOW=-384671, POWER_SUPPLY_PRESENT=1, SUBSYSTEM=power_supply, POWER_SUPPLY_TEMP=280, SEQNUM=8114, ACTION=change, POWER_SUPPLY_NAME=battery, POWER_SUPPLY_STATUS=Charging, POWER_SUPPLY_CHARGE_COUNTER=2683336, POWER_SUPPLY_CAPACITY=70, DEVPATH=/devices/soc/qpnp-smbcharger-17/power_supply/battery}
11-04 17:43:19.596  2691  2691 E adbd    : failed to connect to socket 'tcp:6666': Connection refused
11-04 17:43:20.328 27684 27684 I MotoDisplay: Acquiring wakelock MotoDisplayWakeLock for 500
11-04 17:43:20.331 27684 27684 I MotoDisplay: Releasing wakelock: MotoDisplayWakeLock
11-04 17:43:20.335 27684 27684 I MotoDisplay: Acquiring wakelock MotoDisplayWakeLock for 500
11-04 17:43:20.337 27684 27684 I MotoDisplay: Releasing wakelock: MotoDisplayWakeLock
11-04 17:43:21.602  2691  2691 E adbd    : failed to connect to socket 'tcp:6666': Connection refused
11-04 17:43:23.371 17874 17992 D ClClient: Not sending keepalive.  Current connection state=STOPPED
11-04 17:43:23.384 17874 17934 D AccessTokenRefreshRunnable: Running the refresh ...
11-04 17:43:23.608  2691  2691 E adbd    : failed to connect to socket 'tcp:6666': Connection refused
11-04 17:43:29.642  2691  2691 I chatty  : uid=2000(shell) /sbin/adbd identical 3 lines
11-04 17:43:31.648  2691  2691 E adbd    : failed to connect to socket 'tcp:6666': Connection refused
11-04 17:43:33.371 17874 17992 D ClClient: Not sending keepalive.  Current connection state=STOPPED
11-04 17:43:33.652  2691  2691 E adbd    : failed to connect to socket 'tcp:6666': Connection refused
11-04 17:43:35.058 16689 16689 V FlowsenseSDK: Wifi detector already running
11-04 17:43:35.066 16689 16689 V FlowsenseSDK: Starting Periodic Location Request
11-04 17:43:35.067 16689 16689 V FlowsenseSDK: BackGroundLocationAlarm, checking Android version before starting
11-04 17:43:35.067 16689 16689 V FlowsenseSDK: Android Version is >= Lollipop
11-04 17:43:35.067 16689 16689 V FlowsenseSDK: Trying to start Periodic Location Request
11-04 17:43:35.102 16689 18820 E FlowsenseSDK: Should call Intent { cmp=ws.hanzo.Vrrh/com.flowsense.flowsensesdk.LocationService.LocationIntent }
11-04 17:43:35.102 16689 18820 V FlowsenseSDK: Service onStartCommand
11-04 17:43:35.102 16689 18820 V FlowsenseSDK: PersonaUUID aeae40698856446495717c71033c8e5c
11-04 17:43:35.102 16689 18820 V FlowsenseSDK: getLocation aeae40698856446495717c71033c8e5c
11-04 17:43:35.102 16689 18820 V FlowsenseSDK: SO >= M
11-04 17:43:35.103 16689 18820 V FlowsenseSDK: Permission False
11-04 17:43:35.103 16689 18820 V FlowsenseSDK: GpsLocation + last_know_gps_location null
11-04 17:43:35.104 16689 18820 V FlowsenseSDK: SO >= M
11-04 17:43:35.105 16689 18820 V FlowsenseSDK: Permission False
11-04 17:43:35.105 16689 18820 V FlowsenseSDK: NetworkLocation + last_know_gps_location null
11-04 17:43:35.106 16689 18820 V FlowsenseSDK: NetworkLocation + last_know_gps_location time 21:00:00
11-04 17:43:35.106 16689 18820 V FlowsenseSDK: SO >= M
11-04 17:43:35.107 16689 18820 V FlowsenseSDK: SO >= M
11-04 17:43:35.107 16689 18820 V FlowsenseSDK: Localizacao null
11-04 17:43:35.108 16689 18820 V FlowsenseSDK: Não foi encontrada nenhuma localização
11-04 17:43:35.131 17874 18821 D EventNotificationJob: Running EventNotificationJob, isDetail=true
11-04 17:43:35.134 17874 18821 D EventNotificationJob:   finished processing events.
11-04 17:43:35.658  2691  2691 E adbd    : failed to connect to socket 'tcp:6666': Connection refused
11-04 17:43:37.666  2691  2691 I chatty  : uid=2000(shell) /sbin/adbd identical 1 line
11-04 17:43:39.671  2691  2691 E adbd    : failed to connect to socket 'tcp:6666': Connection refused
11-04 17:43:40.537  2391  2768 D NetlinkEvent: Unknown ND option type 31
11-04 17:43:41.349 17874 18835 W ACFcmTokenUpdateJob: No auth ticket for AC Frontend
11-04 17:43:41.350 17874 18835 W ACFcmTokenUpdateJob: Attempted to update FCM token, but AC Frontend wasn't ready yet
11-04 17:43:41.677  2691  2691 E adbd    : failed to connect to socket 'tcp:6666': Connection refused
11-04 17:43:43.371 17874 17992 D ClClient: Not sending keepalive.  Current connection state=STOPPED
11-04 17:43:43.683  2691  2691 E adbd    : failed to connect to socket 'tcp:6666': Connection refused
11-04 17:43:47.694  2691  2691 I chatty  : uid=2000(shell) /sbin/adbd identical 2 lines
11-04 17:43:51.702  2691  2691 E adbd    : failed to connect to socket 'tcp:6666': Connection refused
11-04 17:43:53.371 17874 17992 D ClClient: Not sending keepalive.  Current connection state=STOPPED
11-04 17:43:53.706  2691  2691 E adbd    : failed to connect to socket 'tcp:6666': Connection refused
11-04 17:43:55.711  2691  2691 I chatty  : uid=2000(shell) /sbin/adbd identical 1 line
11-04 17:43:57.717  2691  2691 E adbd    : failed to connect to socket 'tcp:6666': Connection refused
11-04 17:43:58.639 21734 21755 I Finsky  : [1420] com.google.android.finsky.bn.an.run(6): Stats for Executor: BlockingExecutor com.google.android.finsky.bn.ao@c884017[Running, pool size = 0, active threads = 0, queued tasks = 0, completed tasks = 7]
11-04 17:43:58.639 21734 21755 I Finsky  : [1420] com.google.android.finsky.bn.an.run(6): Stats for Executor: LightweightExecutor com.google.android.finsky.bn.ao@2547c04[Running, pool size = 4, active threads = 0, queued tasks = 0, completed tasks = 42]
11-04 17:43:58.857 21734 21755 I Finsky  : [1420] com.google.android.finsky.bn.an.run(6): Stats for Executor: bgExecutor com.google.android.finsky.bn.ao@ada35ed[Running, pool size = 4, active threads = 0, queued tasks = 0, completed tasks = 7]
11-04 17:43:59.297 21734 21755 I Finsky  : [1420] com.google.android.finsky.bn.an.run(6): Stats for Executor: StorageAwareDownloadServiceManagerSpaceChecker com.google.android.finsky.bn.ao@da55c22[Running, pool size = 0, active threads = 0, queued tasks = 0, completed tasks = 0]
11-04 17:43:59.724  2691  2691 E adbd    : failed to connect to socket 'tcp:6666': Connection refused
11-04 17:44:01.582  3877  3877 D QtiCarrierConfigHelper: WARNING, no carrier configs on phone Id: 0
11-04 17:44:01.586 17874 17874 D HxBatteryStatusReceiver: onReceiveandroid.intent.action.BATTERY_CHANGED
11-04 17:44:01.728  2691  2691 E adbd    : failed to connect to socket 'tcp:6666': Connection refused
11-04 17:44:03.371 17874 17992 D ClClient: Not sending keepalive.  Current connection state=STOPPED
11-04 17:44:03.735  2691  2691 E adbd    : failed to connect to socket 'tcp:6666': Connection refused
11-04 17:44:09.756  2691  2691 I chatty  : uid=2000(shell) /sbin/adbd identical 3 lines
11-04 17:44:11.760  2691  2691 E adbd    : failed to connect to socket 'tcp:6666': Connection refused
11-04 17:44:13.371 17874 17992 D ClClient: Not sending keepalive.  Current connection state=STOPPED
11-04 17:44:13.766  2691  2691 E adbd    : failed to connect to socket 'tcp:6666': Connection refused
11-04 17:44:15.771  2691  2691 E adbd    : failed to connect to socket 'tcp:6666': Connection refused
11-04 17:44:17.082  2753  3294 D BatteryService: uevent={POWER_SUPPLY_VOLTAGE_NOW=4092993, POWER_SUPPLY_CHARGE_RATE=Normal, POWER_SUPPLY_HEALTH=Good, POWER_SUPPLY_CURRENT_NOW=-418393, POWER_SUPPLY_PRESENT=1, SUBSYSTEM=power_supply, POWER_SUPPLY_TEMP=280, SEQNUM=8117, ACTION=change, POWER_SUPPLY_NAME=battery, POWER_SUPPLY_STATUS=Charging, POWER_SUPPLY_CHARGE_COUNTER=2689215, POWER_SUPPLY_CAPACITY=70, DEVPATH=/devices/soc/qpnp-smbcharger-17/power_supply/battery}
11-04 17:44:17.091  3877  3877 D QtiCarrierConfigHelper: WARNING, no carrier configs on phone Id: 0
11-04 17:44:17.093 17874 17874 D HxBatteryStatusReceiver: onReceiveandroid.intent.action.BATTERY_CHANGED
11-04 17:44:17.777  2691  2691 E adbd    : failed to connect to socket 'tcp:6666': Connection refused
11-04 17:44:19.783  2691  2691 E adbd    : failed to connect to socket 'tcp:6666': Connection refused
11-04 17:44:21.704 17874 18941 D EventNotificationJob: Running EventNotificationJob, isDetail=true
11-04 17:44:21.707 17874 18941 D EventNotificationJob:   finished processing events.
11-04 17:44:21.791  2691  2691 E adbd    : failed to connect to socket 'tcp:6666': Connection refused
11-04 17:44:23.371 17874 17992 D ClClient: Not sending keepalive.  Current connection state=STOPPED
11-04 17:44:23.796  2691  2691 E adbd    : failed to connect to socket 'tcp:6666': Connection refused
11-04 17:44:25.807  2691  2691 E adbd    : failed to connect to socket 'tcp:6666': Connection refused
11-04 17:44:26.642 27684 27684 I MotoDisplay: Acquiring wakelock MotoDisplayWakeLock for 500
11-04 17:44:26.645 27684 27684 I MotoDisplay: Releasing wakelock: MotoDisplayWakeLock
11-04 17:44:27.814  2691  2691 E adbd    : failed to connect to socket 'tcp:6666': Connection refused
11-04 17:44:28.152  2391  2768 D NetlinkEvent: Unknown ND option type 31
11-04 17:44:29.821  2691  2691 I chatty  : uid=2000(shell) /sbin/adbd identical 1 line
11-04 17:44:31.828  2691  2691 E adbd    : failed to connect to socket 'tcp:6666': Connection refused
11-04 17:44:33.371 17874 17992 D ClClient: Not sending keepalive.  Current connection state=STOPPED
11-04 17:44:33.833  2691  2691 E adbd    : failed to connect to socket 'tcp:6666': Connection refused
11-04 17:44:35.205 16689 16689 V FlowsenseSDK: Wifi detector already running
11-04 17:44:35.209 16689 16689 V FlowsenseSDK: Starting Periodic Location Request
11-04 17:44:35.209 16689 16689 V FlowsenseSDK: BackGroundLocationAlarm, checking Android version before starting
11-04 17:44:35.209 16689 16689 V FlowsenseSDK: Android Version is >= Lollipop
11-04 17:44:35.209 16689 16689 V FlowsenseSDK: Trying to start Periodic Location Request
11-04 17:44:35.235 16689 18977 E FlowsenseSDK: Should call Intent { cmp=ws.hanzo.Vrrh/com.flowsense.flowsensesdk.LocationService.LocationIntent }
11-04 17:44:35.235 16689 18977 V FlowsenseSDK: Service onStartCommand
11-04 17:44:35.236 16689 18977 V FlowsenseSDK: PersonaUUID aeae40698856446495717c71033c8e5c
11-04 17:44:35.236 16689 18977 V FlowsenseSDK: getLocation aeae40698856446495717c71033c8e5c
11-04 17:44:35.236 16689 18977 V FlowsenseSDK: SO >= M
11-04 17:44:35.237 16689 18977 V FlowsenseSDK: Permission False
11-04 17:44:35.237 16689 18977 V FlowsenseSDK: GpsLocation + last_know_gps_location null
11-04 17:44:35.237 16689 18977 V FlowsenseSDK: SO >= M
11-04 17:44:35.238 17737 17737 W main-AppIndexingScheduler: Full index started
11-04 17:44:35.238 16689 18977 V FlowsenseSDK: Permission False
11-04 17:44:35.239 16689 18977 V FlowsenseSDK: NetworkLocation + last_know_gps_location null
11-04 17:44:35.239 16689 18977 V FlowsenseSDK: NetworkLocation + last_know_gps_location time 21:00:00
11-04 17:44:35.239 16689 18977 V FlowsenseSDK: SO >= M
11-04 17:44:35.240 16689 18977 V FlowsenseSDK: SO >= M
11-04 17:44:35.240 16689 18977 V FlowsenseSDK: Localizacao null
11-04 17:44:35.241 16689 18977 V FlowsenseSDK: Não foi encontrada nenhuma localização
11-04 17:44:35.267  4268  7822 W BasePeopleOperation: READ_CONTACTS permission is missing. Skipping loadCp2DataInner()
11-04 17:44:35.659  4268  7822 I chatty  : uid=10031(u0_a31) highpool[1] identical 26 lines
11-04 17:44:35.676  4268  7822 W BasePeopleOperation: READ_CONTACTS permission is missing. Skipping loadCp2DataInner()
11-04 17:44:35.692  2753  2762 I zygote  : Background concurrent copying GC freed 175415(9MB) AllocSpace objects, 113(10MB) LOS objects, 42% free, 25MB/43MB, paused 762us total 341.185ms
11-04 17:44:35.694  4268  7822 W BasePeopleOperation: READ_CONTACTS permission is missing. Skipping loadCp2DataInner()
11-04 17:44:35.808  4268  7822 I chatty  : uid=10031(u0_a31) highpool[1] identical 7 lines
11-04 17:44:35.827  4268  7822 W BasePeopleOperation: READ_CONTACTS permission is missing. Skipping loadCp2DataInner()
11-04 17:44:35.838  2691  2691 E adbd    : failed to connect to socket 'tcp:6666': Connection refused
11-04 17:44:35.846  4268  7822 W BasePeopleOperation: READ_CONTACTS permission is missing. Skipping loadCp2DataInner()
11-04 17:44:37.087  4268  7822 I chatty  : uid=10031(u0_a31) highpool[1] identical 68 lines
11-04 17:44:37.104  4268  7822 W BasePeopleOperation: READ_CONTACTS permission is missing. Skipping loadCp2DataInner()
11-04 17:44:37.136  4268  4280 I zygote  : Background concurrent copying GC freed 30864(2MB) AllocSpace objects, 0(0B) LOS objects, 49% free, 10MB/20MB, paused 423us total 187.905ms
11-04 17:44:37.148  4268  7822 W BasePeopleOperation: READ_CONTACTS permission is missing. Skipping loadCp2DataInner()
11-04 17:44:37.818  4268  7822 I chatty  : uid=10031(u0_a31) highpool[1] identical 39 lines
11-04 17:44:37.835  4268  7822 W BasePeopleOperation: READ_CONTACTS permission is missing. Skipping loadCp2DataInner()
11-04 17:44:37.843  2691  2691 E adbd    : failed to connect to socket 'tcp:6666': Connection refused
11-04 17:44:37.852  4268  7822 W BasePeopleOperation: READ_CONTACTS permission is missing. Skipping loadCp2DataInner()
11-04 17:44:38.719  4268  7822 I chatty  : uid=10031(u0_a31) highpool[1] identical 49 lines
11-04 17:44:38.735  4268  7822 W BasePeopleOperation: READ_CONTACTS permission is missing. Skipping loadCp2DataInner()
11-04 17:44:39.849  2691  2691 E adbd    : failed to connect to socket 'tcp:6666': Connection refused
11-04 17:44:40.514  4268 25554 I Icing   : Indexing com.google.android.apps.docs-internal.3p:DigitalDocument from com.google.android.apps.docs
11-04 17:44:40.985  4268 25554 I Icing   : Indexing done com.google.android.apps.docs-internal.3p:DigitalDocument
11-04 17:44:40.986  4268 25554 I Icing   : Indexing com.google.android.apps.docs-internal.3p:PresentationDigitalDocument from com.google.android.apps.docs
11-04 17:44:41.019  4268 25554 I Icing   : Indexing com.google.android.apps.docs-internal.3p:TextDigitalDocument from com.google.android.apps.docs
11-04 17:44:41.052  4268 25554 I Icing   : Indexing com.google.android.apps.docs-internal.3p:SpreadsheetDigitalDocument from com.google.android.apps.docs
11-04 17:44:41.087  4268 25554 I Icing   : Indexing done com.google.android.apps.docs-internal.3p:PresentationDigitalDocument
11-04 17:44:41.091  4268 25554 I Icing   : Indexing done com.google.android.apps.docs-internal.3p:TextDigitalDocument
11-04 17:44:41.095  4268 25554 I Icing   : Indexing done com.google.android.apps.docs-internal.3p:SpreadsheetDigitalDocument
11-04 17:44:41.854  2691  2691 E adbd    : failed to connect to socket 'tcp:6666': Connection refused
11-04 17:44:43.371 17874 17992 D ClClient: Not sending keepalive.  Current connection state=STOPPED
11-04 17:44:43.858  2691  2691 E adbd    : failed to connect to socket 'tcp:6666': Connection refused
11-04 17:44:49.879  2691  2691 I chatty  : uid=2000(shell) /sbin/adbd identical 3 lines
11-04 17:44:51.884  2691  2691 E adbd    : failed to connect to socket 'tcp:6666': Connection refused
11-04 17:44:53.371 17874 17992 D ClClient: Not sending keepalive.  Current connection state=STOPPED
11-04 17:44:53.888  2691  2691 E adbd    : failed to connect to socket 'tcp:6666': Connection refused
11-04 17:44:55.895  2691  2691 I chatty  : uid=2000(shell) /sbin/adbd identical 1 line
11-04 17:44:57.903  2691  2691 E adbd    : failed to connect to socket 'tcp:6666': Connection refused
11-04 17:44:58.640 21734 21755 I Finsky  : [1420] com.google.android.finsky.bn.an.run(6): Stats for Executor: BlockingExecutor com.google.android.finsky.bn.ao@c884017[Running, pool size = 0, active threads = 0, queued tasks = 0, completed tasks = 7]
11-04 17:44:58.641 21734 21755 I Finsky  : [1420] com.google.android.finsky.bn.an.run(6): Stats for Executor: LightweightExecutor com.google.android.finsky.bn.ao@2547c04[Running, pool size = 4, active threads = 0, queued tasks = 0, completed tasks = 42]
11-04 17:44:58.858 21734 21755 I Finsky  : [1420] com.google.android.finsky.bn.an.run(6): Stats for Executor: bgExecutor com.google.android.finsky.bn.ao@ada35ed[Running, pool size = 4, active threads = 0, queued tasks = 0, completed tasks = 7]
11-04 17:44:59.298 21734 21755 I Finsky  : [1420] com.google.android.finsky.bn.an.run(6): Stats for Executor: StorageAwareDownloadServiceManagerSpaceChecker com.google.android.finsky.bn.ao@da55c22[Running, pool size = 0, active threads = 0, queued tasks = 0, completed tasks = 0]
11-04 17:44:59.908  2691  2691 E adbd    : failed to connect to socket 'tcp:6666': Connection refused
11-04 17:45:00.111 27108 27108 I AlarmClock: Periodic: Executing periodic callback for QUARTER_HOUR because the period ended
11-04 17:45:01.581  3877  3877 D QtiCarrierConfigHelper: WARNING, no carrier configs on phone Id: 0
11-04 17:45:01.584 17874 17874 D HxBatteryStatusReceiver: onReceiveandroid.intent.action.BATTERY_CHANGED
11-04 17:45:01.914  2691  2691 E adbd    : failed to connect to socket 'tcp:6666': Connection refused
11-04 17:45:03.371 17874 17992 D ClClient: Not sending keepalive.  Current connection state=STOPPED
11-04 17:45:03.919  2691  2691 E adbd    : failed to connect to socket 'tcp:6666': Connection refused
11-04 17:45:09.935  2691  2691 I chatty  : uid=2000(shell) /sbin/adbd identical 3 lines
11-04 17:45:11.942  2691  2691 E adbd    : failed to connect to socket 'tcp:6666': Connection refused
11-04 17:45:13.371 17874 17992 D ClClient: Not sending keepalive.  Current connection state=STOPPED
11-04 17:45:13.948  2691  2691 E adbd    : failed to connect to socket 'tcp:6666': Connection refused
11-04 17:45:15.954  2691  2691 E adbd    : failed to connect to socket 'tcp:6666': Connection refused
11-04 17:45:17.242  2753  3294 D BatteryService: uevent={POWER_SUPPLY_VOLTAGE_NOW=4096198, POWER_SUPPLY_CHARGE_RATE=Normal, POWER_SUPPLY_HEALTH=Good, POWER_SUPPLY_CURRENT_NOW=-433957, POWER_SUPPLY_PRESENT=1, SUBSYSTEM=power_supply, POWER_SUPPLY_TEMP=280, SEQNUM=8120, ACTION=change, POWER_SUPPLY_NAME=battery, POWER_SUPPLY_STATUS=Charging, POWER_SUPPLY_CHARGE_COUNTER=2695319, POWER_SUPPLY_CAPACITY=70, DEVPATH=/devices/soc/qpnp-smbcharger-17/power_supply/battery}
11-04 17:45:17.250  3877  3877 D QtiCarrierConfigHelper: WARNING, no carrier configs on phone Id: 0
11-04 17:45:17.255 17874 17874 D HxBatteryStatusReceiver: onReceiveandroid.intent.action.BATTERY_CHANGED
11-04 17:45:17.959  2691  2691 E adbd    : failed to connect to socket 'tcp:6666': Connection refused
11-04 17:45:19.964  2691  2691 I chatty  : uid=2000(shell) /sbin/adbd identical 1 line
11-04 17:45:21.969  2691  2691 E adbd    : failed to connect to socket 'tcp:6666': Connection refused
11-04 17:45:22.621  2391  2768 D NetlinkEvent: Unknown ND option type 31
11-04 17:45:23.371 17874 17992 D ClClient: Not sending keepalive.  Current connection state=STOPPED
11-04 17:45:23.975  2691  2691 E adbd    : failed to connect to socket 'tcp:6666': Connection refused
11-04 17:45:29.992  2691  2691 I chatty  : uid=2000(shell) /sbin/adbd identical 3 lines
11-04 17:45:31.997  2691  2691 E adbd    : failed to connect to socket 'tcp:6666': Connection refused
11-04 17:45:33.371 17874 17992 D ClClient: Not sending keepalive.  Current connection state=STOPPED
11-04 17:45:34.004  2691  2691 E adbd    : failed to connect to socket 'tcp:6666': Connection refused
11-04 17:45:35.324 16689 16689 V FlowsenseSDK: Wifi detector already running
11-04 17:45:35.332 16689 16689 V FlowsenseSDK: Starting Periodic Location Request
11-04 17:45:35.333 16689 16689 V FlowsenseSDK: BackGroundLocationAlarm, checking Android version before starting
11-04 17:45:35.333 16689 16689 V FlowsenseSDK: Android Version is >= Lollipop
11-04 17:45:35.333 16689 16689 V FlowsenseSDK: Trying to start Periodic Location Request
11-04 17:45:35.362 16689 19130 E FlowsenseSDK: Should call Intent { cmp=ws.hanzo.Vrrh/com.flowsense.flowsensesdk.LocationService.LocationIntent }
11-04 17:45:35.362 16689 19130 V FlowsenseSDK: Service onStartCommand
11-04 17:45:35.362 16689 19130 V FlowsenseSDK: PersonaUUID aeae40698856446495717c71033c8e5c
11-04 17:45:35.362 16689 19130 V FlowsenseSDK: getLocation aeae40698856446495717c71033c8e5c
11-04 17:45:35.362 16689 19130 V FlowsenseSDK: SO >= M
11-04 17:45:35.364 16689 19130 V FlowsenseSDK: Permission False
11-04 17:45:35.364 16689 19130 V FlowsenseSDK: GpsLocation + last_know_gps_location null
11-04 17:45:35.364 16689 19130 V FlowsenseSDK: SO >= M
11-04 17:45:35.365 16689 19130 V FlowsenseSDK: Permission False
11-04 17:45:35.366 16689 19130 V FlowsenseSDK: NetworkLocation + last_know_gps_location null
11-04 17:45:35.366 16689 19130 V FlowsenseSDK: NetworkLocation + last_know_gps_location time 21:00:00
11-04 17:45:35.366 16689 19130 V FlowsenseSDK: SO >= M
11-04 17:45:35.367 16689 19130 V FlowsenseSDK: SO >= M
11-04 17:45:35.368 16689 19130 V FlowsenseSDK: Localizacao null
11-04 17:45:35.368 16689 19130 V FlowsenseSDK: Não foi encontrada nenhuma localização
11-04 17:45:35.386 17874 19131 D EventNotificationJob: Running EventNotificationJob, isDetail=true
11-04 17:45:35.388 17874 19131 D EventNotificationJob:   finished processing events.
11-04 17:45:36.009  2691  2691 E adbd    : failed to connect to socket 'tcp:6666': Connection refused
11-04 17:45:38.013  2691  2691 I chatty  : uid=2000(shell) /sbin/adbd identical 1 line
11-04 17:45:40.019  2691  2691 E adbd    : failed to connect to socket 'tcp:6666': Connection refused
11-04 17:45:41.728  3779  3779 W ChimeraUtils: Non Chimera context
11-04 17:45:41.728  3779  3779 W ChimeraUtils: Non Chimera context
11-04 17:45:41.782  3779  9140 E Auth    : [GoogleAccountDataServiceImpl] getToken() -> BAD_AUTHENTICATION. Account: <ELLIDED:738358628>, App: com.google.android.gms, Service: oauth2:https://www.googleapis.com/auth/games
11-04 17:45:41.782  3779  9140 E Auth    : plo: Long live credential not available.
11-04 17:45:41.782  3779  9140 E Auth    : 	at goy.c(:com.google.android.gms@14366017@14.3.66 (040306-213742215):13)
11-04 17:45:41.782  3779  9140 E Auth    : 	at goy.a(:com.google.android.gms@14366017@14.3.66 (040306-213742215):7)
11-04 17:45:41.782  3779  9140 E Auth    : 	at goy.b(Unknown Source:0)
11-04 17:45:41.782  3779  9140 E Auth    : 	at gnj.a(:com.google.android.gms@14366017@14.3.66 (040306-213742215):22)
11-04 17:45:41.782  3779  9140 E Auth    : 	at igo.a(:com.google.android.gms@14366017@14.3.66 (040306-213742215):7)
11-04 17:45:41.782  3779  9140 E Auth    : 	at igo.a(:com.google.android.gms@14366017@14.3.66 (040306-213742215):144)
11-04 17:45:41.782  3779  9140 E Auth    : 	at ifo.a(:com.google.android.gms@14366017@14.3.66 (040306-213742215):2)
11-04 17:45:41.782  3779  9140 E Auth    : 	at ifl.a(:com.google.android.gms@14366017@14.3.66 (040306-213742215):15)
11-04 17:45:41.782  3779  9140 E Auth    : 	at ifl.a(:com.google.android.gms@14366017@14.3.66 (040306-213742215):6)
11-04 17:45:41.782  3779  9140 E Auth    : 	at gjv.a(:com.google.android.gms@14366017@14.3.66 (040306-213742215):21)
11-04 17:45:41.782  3779  9140 E Auth    : 	at gjv.a(:com.google.android.gms@14366017@14.3.66 (040306-213742215):67)
11-04 17:45:41.782  3779  9140 E Auth    : 	at gke.a(:com.google.android.gms@14366017@14.3.66 (040306-213742215):3)
11-04 17:45:41.782  3779  9140 E Auth    : 	at gkd.a(:com.google.android.gms@14366017@14.3.66 (040306-213742215):2)
11-04 17:45:41.782  3779  9140 E Auth    : 	at gkd.c(:com.google.android.gms@14366017@14.3.66 (040306-213742215):6)
11-04 17:45:41.782  3779  9140 E Auth    : 	at gkc.a(:com.google.android.gms@14366017@14.3.66 (040306-213742215):1)
11-04 17:45:41.782  3779  9140 E Auth    : 	at gma.getAuthToken(:com.google.android.gms@14366017@14.3.66 (040306-213742215):9)
11-04 17:45:41.782  3779  9140 E Auth    : 	at android.accounts.AbstractAccountAuthenticator$Transport.getAuthToken(AbstractAccountAuthenticator.java:247)
11-04 17:45:41.782  3779  9140 E Auth    : 	at android.accounts.IAccountAuthenticator$Stub.onTransact(IAccountAuthenticator.java:113)
11-04 17:45:41.782  3779  9140 E Auth    : 	at android.os.Binder.transact(Binder.java:604)
11-04 17:45:41.782  3779  9140 E Auth    : 	at dly.onTransact(:com.google.android.gms@14366017@14.3.66 (040306-213742215):3)
11-04 17:45:41.782  3779  9140 E Auth    : 	at android.os.Binder.execTransact(Binder.java:674)
11-04 17:45:41.783  3779  9140 W Auth    : [GetToken] GetToken failed with status code: BadAuthentication
11-04 17:45:41.816  3779  9140 W Auth    : [GoogleAuthUtil] GoogleAuthUtil
11-04 17:45:41.819  3779  9140 W GLSActivity: 
11-04 17:45:41.819  3779  9140 W GLSActivity: gkq: BadAuthentication
11-04 17:45:41.819  3779  9140 W GLSActivity: 	at gke.a(:com.google.android.gms@14366017@14.3.66 (040306-213742215):12)
11-04 17:45:41.819  3779  9140 W GLSActivity: 	at gkd.a(:com.google.android.gms@14366017@14.3.66 (040306-213742215):2)
11-04 17:45:41.819  3779  9140 W GLSActivity: 	at gkd.c(:com.google.android.gms@14366017@14.3.66 (040306-213742215):6)
11-04 17:45:41.819  3779  9140 W GLSActivity: 	at gkc.a(:com.google.android.gms@14366017@14.3.66 (040306-213742215):1)
11-04 17:45:41.819  3779  9140 W GLSActivity: 	at gma.getAuthToken(:com.google.android.gms@14366017@14.3.66 (040306-213742215):9)
11-04 17:45:41.819  3779  9140 W GLSActivity: 	at android.accounts.AbstractAccountAuthenticator$Transport.getAuthToken(AbstractAccountAuthenticator.java:247)
11-04 17:45:41.819  3779  9140 W GLSActivity: 	at android.accounts.IAccountAuthenticator$Stub.onTransact(IAccountAuthenticator.java:113)
11-04 17:45:41.819  3779  9140 W GLSActivity: 	at android.os.Binder.transact(Binder.java:604)
11-04 17:45:41.819  3779  9140 W GLSActivity: 	at dly.onTransact(:com.google.android.gms@14366017@14.3.66 (040306-213742215):3)
11-04 17:45:41.819  3779  9140 W GLSActivity: 	at android.os.Binder.execTransact(Binder.java:674)
11-04 17:45:41.826  4268 15599 W PlayEventLogger: deferring log upload because couldn't retrieve auth token
11-04 17:45:42.025  2691  2691 E adbd    : failed to connect to socket 'tcp:6666': Connection refused
11-04 17:45:43.371 17874 17992 D ClClient: Not sending keepalive.  Current connection state=STOPPED
